Microchip MPLAB XC8 Compiler V1.44 ()

Linker command line:

-W-3 --edf=C:\Program Files\Microchip\xc8\v1.44\dat\en_msgs.txt -cs \
  -h+dist/default/production\First.X.production.sym \
  --cmf=dist/default/production\First.X.production.cmf -z -Q18F67J60 \
  -oC:\Users\812276~1\AppData\Local\Temp\s1ps.2 \
  -Mdist/default/production/First.X.production.map -E1 -ver=XC8 \
  -ASTACK=05DCh-0e7dh -pstack=STACK -ACODE=00h-01FFF7h -ACONST=00h-01FFF7h \
  -ASMALLCONST=01000h-010FFhx495,01FF00h-01FFF7h \
  -AMEDIUMCONST=01000h-0FFFFh,011000h-01FFF7h -ACOMRAM=01h-05Fh \
  -AABS1=00h-0E7Fh,0F00h-0F5Fh -ABIGRAM=01h-0E7Fh,0F00h-0F5Fh \
  -ARAM=060h-0FFh,0100h-01FFhx13,0E00h-0E7Fh,0F00h-0F5Fh -ABANK0=060h-0FFh \
  -ABANK1=0100h-01FFh -ABANK2=0200h-02FFh -ABANK3=0300h-03FFh \
  -ABANK4=0400h-04FFh -ABANK5=0500h-05FFh -ABANK6=0600h-06FFh \
  -ABANK7=0700h-07FFh -ABANK8=0800h-08FFh -ABANK9=0900h-09FFh \
  -ABANK10=0A00h-0AFFh -ABANK11=0B00h-0BFFh -ABANK12=0C00h-0CFFh \
  -ABANK13=0D00h-0DFFh -ABANK14=0E00h-0E7Fh -ABANK15=0F00h-0F5Fh \
  -ASFR=0E80h-0EFFh,0F60h-0FFFh \
  -preset_vec=00h,intcode=08h,intcodelo,powerup,init -pramtop=01000h \
  -psmallconst=SMALLCONST -pmediumconst=MEDIUMCONST -pconst=CONST \
  -AFARRAM=00h-00h -ACONFIG=01FFF8h-01FFFDh -pconfig=CONFIG \
  -pjflash_buffer=01F800h \
  -prdata=COMRAM,nvrram=COMRAM,nvbit=COMRAM,rbss=COMRAM,rbit=COMRAM \
  -pfarbss=FARRAM,fardata=FARRAM,nvFARRAM=FARRAM \
  -pintsave_regs=BIGRAM,bigbss=BIGRAM,bigdata=BIGRAM -pbss=RAM \
  -pidata=CODE,irdata=CODE,ibigdata=CODE,ifardata=CODE -prparam=COMRAM \
  C:\Users\812276~1\AppData\Local\Temp\s1ps.obj \
  dist/default/production\First.X.production.obj 

Object code version is 3.11

Machine type is 18F67J60

Call graph: (short form)




                Name                               Link     Load   Length Selector   Space Scale
C:\Users\812276~1\AppData\Local\Temp\s1ps.obj
                init                                 B6       B6        4        4       0
                reset_vec                             0        0        4        0       0
                config                            1FFF8    1FFF8        6    1FFF8       0
dist/default/production\First.X.production.obj
                intcode                               8        8       AE        4       0
                temp                                 5A       5A        1        1       1
                mediumconst                        FE7C     FE7C      184     7F3E       0
                text19                            10308    10308        2     8000       0
                text18                            101A8    101A8       2E     8000       0
                text17                            102B0    102B0       10     8000       0
                text16                            10306    10306        2     8000       0
                text15                            10250    10250       24     8000       0
                text14                            10202    10202       28     8000       0
                text12                            1028A    1028A       16     8000       0
                text11                            10274    10274       16     8000       0
                text10                            10302    10302        4     8000       0
                text9                             102F4    102F4        A     8000       0
                text8                             100BE    100BE       42     8000       0
                text7                             102DC    102DC        E     8000       0
                text6                             102CE    102CE        E     8000       0
                text5                             10100    10100       3C     8000       0
                text4                             102C0    102C0        E     8000       0
                text3                             101D6    101D6       2C     8000       0
                text2                             102A0    102A0       10     8000       0
                text1                             1022A    1022A       26     8000       0
                text0                             102EA    102EA        A     8000       0
                cstackCOMRAM                         40       40       12        1       1
                cstackBANK0                          FE       FE        2       60       1
                cstackBANK1                         1B8      1B8        3      100       1
                bssBANK5                            500      500       DC      500       1
                bssBANK4                            400      400       DC      400       1
                bssBANK3                            300      300       E8      300       1
                bssBANK2                            200      200       C8      200       1
                dataBANK1                           17C      17C       36      100       1
                bssBANK1                            100      100       7C      100       1
                dataBANK0                            C8       C8       36       60       1
                bssBANK0                             60       60       68       60       1
                dataCOMRAM                           56       56        4        1       1
                bssCOMRAM                             1        1       3F        1       1
                cinit                             10000    10000       BE     8000       0
                nvBANK1                             1B2      1B2        6      100       1
                nvCOMRAM                             52       52        4        1       1
                idataBANK1                        10172    10172       36     8000       0
                idataBANK0                        1013C    1013C       36     8000       0
                idataCOMRAM                       102FE    102FE        4     8000       0

TOTAL           Name                               Link     Load   Length     Space
        CLASS   STACK          

        CLASS   CODE           
                intcode                               8        8       AE         0
                init                                 B6       B6        4         0
                reset_vec                             0        0        4         0
                text19                            10308    10308        2         0
                text18                            101A8    101A8       2E         0
                text17                            102B0    102B0       10         0
                text16                            10306    10306        2         0
                text15                            10250    10250       24         0
                text14                            10202    10202       28         0
                text12                            1028A    1028A       16         0
                text11                            10274    10274       16         0
                text10                            10302    10302        4         0
                text9                             102F4    102F4        A         0
                text8                             100BE    100BE       42         0
                text7                             102DC    102DC        E         0
                text6                             102CE    102CE        E         0
                text5                             10100    10100       3C         0
                text4                             102C0    102C0        E         0
                text3                             101D6    101D6       2C         0
                text2                             102A0    102A0       10         0
                text1                             1022A    1022A       26         0
                text0                             102EA    102EA        A         0
                cinit                             10000    10000       BE         0
                idataBANK1                        10172    10172       36         0
                idataBANK0                        1013C    1013C       36         0
                idataCOMRAM                       102FE    102FE        4         0

        CLASS   CONST          

        CLASS   SMALLCONST     

        CLASS   MEDIUMCONST    
                mediumconst                        FE7C     FE7C      184         0

        CLASS   COMRAM         
                temp                                 5A       5A        1         1
                cstackCOMRAM                         40       40       12         1
                dataCOMRAM                           56       56        4         1
                bssCOMRAM                             1        1       3F         1
                nvCOMRAM                             52       52        4         1

        CLASS   ABS1           
                abs_s1                              E7E      E7E        2         1

        CLASS   BIGRAM         

        CLASS   RAM            

        CLASS   BANK0          
                cstackBANK0                          FE       FE        2         1
                dataBANK0                            C8       C8       36         1
                bssBANK0                             60       60       68         1

        CLASS   BANK1          
                cstackBANK1                         1B8      1B8        3         1
                dataBANK1                           17C      17C       36         1
                bssBANK1                            100      100       7C         1
                nvBANK1                             1B2      1B2        6         1

        CLASS   BANK2          
                bssBANK2                            200      200       C8         1

        CLASS   BANK3          
                bssBANK3                            300      300       E8         1

        CLASS   BANK4          
                bssBANK4                            400      400       DC         1

        CLASS   BANK5          
                bssBANK5                            500      500       DC         1

        CLASS   BANK6          

        CLASS   BANK7          

        CLASS   BANK8          

        CLASS   BANK9          

        CLASS   BANK10         

        CLASS   BANK11         

        CLASS   BANK12         

        CLASS   BANK13         

        CLASS   BANK14         

        CLASS   BANK15         

        CLASS   SFR            

        CLASS   FARRAM         

        CLASS   CONFIG         
                config                            1FFF8    1FFF8        6         0

        CLASS   IDLOC          



SEGMENTS        Name                           Load    Length   Top    Selector   Space  Class

                reset_vec                      000000  000004  000004         0       0  CODE    
                bssCOMRAM                      000001  00005A  00005B         1       1  COMRAM  
                intcode                        000008  0000B2  0000BA         4       0  CODE    
                bssBANK0                       000060  0000A0  000100        60       1  BANK0   
                bssBANK1                       000100  0000BB  0001BB       100       1  BANK1   
                bssBANK2                       000200  0000C8  0002C8       200       1  BANK2   
                bssBANK3                       000300  0000E8  0003E8       300       1  BANK3   
                bssBANK4                       000400  0000DC  0004DC       400       1  BANK4   
                bssBANK5                       000500  0000DC  0005DC       500       1  BANK5   
                mediumconst                    00FE7C  000184  010000      7F3E       0  MEDIUMCO
                cinit                          010000  00030A  01030A      8000       0  CODE    
                config                         01FFF8  000006  01FFFE     1FFF8       0  CONFIG  


UNUSED ADDRESS RANGES

        Name                Unused          Largest block    Delta
        BANK1            001BB-001FF              45
        BANK10           00A00-00AFF             100
        BANK11           00B00-00BFF             100
        BANK12           00C00-00CFF             100
        BANK13           00D00-00DFF             100
        BANK14           00E00-00E7D              7E
        BANK15           00F00-00F5F              60
        BANK2            002C8-002FF              38
        BANK3            003E8-003FF              18
        BANK4            004DC-004FF              24
        BANK5            005DC-005FF              24
        BANK6            00600-006FF             100
        BANK7            00700-007FF             100
        BANK8            00800-008FF             100
        BANK9            00900-009FF             100
        BIGRAM           0005B-0005F               5
                         001BB-001FF              45
                         002C8-002FF              38
                         003E8-003FF              18
                         004DC-004FF              24
                         005DC-00E7D             8A2
                         00F00-00F5F              60
        CODE             00004-00007               4
                         000BA-0FE7B            FDC2
                         1030A-1FFF7            FCEE
        COMRAM           0005B-0005F               5
        CONST            00004-00007               4
                         000BA-0FE7B            FDC2
                         1030A-1FFF7            FCEE
        MEDIUMCONST      01000-0FE7B            EE7C
                         11000-1FFF7            EFF8
        RAM              001BB-001FF              45
                         002C8-002FF              38
                         003E8-003FF              18
                         004DC-004FF              24
                         005DC-00E7D             100
                         00F00-00F5F              60
        SFR              00E80-00EFF              80
                         00F60-00FFF              A0
        SMALLCONST       01000-0FE7B             100
                         1030A-1FFF7             100
        STACK            005DC-00E7D             8A2

                                  Symbol Table

DHCP_Handler@F840                         dataBANK1     0017C
DHCP_Manage@managementTimer               bssBANK0      00088
HTTP_L_Server@port80TCB                   bssBANK1      00104
HTTP_L_Server@rxdataport80                bssBANK4      00400
HTTP_L_Server@txdataport80                bssBANK5      00500
Network_Manage@nowPv                      bssBANK0      00090
TMR0_SetInterruptHandler@InterruptHandler cstackBANK1   001B8
TMR1_ISR@CountCallBack                    bssCOMRAM     00025
TMR1_SetInterruptHandler@InterruptHandler cstackBANK1   001B8
_ADCON0                                   (abs)         00FC2
_ADCON0bits                               (abs)         00FC2
_ADCON1                                   (abs)         00FC1
_ADCON1bits                               (abs)         00FC1
_ADCON2                                   (abs)         00FC0
_ADC_Initialize                           text12        1028A
_ADRESH                                   (abs)         00FC4
_ADRESL                                   (abs)         00FC3
_CCP1CON                                  (abs)         00FBD
_CCPR1H                                   (abs)         00FBF
_CCPR1L                                   (abs)         00FBE
_Control_Byte                             bssCOMRAM     0002B
_DHCP_Handler                             (abs)         00000
_DNS_Handler                              (abs)         00000
_ECCP1AS                                  (abs)         00FB6
_ECCP1DEL                                 (abs)         00F79
_ECCP1_Initialize                         text11        10274
_ECON1                                    (abs)         00FD2
_ECON1bits                                (abs)         00FD2
_ECON2                                    (abs)         00EFE
_EDMADST                                  (abs)         00EF4
_EDMAND                                   (abs)         00EF2
_EDMAST                                   (abs)         00EF0
_EFLOCON                                  (abs)         00E97
_EIE                                      (abs)         00EFB
_EIEbits                                  (abs)         00EFB
_EIRbits                                  (abs)         00F60
_ERDPT                                    (abs)         00F7A
_ERXFCON                                  (abs)         00ED8
_ERXND                                    (abs)         00EEA
_ERXRDPT                                  (abs)         00EEC
_ERXST                                    (abs)         00EE8
_ESTATbits                                (abs)         00EFD
_ETXND                                    (abs)         00EE6
_ETXST                                    (abs)         00EE4
_EWRPT                                    (abs)         00EE2
_GIE                                      (abs)         07F97
_INTCON                                   (abs)         00FF2
_INTCONbits                               (abs)         00FF2
_INTERRUPT_Initialize                     text10        10302
_INTERRUPT_InterruptManager               intcode       00008
_LATA                                     (abs)         00F89
_LATB                                     (abs)         00F8A
_LATC                                     (abs)         00F8B
_LATD                                     (abs)         00F8C
_LATE                                     (abs)         00F8D
_LATF                                     (abs)         00F8E
_LATG                                     (abs)         00F8F
_MAADR1                                   (abs)         00E84
_MAADR2                                   (abs)         00E85
_MAADR3                                   (abs)         00E82
_MAADR4                                   (abs)         00E83
_MAADR5                                   (abs)         00E80
_MAADR6                                   (abs)         00E81
_MABBIPG                                  (abs)         00EA4
_MACON1                                   (abs)         00EA0
_MACON3                                   (abs)         00EA2
_MACON4                                   (abs)         00EA3
_MAIPG                                    (abs)         00EA6
_MAMXFL                                   (abs)         00EAA
_MICMD                                    (abs)         00EB2
_MICMDbits                                (abs)         00EB2
_MIRD                                     (abs)         00EB8
_MIREGADR                                 (abs)         00EB4
_MISTATbits                               (abs)         00E8A
_MIWR                                     (abs)         00EB6
_NTP_Handler                              (abs)         00000
_OSCCON                                   (abs)         00FD3
_OSCILLATOR_Initialize                    text9         102F4
_OSCTUNE                                  (abs)         00F9B
_PIE1bits                                 (abs)         00F9D
_PIN_MANAGER_Initialize                   text8         100BE
_PIR1bits                                 (abs)         00F9E
_PIR2bits                                 (abs)         00FA1
_PR2                                      (abs)         00FCB
_RCONbits                                 (abs)         00FD0
_RXRST                                    (abs)         07E96
_SPI1_Initialize                          text7         102DC
_SSP1ADD                                  (abs)         00FC8
_SSP1BUF                                  (abs)         00FC9
_SSP1CON1                                 (abs)         00FC6
_SSP1CON1bits                             (abs)         00FC6
_SSP1STAT                                 (abs)         00FC7
_SSP1STATbits                             (abs)         00FC7
_SYSTEM_Initialize                        text1         1022A
_T0CON                                    (abs)         00FD5
_T0CONbits                                (abs)         00FD5
_T1CON                                    (abs)         00FCD
_T1CONbits                                (abs)         00FCD
_T2CON                                    (abs)         00FCA
_T2CONbits                                (abs)         00FCA
_TFTP_Handler                             (abs)         00000
_TFTP_callBackTable                       mediumconst   0FE7D
_TMR0H                                    (abs)         00FD7
_TMR0L                                    (abs)         00FD6
_TMR0_DefaultInterruptHandler             text19        10308
_TMR0_ISR                                 text18        101A8
_TMR0_Initialize                          text5         10100
_TMR0_InterruptHandler                    nvBANK1       001B2
_TMR0_SetInterruptHandler                 text6         102CE
_TMR1                                     (abs)         00FCE
_TMR1H                                    (abs)         00FCF
_TMR1L                                    (abs)         00FCE
_TMR1_CallBack                            text15        10250
_TMR1_DefaultInterruptHandler             text16        10306
_TMR1_ISR                                 text14        10202
_TMR1_Initialize                          text3         101D6
_TMR1_InterruptHandler                    nvBANK1       001B5
_TMR1_SetInterruptHandler                 text4         102C0
_TMR2                                     (abs)         00FCC
_TMR2_Initialize                          text2         102A0
_TRISA                                    (abs)         00F92
_TRISB                                    (abs)         00F93
_TRISC                                    (abs)         00F94
_TRISD                                    (abs)         00F95
_TRISE                                    (abs)         00F96
_TRISF                                    (abs)         00F97
_TRISG                                    (abs)         00F98
_UDP_CallBackTable                        mediumconst   0FED9
__CFG_CP0$OFF                             (abs)         00000
__CFG_DEBUG$ON                            (abs)         00000
__CFG_ETHLED$ON                           (abs)         00000
__CFG_FCMEN$ON                            (abs)         00000
__CFG_FOSC$HSPLL                          (abs)         00000
__CFG_FOSC2$ON                            (abs)         00000
__CFG_IESO$ON                             (abs)         00000
__CFG_STVR$ON                             (abs)         00000
__CFG_WDT$OFF                             (abs)         00000
__CFG_WDTPS$32768                         (abs)         00000
__CFG_XINST$OFF                           (abs)         00000
__HRAM                                    (abs)         00000
__Habs1                                   abs1          00000
__Hbank0                                  bank0         00000
__Hbank1                                  bank1         00000
__Hbank10                                 bank10        00000
__Hbank11                                 bank11        00000
__Hbank12                                 bank12        00000
__Hbank13                                 bank13        00000
__Hbank14                                 bank14        00000
__Hbank15                                 bank15        00000
__Hbank2                                  bank2         00000
__Hbank3                                  bank3         00000
__Hbank4                                  bank4         00000
__Hbank5                                  bank5         00000
__Hbank6                                  bank6         00000
__Hbank7                                  bank7         00000
__Hbank8                                  bank8         00000
__Hbank9                                  bank9         00000
__Hbigbss                                 bigbss        00000
__Hbigdata                                bigdata       00000
__Hbigram                                 bigram        00000
__Hbss                                    bss           00000
__HbssBANK0                               bssBANK0      00000
__HbssBANK1                               bssBANK1      00000
__HbssBANK2                               bssBANK2      00000
__HbssBANK3                               bssBANK3      00000
__HbssBANK4                               bssBANK4      00000
__HbssBANK5                               bssBANK5      00000
__HbssCOMRAM                              bssCOMRAM     00000
__Hcinit                                  cinit         00000
__Hclrtext                                clrtext       00000
__Hcomram                                 comram        00000
__Hconfig                                 config        1FFFE
__Hconst                                  const         00000
__HcstackBANK0                            cstackBANK0   00000
__HcstackBANK1                            cstackBANK1   00000
__HcstackCOMRAM                           cstackCOMRAM  00000
__Hdata                                   data          00000
__HdataBANK0                              dataBANK0     00000
__HdataBANK1                              dataBANK1     00000
__HdataCOMRAM                             dataCOMRAM    00000
__Hfarbss                                 farbss        00000
__Hfardata                                fardata       00000
__Hibigdata                               ibigdata      00000
__Hidata                                  idata         00000
__HidataBANK0                             idataBANK0    00000
__HidataBANK1                             idataBANK1    00000
__HidataCOMRAM                            idataCOMRAM   00000
__Hidloc                                  idloc         00000
__Hifardata                               ifardata      00000
__Hinit                                   init          000BA
__Hintcode                                intcode       000B6
__Hintcode_body                           intcode_body  00000
__Hintcodelo                              intcodelo     000B6
__Hintentry                               intentry      00000
__Hintret                                 intret        00000
__Hintsave_regs                           intsave_regs  00000
__Hirdata                                 irdata        00000
__Hjflash_buffer                          jflash_buffer 1F800
__Hmediumconst                            mediumconst   10000
__HnvBANK1                                nvBANK1       00000
__HnvCOMRAM                               nvCOMRAM      00000
__HnvFARRAM                               nvFARRAM      00000
__Hnvbit                                  nvbit         00000
__Hnvrram                                 nvrram        00000
__Hparam                                  rparam        00000
__Hpowerup                                powerup       000B6
__Hram                                    ram           00000
__Hramtop                                 ramtop        01000
__Hrbit                                   rbit          00000
__Hrbss                                   rbss          00000
__Hrdata                                  rdata         00000
__Hreset_vec                              reset_vec     00004
__Hrparam                                 rparam        00000
__Hsfr                                    sfr           00000
__Hsmallconst                             smallconst    00000
__Hspace_0                                (abs)         1FFFE
__Hspace_1                                (abs)         005DC
__Hspace_2                                (abs)         00000
__Hstack                                  stack         00000
__Hstruct                                 struct        00000
__Htemp                                   temp          0005B
__Htext                                   text          00000
__Htext0                                  text0         00000
__Htext1                                  text1         00000
__Htext10                                 text10        00000
__Htext11                                 text11        00000
__Htext12                                 text12        00000
__Htext14                                 text14        00000
__Htext15                                 text15        00000
__Htext16                                 text16        00000
__Htext17                                 text17        00000
__Htext18                                 text18        00000
__Htext19                                 text19        00000
__Htext2                                  text2         00000
__Htext20                                 text20        00000
__Htext3                                  text3         00000
__Htext4                                  text4         00000
__Htext5                                  text5         00000
__Htext6                                  text6         00000
__Htext7                                  text7         00000
__Htext8                                  text8         00000
__Htext9                                  text9         00000
__LRAM                                    (abs)         00001
__Labs1                                   abs1          00000
__Lbank0                                  bank0         00000
__Lbank1                                  bank1         00000
__Lbank10                                 bank10        00000
__Lbank11                                 bank11        00000
__Lbank12                                 bank12        00000
__Lbank13                                 bank13        00000
__Lbank14                                 bank14        00000
__Lbank15                                 bank15        00000
__Lbank2                                  bank2         00000
__Lbank3                                  bank3         00000
__Lbank4                                  bank4         00000
__Lbank5                                  bank5         00000
__Lbank6                                  bank6         00000
__Lbank7                                  bank7         00000
__Lbank8                                  bank8         00000
__Lbank9                                  bank9         00000
__Lbigbss                                 bigbss        00000
__Lbigdata                                bigdata       00000
__Lbigram                                 bigram        00000
__Lbss                                    bss           00000
__LbssBANK0                               bssBANK0      00000
__LbssBANK1                               bssBANK1      00000
__LbssBANK2                               bssBANK2      00000
__LbssBANK3                               bssBANK3      00000
__LbssBANK4                               bssBANK4      00000
__LbssBANK5                               bssBANK5      00000
__LbssCOMRAM                              bssCOMRAM     00000
__Lcinit                                  cinit         00000
__Lclrtext                                clrtext       00000
__Lcomram                                 comram        00000
__Lconfig                                 config        1FFF8
__Lconst                                  const         00000
__LcstackBANK0                            cstackBANK0   00000
__LcstackBANK1                            cstackBANK1   00000
__LcstackCOMRAM                           cstackCOMRAM  00000
__Ldata                                   data          00000
__LdataBANK0                              dataBANK0     00000
__LdataBANK1                              dataBANK1     00000
__LdataCOMRAM                             dataCOMRAM    00000
__Lfarbss                                 farbss        00000
__Lfardata                                fardata       00000
__Libigdata                               ibigdata      00000
__Lidata                                  idata         00000
__LidataBANK0                             idataBANK0    00000
__LidataBANK1                             idataBANK1    00000
__LidataCOMRAM                            idataCOMRAM   00000
__Lidloc                                  idloc         00000
__Lifardata                               ifardata      00000
__Linit                                   init          000B6
__Lintcode                                intcode       00008
__Lintcode_body                           intcode_body  00000
__Lintcodelo                              intcodelo     000B6
__Lintentry                               intentry      00000
__Lintret                                 intret        00000
__Lintsave_regs                           intsave_regs  00000
__Lirdata                                 irdata        00000
__Ljflash_buffer                          jflash_buffer 1F800
__Lmediumconst                            mediumconst   0FE7C
__LnvBANK1                                nvBANK1       00000
__LnvCOMRAM                               nvCOMRAM      00000
__LnvFARRAM                               nvFARRAM      00000
__Lnvbit                                  nvbit         00000
__Lnvrram                                 nvrram        00000
__Lparam                                  rparam        00000
__Lpowerup                                powerup       000B6
__Lram                                    ram           00000
__Lramtop                                 ramtop        01000
__Lrbit                                   rbit          00000
__Lrbss                                   rbss          00000
__Lrdata                                  rdata         00000
__Lreset_vec                              reset_vec     00000
__Lrparam                                 rparam        00000
__Lsfr                                    sfr           00000
__Lsmallconst                             smallconst    00000
__Lspace_0                                (abs)         00000
__Lspace_1                                (abs)         00000
__Lspace_2                                (abs)         00000
__Lstack                                  stack         00000
__Lstruct                                 struct        00000
__Ltemp                                   temp          0005A
__Ltext                                   text          00000
__Ltext0                                  text0         00000
__Ltext1                                  text1         00000
__Ltext10                                 text10        00000
__Ltext11                                 text11        00000
__Ltext12                                 text12        00000
__Ltext14                                 text14        00000
__Ltext15                                 text15        00000
__Ltext16                                 text16        00000
__Ltext17                                 text17        00000
__Ltext18                                 text18        00000
__Ltext19                                 text19        00000
__Ltext2                                  text2         00000
__Ltext20                                 text20        00000
__Ltext3                                  text3         00000
__Ltext4                                  text4         00000
__Ltext5                                  text5         00000
__Ltext6                                  text6         00000
__Ltext7                                  text7         00000
__Ltext8                                  text8         00000
__Ltext9                                  text9         00000
__S0                                      (abs)         1FFFE
__S1                                      (abs)         005DC
__S2                                      (abs)         00000
___extmem_base                            (abs)         20000
___inthi_sp                               stack         00000
___intlo_sp                               stack         00000
___param_bank                             (abs)         00000
___rparam_used                            (abs)         00001
___sp                                     stack         00000
__accesstop                               (abs)         00060
__activetblptr                            (abs)         00003
__end_of_ADC_Initialize                   text12        102A0
__end_of_ECCP1_Initialize                 text11        1028A
__end_of_INTERRUPT_Initialize             text10        10306
__end_of_INTERRUPT_InterruptManager       intcode       000B6
__end_of_OSCILLATOR_Initialize            text9         102FE
__end_of_PIN_MANAGER_Initialize           text8         10100
__end_of_SPI1_Initialize                  text7         102EA
__end_of_SYSTEM_Initialize                text1         10250
__end_of_TFTP_callBackTable               mediumconst   0FE7D
__end_of_TMR0_DefaultInterruptHandler     text19        1030A
__end_of_TMR0_ISR                         text18        101D6
__end_of_TMR0_Initialize                  text5         1013C
__end_of_TMR0_SetInterruptHandler         text6         102DC
__end_of_TMR1_CallBack                    text15        10274
__end_of_TMR1_DefaultInterruptHandler     text16        10308
__end_of_TMR1_ISR                         text14        1022A
__end_of_TMR1_Initialize                  text3         10202
__end_of_TMR1_SetInterruptHandler         text4         102CE
__end_of_TMR2_Initialize                  text2         102B0
__end_of_UDP_CallBackTable                mediumconst   0FEED
__end_of__initialization                  cinit         100B4
__end_of_broadcastMAC                     mediumconst   0FF0E
__end_of_dhcpName                         mediumconst   0FEFA
__end_of_dnsXidValue                      mediumconst   0FED9
__end_of_dpowers                          mediumconst   0FEA5
__end_of_hexpowers                        mediumconst   0FEC5
__end_of_macAddress                       mediumconst   0FF08
__end_of_main                             text0         102F4
__end_of_rtcc_handler                     text17        102C0
__end_of_tftp_option                      mediumconst   0FF02
__end_of_xorSequences                     mediumconst   0FED7
__initialization                          cinit         10000
__mediumconst                             mediumconst   0FE7C
__pbssBANK0                               bssBANK0      00060
__pbssBANK1                               bssBANK1      00100
__pbssBANK2                               bssBANK2      00200
__pbssBANK3                               bssBANK3      00300
__pbssBANK4                               bssBANK4      00400
__pbssBANK5                               bssBANK5      00500
__pbssCOMRAM                              bssCOMRAM     00001
__pcinit                                  cinit         10000
__pcstackBANK0                            cstackBANK0   000FE
__pcstackBANK1                            cstackBANK1   001B8
__pcstackCOMRAM                           cstackCOMRAM  00040
__pdataBANK0                              dataBANK0     000C8
__pdataBANK1                              dataBANK1     0017C
__pdataCOMRAM                             dataCOMRAM    00056
__pidataBANK0                             idataBANK0    1013C
__pidataBANK1                             idataBANK1    10172
__pidataCOMRAM                            idataCOMRAM   102FE
__pintcode                                intcode       00008
__pmediumconst                            mediumconst   0FE7C
__pnvBANK1                                nvBANK1       001B2
__pnvCOMRAM                               nvCOMRAM      00052
__ptext0                                  text0         102EA
__ptext1                                  text1         1022A
__ptext10                                 text10        10302
__ptext11                                 text11        10274
__ptext12                                 text12        1028A
__ptext14                                 text14        10202
__ptext15                                 text15        10250
__ptext16                                 text16        10306
__ptext17                                 text17        102B0
__ptext18                                 text18        101A8
__ptext19                                 text19        10308
__ptext2                                  text2         102A0
__ptext20                                 text20        00000
__ptext3                                  text3         101D6
__ptext4                                  text4         102C0
__ptext5                                  text5         10100
__ptext6                                  text6         102CE
__ptext7                                  text7         102DC
__ptext8                                  text8         100BE
__ptext9                                  text9         102F4
__ramtop                                  ramtop        01000
__size_of_ADC_Initialize                  (abs)         00000
__size_of_ECCP1_Initialize                (abs)         00000
__size_of_INTERRUPT_Initialize            (abs)         00000
__size_of_INTERRUPT_InterruptManager      (abs)         00000
__size_of_OSCILLATOR_Initialize           (abs)         00000
__size_of_PIN_MANAGER_Initialize          (abs)         00000
__size_of_SPI1_Initialize                 (abs)         00000
__size_of_SYSTEM_Initialize               (abs)         00000
__size_of_TMR0_DefaultInterruptHandler    (abs)         00000
__size_of_TMR0_ISR                        (abs)         00000
__size_of_TMR0_Initialize                 (abs)         00000
__size_of_TMR0_SetInterruptHandler        (abs)         00000
__size_of_TMR1_CallBack                   (abs)         00000
__size_of_TMR1_DefaultInterruptHandler    (abs)         00000
__size_of_TMR1_ISR                        (abs)         00000
__size_of_TMR1_Initialize                 (abs)         00000
__size_of_TMR1_SetInterruptHandler        (abs)         00000
__size_of_TMR2_Initialize                 (abs)         00000
__size_of_main                            (abs)         00000
__size_of_rtcc_handler                    (abs)         00000
__smallconst                              smallconst    00000
_arpMap                                   bssBANK3      00380
_arpTimer                                 bssBANK0      000C4
_broadcastMAC                             mediumconst   0FF08
_checksum_eeprm                           bssBANK0      0009E
_currentTCB                               bssCOMRAM     00017
_current_block                            bssCOMRAM     00011
_destPort                                 bssBANK0      000A4
_device_time                              bssBANK0      0008C
_dhcpData                                 dataBANK0     000C8
_dhcpName                                 mediumconst   0FEED
_dhcpState                                bssCOMRAM     0001B
_dnsCache                                 bssBANK3      00300
_dnsXidValue                              mediumconst   0FED7
_dpowers                                  mediumconst   0FE7D
_errataTemp                               (abs)         00E7E
_ethData                                  bssCOMRAM     00001
_ethListSize                              bssCOMRAM     0002A
_flash_checksum_current                   bssBANK0      0009C
_flash_checksum_new                       bssBANK0      0009A
_hexpowers                                mediumconst   0FEA5
_hostMacAddress                           bssBANK1      00176
_ip_database_info                         bssBANK0      00060
_ipv4Header                               bssBANK0      000A8
_ipv4StartPosition                        bssCOMRAM     0001D
_last_block                               bssCOMRAM     00027
_lfsr_value                               dataCOMRAM    00058
_macAddress                               mediumconst   0FF02
_main                                     text0         102EA
_nextAvailablePort                        bssCOMRAM     00015
_nextPacketPointer                        bssCOMRAM     0001F
_nextSequenceNumber                       bssBANK0      00084
_next_block                               bssBANK0      000A0
_ntp                                      dataBANK0     000FC
_pHead                                    bssCOMRAM     00023
_pTail                                    bssCOMRAM     00021
_portUnreachable                          bssBANK0      000A6
_prev_block                               bssCOMRAM     0000F
_putch                                    (abs)         00000
_rcvPayloadLen                            bssCOMRAM     00013
_receivedRemoteAddress                    bssCOMRAM     00007
_remoteIpv4Address                        bssBANK0      00094
_rtcc_handler                             text17        102B0
_rxPacketStatusVector                     bssCOMRAM     0000B
_sequenceIndex                            bssCOMRAM     00029
_store_type                               bssBANK0      000A2
_tcbList                                  bssCOMRAM     00019
_tcbListSize                              bssCOMRAM     00028
_tcpHeader                                bssCOMRAM     0002C
_tcpMss                                   dataCOMRAM    00056
_tftp_last_address                        dataBANK0     000F8
_tftp_modes                               dataBANK1     001AC
_tftp_msg                                 bssBANK1      0013E
_tftp_option                              mediumconst   0FEFA
_timer0ReloadVal                          nvCOMRAM      00052
_timer1ReloadVal                          nvCOMRAM      00054
_txData                                   bssBANK2      00200
_udpHeader                                bssBANK0      000BC
_xorSequences                             mediumconst   0FEC5
_xor_mask                                 dataCOMRAM    00059
btemp                                     temp          0005A
end_of_initialization                     cinit         100B4
int$flags                                 temp          0005A
intlevel0                                 text          00000
intlevel1                                 text          00000
intlevel2                                 text          00000
intlevel3                                 text          00000
makeIpv4AddresstoStr@ip_str               bssBANK1      00167
stackhi                                   (abs)         00E7D
stacklo                                   (abs)         005DC
start                                     init          000B6
start_initialization                      cinit         10000
strtok@sp                                 bssBANK0      00098
wtemp6                                    temp          0005B


FUNCTION INFORMATION:

 *************** function _main *****************
 Defined at:
		line 7 in file "main.c"
 Parameters:    Size  Location     Type
		None
 Auto vars:     Size  Location     Type
		None
 Return value:  Size  Location     Type
                  1    wreg      void 
 Registers used:
		wreg, status,2, status,0, cstack
 Tracked objects:
		On entry : 
		On exit  : 
		Unchanged: 
 Data sizes:     COMRAM   BANK0   BANK1   BANK2   BANK3   BANK4   BANK5   BANK6   BANK7   BANK8   BANK9  BANK10  BANK11  BANK12  BANK13  BANK14  BANK15
      Params:         0       0       0       0       0       0       0       0       0       0       0       0       0       0       0       0       0
      Locals:         0       0       0       0       0       0       0       0       0       0       0       0       0       0       0       0       0
      Temps:          0       0       0       0       0       0       0       0       0       0       0       0       0       0       0       0       0
      Totals:         0       0       0       0       0       0       0       0       0       0       0       0       0       0       0       0       0
Total ram usage:        0 bytes
 Hardware stack levels required when called:    7
 This function calls:
		_SYSTEM_Initialize
 This function is called by:
		Startup code after reset
 This function uses a non-reentrant model


 *************** function _SYSTEM_Initialize *****************
 Defined at:
		line 28 in file "mcc_generated_files/mcc.c"
 Parameters:    Size  Location     Type
		None
 Auto vars:     Size  Location     Type
		None
 Return value:  Size  Location     Type
                  1    wreg      void 
 Registers used:
		wreg, status,2, status,0, cstack
 Tracked objects:
		On entry : 
		On exit  : 
		Unchanged: 
 Data sizes:     COMRAM   BANK0   BANK1   BANK2   BANK3   BANK4   BANK5   BANK6   BANK7   BANK8   BANK9  BANK10  BANK11  BANK12  BANK13  BANK14  BANK15
      Params:         0       0       0       0       0       0       0       0       0       0       0       0       0       0       0       0       0
      Locals:         0       0       0       0       0       0       0       0       0       0       0       0       0       0       0       0       0
      Temps:          0       0       0       0       0       0       0       0       0       0       0       0       0       0       0       0       0
      Totals:         0       0       0       0       0       0       0       0       0       0       0       0       0       0       0       0       0
Total ram usage:        0 bytes
 Hardware stack levels used:    1
 Hardware stack levels required when called:    6
 This function calls:
		_ADC_Initialize
		_ECCP1_Initialize
		_INTERRUPT_Initialize
		_OSCILLATOR_Initialize
		_PIN_MANAGER_Initialize
		_SPI1_Initialize
		_TMR0_Initialize
		_TMR1_Initialize
		_TMR2_Initialize
 This function is called by:
		_main
 This function uses a non-reentrant model


 *************** function _TMR2_Initialize *****************
 Defined at:
		line 61 in file "mcc_generated_files/tmr2.c"
 Parameters:    Size  Location     Type
		None
 Auto vars:     Size  Location     Type
		None
 Return value:  Size  Location     Type
                  1    wreg      void 
 Registers used:
		wreg, status,2
 Tracked objects:
		On entry : 
		On exit  : 
		Unchanged: 
 Data sizes:     COMRAM   BANK0   BANK1   BANK2   BANK3   BANK4   BANK5   BANK6   BANK7   BANK8   BANK9  BANK10  BANK11  BANK12  BANK13  BANK14  BANK15
      Params:         0       0       0       0       0       0       0       0       0       0       0       0       0       0       0       0       0
      Locals:         0       0       0       0       0       0       0       0       0       0       0       0       0       0       0       0       0
      Temps:          0       0       0       0       0       0       0       0       0       0       0       0       0       0       0       0       0
      Totals:         0       0       0       0       0       0       0       0       0       0       0       0       0       0       0       0       0
Total ram usage:        0 bytes
 Hardware stack levels used:    1
 Hardware stack levels required when called:    4
 This function calls:
		Nothing
 This function is called by:
		_SYSTEM_Initialize
 This function uses a non-reentrant model


 *************** function _TMR1_Initialize *****************
 Defined at:
		line 63 in file "mcc_generated_files/tmr1.c"
 Parameters:    Size  Location     Type
		None
 Auto vars:     Size  Location     Type
		None
 Return value:  Size  Location     Type
                  1    wreg      void 
 Registers used:
		wreg, status,2, status,0, cstack
 Tracked objects:
		On entry : 
		On exit  : 
		Unchanged: 
 Data sizes:     COMRAM   BANK0   BANK1   BANK2   BANK3   BANK4   BANK5   BANK6   BANK7   BANK8   BANK9  BANK10  BANK11  BANK12  BANK13  BANK14  BANK15
      Params:         0       0       0       0       0       0       0       0       0       0       0       0       0       0       0       0       0
      Locals:         0       0       0       0       0       0       0       0       0       0       0       0       0       0       0       0       0
      Temps:          0       0       0       0       0       0       0       0       0       0       0       0       0       0       0       0       0
      Totals:         0       0       0       0       0       0       0       0       0       0       0       0       0       0       0       0       0
Total ram usage:        0 bytes
 Hardware stack levels used:    1
 Hardware stack levels required when called:    5
 This function calls:
		_TMR1_SetInterruptHandler
 This function is called by:
		_SYSTEM_Initialize
 This function uses a non-reentrant model


 *************** function _TMR1_SetInterruptHandler *****************
 Defined at:
		line 176 in file "mcc_generated_files/tmr1.c"
 Parameters:    Size  Location     Type
  InterruptHan    3    0[BANK1 ] PTR FTN()void 
		 -> rtcc_handler(1), TMR1_DefaultInterruptHandler(1), 
 Auto vars:     Size  Location     Type
		None
 Return value:  Size  Location     Type
                  1    wreg      void 
 Registers used:
		wreg, status,2, status,0
 Tracked objects:
		On entry : 
		On exit  : 
		Unchanged: 
 Data sizes:     COMRAM   BANK0   BANK1   BANK2   BANK3   BANK4   BANK5   BANK6   BANK7   BANK8   BANK9  BANK10  BANK11  BANK12  BANK13  BANK14  BANK15
      Params:         0       0       3       0       0       0       0       0       0       0       0       0       0       0       0       0       0
      Locals:         0       0       0       0       0       0       0       0       0       0       0       0       0       0       0       0       0
      Temps:          0       0       0       0       0       0       0       0       0       0       0       0       0       0       0       0       0
      Totals:         0       0       3       0       0       0       0       0       0       0       0       0       0       0       0       0       0
Total ram usage:        3 bytes
 Hardware stack levels used:    1
 Hardware stack levels required when called:    4
 This function calls:
		Nothing
 This function is called by:
		_TMR1_Initialize
		_rtcc_init
 This function uses a non-reentrant model


 *************** function _TMR0_Initialize *****************
 Defined at:
		line 66 in file "mcc_generated_files/tmr0.c"
 Parameters:    Size  Location     Type
		None
 Auto vars:     Size  Location     Type
		None
 Return value:  Size  Location     Type
                  1    wreg      void 
 Registers used:
		wreg, status,2, status,0, cstack
 Tracked objects:
		On entry : 
		On exit  : 
		Unchanged: 
 Data sizes:     COMRAM   BANK0   BANK1   BANK2   BANK3   BANK4   BANK5   BANK6   BANK7   BANK8   BANK9  BANK10  BANK11  BANK12  BANK13  BANK14  BANK15
      Params:         0       0       0       0       0       0       0       0       0       0       0       0       0       0       0       0       0
      Locals:         0       0       0       0       0       0       0       0       0       0       0       0       0       0       0       0       0
      Temps:          0       2       0       0       0       0       0       0       0       0       0       0       0       0       0       0       0
      Totals:         0       2       0       0       0       0       0       0       0       0       0       0       0       0       0       0       0
Total ram usage:        2 bytes
 Hardware stack levels used:    1
 Hardware stack levels required when called:    5
 This function calls:
		_TMR0_SetInterruptHandler
 This function is called by:
		_SYSTEM_Initialize
 This function uses a non-reentrant model


 *************** function _TMR0_SetInterruptHandler *****************
 Defined at:
		line 152 in file "mcc_generated_files/tmr0.c"
 Parameters:    Size  Location     Type
  InterruptHan    3    0[BANK1 ] PTR FTN()void 
		 -> TMR0_DefaultInterruptHandler(1), 
 Auto vars:     Size  Location     Type
		None
 Return value:  Size  Location     Type
                  1    wreg      void 
 Registers used:
		wreg, status,2, status,0
 Tracked objects:
		On entry : 
		On exit  : 
		Unchanged: 
 Data sizes:     COMRAM   BANK0   BANK1   BANK2   BANK3   BANK4   BANK5   BANK6   BANK7   BANK8   BANK9  BANK10  BANK11  BANK12  BANK13  BANK14  BANK15
      Params:         0       0       3       0       0       0       0       0       0       0       0       0       0       0       0       0       0
      Locals:         0       0       0       0       0       0       0       0       0       0       0       0       0       0       0       0       0
      Temps:          0       0       0       0       0       0       0       0       0       0       0       0       0       0       0       0       0
      Totals:         0       0       3       0       0       0       0       0       0       0       0       0       0       0       0       0       0
Total ram usage:        3 bytes
 Hardware stack levels used:    1
 Hardware stack levels required when called:    4
 This function calls:
		Nothing
 This function is called by:
		_TMR0_Initialize
 This function uses a non-reentrant model


 *************** function _SPI1_Initialize *****************
 Defined at:
		line 63 in file "mcc_generated_files/spi1.c"
 Parameters:    Size  Location     Type
		None
 Auto vars:     Size  Location     Type
		None
 Return value:  Size  Location     Type
                  1    wreg      void 
 Registers used:
		wreg, status,2
 Tracked objects:
		On entry : 
		On exit  : 
		Unchanged: 
 Data sizes:     COMRAM   BANK0   BANK1   BANK2   BANK3   BANK4   BANK5   BANK6   BANK7   BANK8   BANK9  BANK10  BANK11  BANK12  BANK13  BANK14  BANK15
      Params:         0       0       0       0       0       0       0       0       0       0       0       0       0       0       0       0       0
      Locals:         0       0       0       0       0       0       0       0       0       0       0       0       0       0       0       0       0
      Temps:          0       0       0       0       0       0       0       0       0       0       0       0       0       0       0       0       0
      Totals:         0       0       0       0       0       0       0       0       0       0       0       0       0       0       0       0       0
Total ram usage:        0 bytes
 Hardware stack levels used:    1
 Hardware stack levels required when called:    4
 This function calls:
		Nothing
 This function is called by:
		_SYSTEM_Initialize
 This function uses a non-reentrant model


 *************** function _PIN_MANAGER_Initialize *****************
 Defined at:
		line 51 in file "mcc_generated_files/pin_manager.c"
 Parameters:    Size  Location     Type
		None
 Auto vars:     Size  Location     Type
		None
 Return value:  Size  Location     Type
                  1    wreg      void 
 Registers used:
		wreg, status,2
 Tracked objects:
		On entry : 
		On exit  : 
		Unchanged: 
 Data sizes:     COMRAM   BANK0   BANK1   BANK2   BANK3   BANK4   BANK5   BANK6   BANK7   BANK8   BANK9  BANK10  BANK11  BANK12  BANK13  BANK14  BANK15
      Params:         0       0       0       0       0       0       0       0       0       0       0       0       0       0       0       0       0
      Locals:         0       0       0       0       0       0       0       0       0       0       0       0       0       0       0       0       0
      Temps:          0       0       0       0       0       0       0       0       0       0       0       0       0       0       0       0       0
      Totals:         0       0       0       0       0       0       0       0       0       0       0       0       0       0       0       0       0
Total ram usage:        0 bytes
 Hardware stack levels used:    1
 Hardware stack levels required when called:    4
 This function calls:
		Nothing
 This function is called by:
		_SYSTEM_Initialize
 This function uses a non-reentrant model


 *************** function _OSCILLATOR_Initialize *****************
 Defined at:
		line 42 in file "mcc_generated_files/mcc.c"
 Parameters:    Size  Location     Type
		None
 Auto vars:     Size  Location     Type
		None
 Return value:  Size  Location     Type
                  1    wreg      void 
 Registers used:
		wreg, status,2
 Tracked objects:
		On entry : 
		On exit  : 
		Unchanged: 
 Data sizes:     COMRAM   BANK0   BANK1   BANK2   BANK3   BANK4   BANK5   BANK6   BANK7   BANK8   BANK9  BANK10  BANK11  BANK12  BANK13  BANK14  BANK15
      Params:         0       0       0       0       0       0       0       0       0       0       0       0       0       0       0       0       0
      Locals:         0       0       0       0       0       0       0       0       0       0       0       0       0       0       0       0       0
      Temps:          0       0       0       0       0       0       0       0       0       0       0       0       0       0       0       0       0
      Totals:         0       0       0       0       0       0       0       0       0       0       0       0       0       0       0       0       0
Total ram usage:        0 bytes
 Hardware stack levels used:    1
 Hardware stack levels required when called:    4
 This function calls:
		Nothing
 This function is called by:
		_SYSTEM_Initialize
 This function uses a non-reentrant model


 *************** function _INTERRUPT_Initialize *****************
 Defined at:
		line 51 in file "mcc_generated_files/interrupt_manager.c"
 Parameters:    Size  Location     Type
		None
 Auto vars:     Size  Location     Type
		None
 Return value:  Size  Location     Type
                  1    wreg      void 
 Registers used:
		None
 Tracked objects:
		On entry : 
		On exit  : 
		Unchanged: 
 Data sizes:     COMRAM   BANK0   BANK1   BANK2   BANK3   BANK4   BANK5   BANK6   BANK7   BANK8   BANK9  BANK10  BANK11  BANK12  BANK13  BANK14  BANK15
      Params:         0       0       0       0       0       0       0       0       0       0       0       0       0       0       0       0       0
      Locals:         0       0       0       0       0       0       0       0       0       0       0       0       0       0       0       0       0
      Temps:          0       0       0       0       0       0       0       0       0       0       0       0       0       0       0       0       0
      Totals:         0       0       0       0       0       0       0       0       0       0       0       0       0       0       0       0       0
Total ram usage:        0 bytes
 Hardware stack levels used:    1
 Hardware stack levels required when called:    4
 This function calls:
		Nothing
 This function is called by:
		_SYSTEM_Initialize
 This function uses a non-reentrant model


 *************** function _ECCP1_Initialize *****************
 Defined at:
		line 57 in file "mcc_generated_files/eccp1.c"
 Parameters:    Size  Location     Type
		None
 Auto vars:     Size  Location     Type
		None
 Return value:  Size  Location     Type
                  1    wreg      void 
 Registers used:
		wreg, status,2
 Tracked objects:
		On entry : 
		On exit  : 
		Unchanged: 
 Data sizes:     COMRAM   BANK0   BANK1   BANK2   BANK3   BANK4   BANK5   BANK6   BANK7   BANK8   BANK9  BANK10  BANK11  BANK12  BANK13  BANK14  BANK15
      Params:         0       0       0       0       0       0       0       0       0       0       0       0       0       0       0       0       0
      Locals:         0       0       0       0       0       0       0       0       0       0       0       0       0       0       0       0       0
      Temps:          0       0       0       0       0       0       0       0       0       0       0       0       0       0       0       0       0
      Totals:         0       0       0       0       0       0       0       0       0       0       0       0       0       0       0       0       0
Total ram usage:        0 bytes
 Hardware stack levels used:    1
 Hardware stack levels required when called:    4
 This function calls:
		Nothing
 This function is called by:
		_SYSTEM_Initialize
 This function uses a non-reentrant model


 *************** function _ADC_Initialize *****************
 Defined at:
		line 58 in file "mcc_generated_files/adc.c"
 Parameters:    Size  Location     Type
		None
 Auto vars:     Size  Location     Type
		None
 Return value:  Size  Location     Type
                  1    wreg      void 
 Registers used:
		wreg, status,2
 Tracked objects:
		On entry : 
		On exit  : 
		Unchanged: 
 Data sizes:     COMRAM   BANK0   BANK1   BANK2   BANK3   BANK4   BANK5   BANK6   BANK7   BANK8   BANK9  BANK10  BANK11  BANK12  BANK13  BANK14  BANK15
      Params:         0       0       0       0       0       0       0       0       0       0       0       0       0       0       0       0       0
      Locals:         0       0       0       0       0       0       0       0       0       0       0       0       0       0       0       0       0
      Temps:          0       0       0       0       0       0       0       0       0       0       0       0       0       0       0       0       0
      Totals:         0       0       0       0       0       0       0       0       0       0       0       0       0       0       0       0       0
Total ram usage:        0 bytes
 Hardware stack levels used:    1
 Hardware stack levels required when called:    4
 This function calls:
		Nothing
 This function is called by:
		_SYSTEM_Initialize
 This function uses a non-reentrant model


 *************** function _INTERRUPT_InterruptManager *****************
 Defined at:
		line 57 in file "mcc_generated_files/interrupt_manager.c"
 Parameters:    Size  Location     Type
		None
 Auto vars:     Size  Location     Type
		None
 Return value:  Size  Location     Type
                  1    wreg      void 
 Registers used:
		wreg, status,2, status,0, pclath, tosl, cstack
 Tracked objects:
		On entry : 
		On exit  : 
		Unchanged: 
 Data sizes:     COMRAM   BANK0   BANK1   BANK2   BANK3   BANK4   BANK5   BANK6   BANK7   BANK8   BANK9  BANK10  BANK11  BANK12  BANK13  BANK14  BANK15
      Params:         0       0       0       0       0       0       0       0       0       0       0       0       0       0       0       0       0
      Locals:         0       0       0       0       0       0       0       0       0       0       0       0       0       0       0       0       0
      Temps:         18       0       0       0       0       0       0       0       0       0       0       0       0       0       0       0       0
      Totals:        18       0       0       0       0       0       0       0       0       0       0       0       0       0       0       0       0
Total ram usage:       18 bytes
 Hardware stack levels used:    1
 Hardware stack levels required when called:    3
 This function calls:
		_TMR0_ISR
		_TMR1_ISR
 This function is called by:
		Interrupt level 2
 This function uses a non-reentrant model


 *************** function _TMR1_ISR *****************
 Defined at:
		line 144 in file "mcc_generated_files/tmr1.c"
 Parameters:    Size  Location     Type
		None
 Auto vars:     Size  Location     Type
		None
 Return value:  Size  Location     Type
                  1    wreg      void 
 Registers used:
		wreg, status,2, status,0, pclath, tosl, cstack
 Tracked objects:
		On entry : 
		On exit  : 
		Unchanged: 
 Data sizes:     COMRAM   BANK0   BANK1   BANK2   BANK3   BANK4   BANK5   BANK6   BANK7   BANK8   BANK9  BANK10  BANK11  BANK12  BANK13  BANK14  BANK15
      Params:         0       0       0       0       0       0       0       0       0       0       0       0       0       0       0       0       0
      Locals:         0       0       0       0       0       0       0       0       0       0       0       0       0       0       0       0       0
      Temps:          0       0       0       0       0       0       0       0       0       0       0       0       0       0       0       0       0
      Totals:         0       0       0       0       0       0       0       0       0       0       0       0       0       0       0       0       0
Total ram usage:        0 bytes
 Hardware stack levels used:    1
 Hardware stack levels required when called:    2
 This function calls:
		_TMR1_CallBack
 This function is called by:
		_INTERRUPT_InterruptManager
 This function uses a non-reentrant model


 *************** function _TMR1_CallBack *****************
 Defined at:
		line 166 in file "mcc_generated_files/tmr1.c"
 Parameters:    Size  Location     Type
		None
 Auto vars:     Size  Location     Type
		None
 Return value:  Size  Location     Type
                  1    wreg      void 
 Registers used:
		wreg, status,2, status,0, pclath, tosl, cstack
 Tracked objects:
		On entry : 
		On exit  : 
		Unchanged: 
 Data sizes:     COMRAM   BANK0   BANK1   BANK2   BANK3   BANK4   BANK5   BANK6   BANK7   BANK8   BANK9  BANK10  BANK11  BANK12  BANK13  BANK14  BANK15
      Params:         0       0       0       0       0       0       0       0       0       0       0       0       0       0       0       0       0
      Locals:         0       0       0       0       0       0       0       0       0       0       0       0       0       0       0       0       0
      Temps:          0       0       0       0       0       0       0       0       0       0       0       0       0       0       0       0       0
      Totals:         0       0       0       0       0       0       0       0       0       0       0       0       0       0       0       0       0
Total ram usage:        0 bytes
 Hardware stack levels used:    1
 Hardware stack levels required when called:    1
 This function calls:
		Absolute function
		_TMR1_DefaultInterruptHandler
		_rtcc_handler
 This function is called by:
		_TMR1_ISR
 This function uses a non-reentrant model


 *************** function _TMR1_DefaultInterruptHandler *****************
 Defined at:
		line 180 in file "mcc_generated_files/tmr1.c"
 Parameters:    Size  Location     Type
		None
 Auto vars:     Size  Location     Type
		None
 Return value:  Size  Location     Type
                  1    wreg      void 
 Registers used:
		None
 Tracked objects:
		On entry : 
		On exit  : 
		Unchanged: 
 Data sizes:     COMRAM   BANK0   BANK1   BANK2   BANK3   BANK4   BANK5   BANK6   BANK7   BANK8   BANK9  BANK10  BANK11  BANK12  BANK13  BANK14  BANK15
      Params:         0       0       0       0       0       0       0       0       0       0       0       0       0       0       0       0       0
      Locals:         0       0       0       0       0       0       0       0       0       0       0       0       0       0       0       0       0
      Temps:          0       0       0       0       0       0       0       0       0       0       0       0       0       0       0       0       0
      Totals:         0       0       0       0       0       0       0       0       0       0       0       0       0       0       0       0       0
Total ram usage:        0 bytes
 Hardware stack levels used:    1
 This function calls:
		Nothing
 This function is called by:
		_TMR1_Initialize
		_TMR1_CallBack
 This function uses a non-reentrant model


 *************** function _rtcc_handler *****************
 Defined at:
		line 95 in file "mcc_generated_files/TCPIPLibrary/rtcc.c"
 Parameters:    Size  Location     Type
		None
 Auto vars:     Size  Location     Type
		None
 Return value:  Size  Location     Type
                  1    wreg      void 
 Registers used:
		wreg, status,2, status,0
 Tracked objects:
		On entry : 
		On exit  : 
		Unchanged: 
 Data sizes:     COMRAM   BANK0   BANK1   BANK2   BANK3   BANK4   BANK5   BANK6   BANK7   BANK8   BANK9  BANK10  BANK11  BANK12  BANK13  BANK14  BANK15
      Params:         0       0       0       0       0       0       0       0       0       0       0       0       0       0       0       0       0
      Locals:         0       0       0       0       0       0       0       0       0       0       0       0       0       0       0       0       0
      Temps:          0       0       0       0       0       0       0       0       0       0       0       0       0       0       0       0       0
      Totals:         0       0       0       0       0       0       0       0       0       0       0       0       0       0       0       0       0
Total ram usage:        0 bytes
 Hardware stack levels used:    1
 This function calls:
		Nothing
 This function is called by:
		_rtcc_init
		_TMR1_CallBack
 This function uses a non-reentrant model


 *************** function _TMR0_ISR *****************
 Defined at:
		line 132 in file "mcc_generated_files/tmr0.c"
 Parameters:    Size  Location     Type
		None
 Auto vars:     Size  Location     Type
		None
 Return value:  Size  Location     Type
                  1    wreg      void 
 Registers used:
		wreg, status,2, status,0, pclath, tosl, cstack
 Tracked objects:
		On entry : 
		On exit  : 
		Unchanged: 
 Data sizes:     COMRAM   BANK0   BANK1   BANK2   BANK3   BANK4   BANK5   BANK6   BANK7   BANK8   BANK9  BANK10  BANK11  BANK12  BANK13  BANK14  BANK15
      Params:         0       0       0       0       0       0       0       0       0       0       0       0       0       0       0       0       0
      Locals:         0       0       0       0       0       0       0       0       0       0       0       0       0       0       0       0       0
      Temps:          0       0       0       0       0       0       0       0       0       0       0       0       0       0       0       0       0
      Totals:         0       0       0       0       0       0       0       0       0       0       0       0       0       0       0       0       0
Total ram usage:        0 bytes
 Hardware stack levels used:    1
 Hardware stack levels required when called:    1
 This function calls:
		Absolute function
		_TMR0_DefaultInterruptHandler
 This function is called by:
		_INTERRUPT_InterruptManager
 This function uses a non-reentrant model


 *************** function _TMR0_DefaultInterruptHandler *****************
 Defined at:
		line 156 in file "mcc_generated_files/tmr0.c"
 Parameters:    Size  Location     Type
		None
 Auto vars:     Size  Location     Type
		None
 Return value:  Size  Location     Type
                  1    wreg      void 
 Registers used:
		None
 Tracked objects:
		On entry : 
		On exit  : 
		Unchanged: 
 Data sizes:     COMRAM   BANK0   BANK1   BANK2   BANK3   BANK4   BANK5   BANK6   BANK7   BANK8   BANK9  BANK10  BANK11  BANK12  BANK13  BANK14  BANK15
      Params:         0       0       0       0       0       0       0       0       0       0       0       0       0       0       0       0       0
      Locals:         0       0       0       0       0       0       0       0       0       0       0       0       0       0       0       0       0
      Temps:          0       0       0       0       0       0       0       0       0       0       0       0       0       0       0       0       0
      Totals:         0       0       0       0       0       0       0       0       0       0       0       0       0       0       0       0       0
Total ram usage:        0 bytes
 Hardware stack levels used:    1
 This function calls:
		Nothing
 This function is called by:
		_TMR0_Initialize
		_TMR0_ISR
 This function uses a non-reentrant model



MODULE INFORMATION

Module		Function		Class		Link	Load	Size
mcc_generated_files/eccp1.c
		_ECCP1_Initialize		CODE           	10274	0000	23

mcc_generated_files/eccp1.c estimated size: 23

mcc_generated_files/tmr2.c
		_TMR2_Initialize		CODE           	102A0	0000	17

mcc_generated_files/tmr2.c estimated size: 17

mcc_generated_files/interrupt_manager.c
		_INTERRUPT_Initialize		CODE           	10302	0000	5
		_INTERRUPT_InterruptManager		CODE           	0008	0000	175

mcc_generated_files/interrupt_manager.c estimated size: 180

mcc_generated_files/tmr0.c
		_TMR0_SetInterruptHandler		CODE           	102CE	0000	15
		_TMR0_DefaultInterruptHandler		CODE           	10308	0000	3
		_TMR0_ISR      		CODE           	101A8	0000	47
		_TMR0_Initialize		CODE           	10100	0000	61

mcc_generated_files/tmr0.c estimated size: 126

mcc_generated_files/pin_manager.c
		_PIN_MANAGER_Initialize		CODE           	100BE	0000	67

mcc_generated_files/pin_manager.c estimated size: 67

mcc_generated_files/spi1.c
		_SPI1_Initialize		CODE           	102DC	0000	15

mcc_generated_files/spi1.c estimated size: 15

mcc_generated_files/adc.c
		_ADC_Initialize		CODE           	1028A	0000	23

mcc_generated_files/adc.c estimated size: 23

mcc_generated_files/TCPIPLibrary/rtcc.c
		_rtcc_handler  		CODE           	102B0	0000	17

mcc_generated_files/TCPIPLibrary/rtcc.c estimated size: 17

shared
		_dhcpName      		MEDIUMCONST    	FEED	0000	14
		_macAddress    		MEDIUMCONST    	FF02	0000	7
		_dpowers       		MEDIUMCONST    	FE7D	0000	41
		_UDP_CallBackTable		MEDIUMCONST    	FED9	0000	21
		_TFTP_callBackTable		MEDIUMCONST    	FE7D	0000	1
		__initialization		CODE           	10000	0000	181
		_xorSequences  		MEDIUMCONST    	FEC5	0000	19
		_hexpowers     		MEDIUMCONST    	FEA5	0000	33
		_dnsXidValue   		MEDIUMCONST    	FED7	0000	3
		_broadcastMAC  		MEDIUMCONST    	FF08	0000	7
		_tftp_option   		MEDIUMCONST    	FEFA	0000	9

shared estimated size: 336

mcc_generated_files/mcc.c
		_OSCILLATOR_Initialize		CODE           	102F4	0000	11
		_SYSTEM_Initialize		CODE           	1022A	0000	39

mcc_generated_files/mcc.c estimated size: 50

mcc_generated_files/tmr1.c
		_TMR1_Initialize		CODE           	101D6	0000	45
		_TMR1_SetInterruptHandler		CODE           	102C0	0000	15
		_TMR1_DefaultInterruptHandler		CODE           	10306	0000	3
		_TMR1_CallBack 		CODE           	10250	0000	37
		_TMR1_ISR      		CODE           	10202	0000	41

mcc_generated_files/tmr1.c estimated size: 141

main.c
		_main          		CODE           	102EA	0000	11

main.c estimated size: 11

