Microchip MPLAB XC8 Compiler V1.44 ()

Linker command line:

-W-3 --edf=C:\Program Files\Microchip\xc8\v1.44\dat\en_msgs.txt -cs \
  -h+dist/default/production\First.X.production.sym \
  --cmf=dist/default/production\First.X.production.cmf -z -Q18F67J60 \
  -oC:\Users\812276~1\AppData\Local\Temp\s4e4.2 \
  -Mdist/default/production/First.X.production.map -E1 -ver=XC8 \
  -ASTACK=04E8h-0e7dh -pstack=STACK -ACODE=00h-01FFF7h -ACONST=00h-01FFF7h \
  -ASMALLCONST=01000h-010FFhx495,01FF00h-01FFF7h \
  -AMEDIUMCONST=01000h-0FFFFh,011000h-01FFF7h -ACOMRAM=01h-05Fh \
  -AABS1=00h-0E7Fh,0F00h-0F5Fh -ABIGRAM=01h-0E7Fh,0F00h-0F5Fh \
  -ARAM=060h-0FFh,0100h-01FFhx13,0E00h-0E7Fh,0F00h-0F5Fh -ABANK0=060h-0FFh \
  -ABANK1=0100h-01FFh -ABANK2=0200h-02FFh -ABANK3=0300h-03FFh \
  -ABANK4=0400h-04FFh -ABANK5=0500h-05FFh -ABANK6=0600h-06FFh \
  -ABANK7=0700h-07FFh -ABANK8=0800h-08FFh -ABANK9=0900h-09FFh \
  -ABANK10=0A00h-0AFFh -ABANK11=0B00h-0BFFh -ABANK12=0C00h-0CFFh \
  -ABANK13=0D00h-0DFFh -ABANK14=0E00h-0E7Fh -ABANK15=0F00h-0F5Fh \
  -ASFR=0E80h-0EFFh,0F60h-0FFFh \
  -preset_vec=00h,intcode=08h,intcodelo,powerup,init -pramtop=01000h \
  -psmallconst=SMALLCONST -pmediumconst=MEDIUMCONST -pconst=CONST \
  -AFARRAM=00h-00h -ACONFIG=01FFF8h-01FFFDh -pconfig=CONFIG \
  -pjflash_buffer=01F800h \
  -prdata=COMRAM,nvrram=COMRAM,nvbit=COMRAM,rbss=COMRAM,rbit=COMRAM \
  -pfarbss=FARRAM,fardata=FARRAM,nvFARRAM=FARRAM \
  -pintsave_regs=BIGRAM,bigbss=BIGRAM,bigdata=BIGRAM -pbss=RAM \
  -pidata=CODE,irdata=CODE,ibigdata=CODE,ifardata=CODE -prparam=COMRAM \
  C:\Users\812276~1\AppData\Local\Temp\s4e4.obj \
  dist/default/production\First.X.production.obj 

Object code version is 3.11

Machine type is 18F67J60

Call graph: (short form)




                Name                               Link     Load   Length Selector   Space Scale
C:\Users\812276~1\AppData\Local\Temp\s4e4.obj
                init                                 B6       B6        4        4       0
                reset_vec                             0        0        4        0       0
                config                            1FFF8    1FFF8        6    1FFF8       0
dist/default/production\First.X.production.obj
                intcode                               8        8       AE        4       0
                temp                                 4D       4D        1        1       1
                mediumconst                        FEDE     FEDE      122     7F6F       0
                text107                           145F0    145F0        2     8000       0
                text106                           14254    14254       2E     8000       0
                text105                           144FE    144FE       10     8000       0
                text104                           145EE    145EE        2     8000       0
                text103                           143E8    143E8       24     8000       0
                text102                           14282    14282       2C     8000       0
                text100                           14226    14226       2E     8000       0
                text99                            14498    14498       1A     8000       0
                text98                            145DE    145DE        6     8000       0
                text97                            145BE    145BE        A     8000       0
                text96                            1447E    1447E       1A     8000       0
                text95                            13F1E    13F1E       4A     8000       0
                text94                            143C4    143C4       24     8000       0
                text93                            13B60    13B60       60     8000       0
                text92                            145EC    145EC        2     8000       0
                text91                            137EE    137EE       80     8000       0
                text90                            13452    13452       A8     8000       0
                text89                            145B4    145B4        A     8000       0
                text88                            12D0C    12D0C      124     8000       0
                text87                            132CC    132CC       D8     8000       0
                text86                            13638    13638       9E     8000       0
                text85                            12F32    12F32       F2     8000       0
                text84                            13CD4    13CD4       5A     8000       0
                text83                            140E8    140E8       3A     8000       0
                text82                            124E8    124E8      1F2     8000       0
                text81                            145AA    145AA        A     8000       0
                text80                            1437A    1437A       26     8000       0
                text79                            128A2    128A2      19A     8000       0
                text78                            120A6    120A6      222     8000       0
                text77                            13FAE    13FAE       44     8000       0
                text76                            1166C    1166C      2B2     8000       0
                text75                            14554    14554        E     8000       0
                text74                            14464    14464       1A     8000       0
                text73                            11E6A    11E6A      23C     8000       0
                text72                            13C1E    13C1E       5C     8000       0
                text71                            13E30    13E30       54     8000       0
                text70                            122C8    122C8      220     8000       0
                text69                            1386E    1386E       78     8000       0
                text68                            145D0    145D0        8     8000       0
                text67                            13D86    13D86       56     8000       0
                text66                            12BB2    12BB2      15A     8000       0
                text65                            141C4    141C4       32     8000       0
                text64                            138E6    138E6       74     8000       0
                text63                            14302    14302       2A     8000       0
                text62                            1310A    1310A       E2     8000       0
                text61                            13C7A    13C7A       5A     8000       0
                text60                            13DDC    13DDC       54     8000       0
                text59                            10C10    10C10      542     8000       0
                text58                            139CC    139CC       6E     8000       0
                text57                            14034    14034       3E     8000       0
                text56                            13E84    13E84       50     8000       0
                text55                            141F6    141F6       30     8000       0
                text54                            133A4    133A4       AE     8000       0
                text53                            14072    14072       3C     8000       0
                text52                            12A3C    12A3C      176     8000       0
                text51                            13024    13024       E6     8000       0
                text50                            131EC    131EC       E0     8000       0
                text49                            145A0    145A0        A     8000       0
                text48                            14546    14546        E     8000       0
                text47                            13D2E    13D2E       58     8000       0
                text46                            14354    14354       26     8000       0
                text45                            134FA    134FA       A0     8000       0
                text44                            145C8    145C8        8     8000       0
                text43                            13F68    13F68       46     8000       0
                text42                            1191E    1191E      2A8     8000       0
                text41                            11152    11152      51A     8000       0
                text40                            14596    14596        A     8000       0
                text39                            1458C    1458C        A     8000       0
                text38                            12E30    12E30      102     8000       0
                text37                            144EE    144EE       10     8000       0
                text36                            14582    14582        A     8000       0
                text35                            1415A    1415A       38     8000       0
                text34                            126DA    126DA      1C8     8000       0
                text33                            106BA    106BA      556     8000       0
                text32                            1359A    1359A       9E     8000       0
                text31                            13B00    13B00       60     8000       0
                text30                            144C8    144C8       16     8000       0
                text29                            144B2    144B2       16     8000       0
                text28                            145E4    145E4        4     8000       0
                text27                            13BC0    13BC0       5E     8000       0
                text26                            14192    14192       32     8000       0
                text25                            145EA    145EA        2     8000       0
                text24                            13ED4    13ED4       4A     8000       0
                text23                            14578    14578        A     8000       0
                text22                            1432C    1432C       28     8000       0
                text21                            1376C    1376C       82     8000       0
                text20                            13A3A    13A3A       66     8000       0
                text19                            1442A    1442A       1E     8000       0
                text18                            10000    10000      6BA     8000       0
                text17                            140AE    140AE       3A     8000       0
                text16                            11BC6    11BC6      2A4     8000       0
                text15                            136D6    136D6       96     8000       0
                text14                            145D8    145D8        6     8000       0
                text13                            14562    14562        C     8000       0
                text12                            14538    14538        E     8000       0
                text11                            143A0    143A0       24     8000       0
                text10                            14448    14448       1C     8000       0
                text9                             1440C    1440C       1E     8000       0
                text8                             1456E    1456E        A     8000       0
                text7                             13FF2    13FF2       42     8000       0
                text6                             1452A    1452A        E     8000       0
                text5                             1451C    1451C        E     8000       0
                text4                             14122    14122       38     8000       0
                text3                             142D8    142D8       2A     8000       0
                text2                             144DE    144DE       10     8000       0
                text1                             142AE    142AE       2A     8000       0
                text0                             1450E    1450E        E     8000       0
                cstackCOMRAM                          1        1       3B        1       1
                cstackBANK0                          60       60       A0       60       1
                cstackBANK1                         100      100       FF      100       1
                cstackBANK2                         2DD      2DD       16      200       1
                bssBANK4                            400      400       E8      400       1
                bssBANK3                            300      300       C8      300       1
                dataBANK2                           27D      27D       60      200       1
                bssBANK2                            200      200       7D      200       1
                dataCOMRAM                           4B       4B        2        1       1
                bssCOMRAM                            3C       3C        B        1       1
                cinit                             1395A    1395A       72     8000       0
                nvBANK2                             2F3      2F3        6      200       1
                nvCOMRAM                             47       47        4        1       1
                idataBANK2                        13AA0    13AA0       60     8000       0
                idataCOMRAM                       145E8    145E8        2     8000       0

TOTAL           Name                               Link     Load   Length     Space
        CLASS   STACK          

        CLASS   CODE           
                intcode                               8        8       AE         0
                init                                 B6       B6        4         0
                reset_vec                             0        0        4         0
                text107                           145F0    145F0        2         0
                text106                           14254    14254       2E         0
                text105                           144FE    144FE       10         0
                text104                           145EE    145EE        2         0
                text103                           143E8    143E8       24         0
                text102                           14282    14282       2C         0
                text100                           14226    14226       2E         0
                text99                            14498    14498       1A         0
                text98                            145DE    145DE        6         0
                text97                            145BE    145BE        A         0
                text96                            1447E    1447E       1A         0
                text95                            13F1E    13F1E       4A         0
                text94                            143C4    143C4       24         0
                text93                            13B60    13B60       60         0
                text92                            145EC    145EC        2         0
                text91                            137EE    137EE       80         0
                text90                            13452    13452       A8         0
                text89                            145B4    145B4        A         0
                text88                            12D0C    12D0C      124         0
                text87                            132CC    132CC       D8         0
                text86                            13638    13638       9E         0
                text85                            12F32    12F32       F2         0
                text84                            13CD4    13CD4       5A         0
                text83                            140E8    140E8       3A         0
                text82                            124E8    124E8      1F2         0
                text81                            145AA    145AA        A         0
                text80                            1437A    1437A       26         0
                text79                            128A2    128A2      19A         0
                text78                            120A6    120A6      222         0
                text77                            13FAE    13FAE       44         0
                text76                            1166C    1166C      2B2         0
                text75                            14554    14554        E         0
                text74                            14464    14464       1A         0
                text73                            11E6A    11E6A      23C         0
                text72                            13C1E    13C1E       5C         0
                text71                            13E30    13E30       54         0
                text70                            122C8    122C8      220         0
                text69                            1386E    1386E       78         0
                text68                            145D0    145D0        8         0
                text67                            13D86    13D86       56         0
                text66                            12BB2    12BB2      15A         0
                text65                            141C4    141C4       32         0
                text64                            138E6    138E6       74         0
                text63                            14302    14302       2A         0
                text62                            1310A    1310A       E2         0
                text61                            13C7A    13C7A       5A         0
                text60                            13DDC    13DDC       54         0
                text59                            10C10    10C10      542         0
                text58                            139CC    139CC       6E         0
                text57                            14034    14034       3E         0
                text56                            13E84    13E84       50         0
                text55                            141F6    141F6       30         0
                text54                            133A4    133A4       AE         0
                text53                            14072    14072       3C         0
                text52                            12A3C    12A3C      176         0
                text51                            13024    13024       E6         0
                text50                            131EC    131EC       E0         0
                text49                            145A0    145A0        A         0
                text48                            14546    14546        E         0
                text47                            13D2E    13D2E       58         0
                text46                            14354    14354       26         0
                text45                            134FA    134FA       A0         0
                text44                            145C8    145C8        8         0
                text43                            13F68    13F68       46         0
                text42                            1191E    1191E      2A8         0
                text41                            11152    11152      51A         0
                text40                            14596    14596        A         0
                text39                            1458C    1458C        A         0
                text38                            12E30    12E30      102         0
                text37                            144EE    144EE       10         0
                text36                            14582    14582        A         0
                text35                            1415A    1415A       38         0
                text34                            126DA    126DA      1C8         0
                text33                            106BA    106BA      556         0
                text32                            1359A    1359A       9E         0
                text31                            13B00    13B00       60         0
                text30                            144C8    144C8       16         0
                text29                            144B2    144B2       16         0
                text28                            145E4    145E4        4         0
                text27                            13BC0    13BC0       5E         0
                text26                            14192    14192       32         0
                text25                            145EA    145EA        2         0
                text24                            13ED4    13ED4       4A         0
                text23                            14578    14578        A         0
                text22                            1432C    1432C       28         0
                text21                            1376C    1376C       82         0
                text20                            13A3A    13A3A       66         0
                text19                            1442A    1442A       1E         0
                text18                            10000    10000      6BA         0
                text17                            140AE    140AE       3A         0
                text16                            11BC6    11BC6      2A4         0
                text15                            136D6    136D6       96         0
                text14                            145D8    145D8        6         0
                text13                            14562    14562        C         0
                text12                            14538    14538        E         0
                text11                            143A0    143A0       24         0
                text10                            14448    14448       1C         0
                text9                             1440C    1440C       1E         0
                text8                             1456E    1456E        A         0
                text7                             13FF2    13FF2       42         0
                text6                             1452A    1452A        E         0
                text5                             1451C    1451C        E         0
                text4                             14122    14122       38         0
                text3                             142D8    142D8       2A         0
                text2                             144DE    144DE       10         0
                text1                             142AE    142AE       2A         0
                text0                             1450E    1450E        E         0
                cinit                             1395A    1395A       72         0
                idataBANK2                        13AA0    13AA0       60         0
                idataCOMRAM                       145E8    145E8        2         0

        CLASS   CONST          

        CLASS   SMALLCONST     

        CLASS   MEDIUMCONST    
                mediumconst                        FEDE     FEDE      122         0

        CLASS   COMRAM         
                temp                                 4D       4D        1         1
                cstackCOMRAM                          1        1       3B         1
                dataCOMRAM                           4B       4B        2         1
                bssCOMRAM                            3C       3C        B         1
                nvCOMRAM                             47       47        4         1

        CLASS   ABS1           
                abs_s1                              E7E      E7E        2         1

        CLASS   BIGRAM         

        CLASS   RAM            

        CLASS   BANK0          
                cstackBANK0                          60       60       A0         1

        CLASS   BANK1          
                cstackBANK1                         100      100       FF         1

        CLASS   BANK2          
                cstackBANK2                         2DD      2DD       16         1
                dataBANK2                           27D      27D       60         1
                bssBANK2                            200      200       7D         1
                nvBANK2                             2F3      2F3        6         1

        CLASS   BANK3          
                bssBANK3                            300      300       C8         1

        CLASS   BANK4          
                bssBANK4                            400      400       E8         1

        CLASS   BANK5          

        CLASS   BANK6          

        CLASS   BANK7          

        CLASS   BANK8          

        CLASS   BANK9          

        CLASS   BANK10         

        CLASS   BANK11         

        CLASS   BANK12         

        CLASS   BANK13         

        CLASS   BANK14         

        CLASS   BANK15         

        CLASS   SFR            

        CLASS   FARRAM         

        CLASS   CONFIG         
                config                            1FFF8    1FFF8        6         0

        CLASS   IDLOC          



SEGMENTS        Name                           Load    Length   Top    Selector   Space  Class

                reset_vec                      000000  000004  000004         0       0  CODE    
                cstackCOMRAM                   000001  00004D  00004E         1       1  COMRAM  
                intcode                        000008  0000B2  0000BA         4       0  CODE    
                cstackBANK0                    000060  0000A0  000100        60       1  BANK0   
                cstackBANK1                    000100  0000FF  0001FF       100       1  BANK1   
                bssBANK2                       000200  0000F9  0002F9       200       1  BANK2   
                bssBANK3                       000300  0000C8  0003C8       300       1  BANK3   
                bssBANK4                       000400  0000E8  0004E8       400       1  BANK4   
                mediumconst                    00FEDE  000122  010000      7F6F       0  MEDIUMCO
                text18                         010000  0045F2  0145F2      8000       0  CODE    
                config                         01FFF8  000006  01FFFE     1FFF8       0  CONFIG  


UNUSED ADDRESS RANGES

        Name                Unused          Largest block    Delta
        BANK1            001FF-001FF               1
        BANK10           00A00-00AFF             100
        BANK11           00B00-00BFF             100
        BANK12           00C00-00CFF             100
        BANK13           00D00-00DFF             100
        BANK14           00E00-00E7D              7E
        BANK15           00F00-00F5F              60
        BANK2            002F9-002FF               7
        BANK3            003C8-003FF              38
        BANK4            004E8-004FF              18
        BANK5            00500-005FF             100
        BANK6            00600-006FF             100
        BANK7            00700-007FF             100
        BANK8            00800-008FF             100
        BANK9            00900-009FF             100
        BIGRAM           0004E-0005F              12
                         001FF-001FF               1
                         002F9-002FF               7
                         003C8-003FF              38
                         004E8-00E7D             996
                         00F00-00F5F              60
        CODE             00004-00007               4
                         000BA-0FEDD            FE24
                         145F2-1FFF7            BA06
        COMRAM           0004E-0005F              12
        CONST            00004-00007               4
                         000BA-0FEDD            FE24
                         145F2-1FFF7            BA06
        MEDIUMCONST      01000-0FEDD            EEDE
                         145F2-1FFF7            BA06
        RAM              001FF-001FF               1
                         002F9-002FF               7
                         003C8-003FF              38
                         004E8-00E7D             100
                         00F00-00F5F              60
        SFR              00E80-00EFF              80
                         00F60-00FFF              A0
        SMALLCONST       01000-0FEDD             100
                         145F2-1FFF7             100
        STACK            004E8-00E7D             996

                                  Symbol Table

?_ARPV4_Lookup                            cstackCOMRAM  00013
?_ETH_ComputeChecksum                     cstackCOMRAM  00013
?_ETH_GetByteCount                        cstackCOMRAM  00013
?_ETH_GetReadPtr                          cstackCOMRAM  00013
?_ETH_NewPacket                           cstackCOMRAM  00013
?_ETH_Read16                              cstackCOMRAM  00013
?_ETH_Read32                              cstackCOMRAM  00013
?_ETH_ReadBlock                           cstackCOMRAM  00013
?_ETH_RxComputeChecksum                   cstackCOMRAM  00025
?_ETH_TxComputeChecksum                   cstackCOMRAM  00025
?_IPV4_GetDatagramLength                  cstackCOMRAM  00013
?_IPV4_GetStartPosition                   cstackCOMRAM  00013
?_IPV4_PseudoHeaderChecksum               cstackCOMRAM  00013
?_MAC_getAddress                          cstackCOMRAM  00013
?_PHY_Read                                cstackCOMRAM  00015
?___lldiv                                 cstackCOMRAM  00013
?___llmod                                 cstackCOMRAM  00020
?___wmul                                  cstackCOMRAM  00013
?__doprnt                                 cstackCOMRAM  00029
?_memcmp                                  cstackCOMRAM  00013
?_printf                                  cstackBANK0   0006D
?_strcmp                                  cstackCOMRAM  00013
?_strlen                                  cstackCOMRAM  00013
?_time                                    cstackCOMRAM  00013
?_udp_table_getIterator                   cstackCOMRAM  00013
?_udp_table_nextEntry                     cstackCOMRAM  00015
ARPV4_Init@x                              cstackCOMRAM  00015
ARPV4_Lookup@entry_pointer                cstackCOMRAM  0001B
ARPV4_Lookup@ip_address                   cstackCOMRAM  00013
ARPV4_Lookup@x                            cstackCOMRAM  0001D
ARPV4_Packet@arpPtr                       cstackBANK0   00084
ARPV4_Packet@entryPointer                 cstackBANK0   00088
ARPV4_Packet@header                       cstackBANK0   0008A
ARPV4_Packet@length                       cstackBANK0   00080
ARPV4_Packet@mergeFlag                    cstackBANK0   00082
ARPV4_Packet@ret                          cstackBANK0   00083
ARPV4_Packet@x                            cstackBANK0   00086
ARPV4_Packet@x_939                        cstackBANK0   00087
ARPV4_Request@destAddress                 cstackCOMRAM  0002D
ARPV4_Request@header                      cstackBANK0   0007D
ARPV4_Request@ret                         cstackBANK0   0007C
ARPV4_Update@entryPointer                 cstackCOMRAM  00013
ARPV4_Update@x                            cstackCOMRAM  00015
DHCP_Handler@F840                         dataBANK2     0027D
DHCP_Handler@a                            cstackBANK1   00110
DHCP_Handler@a_3165                       cstackBANK1   00114
DHCP_Handler@acceptACK                    cstackBANK1   00123
DHCP_Handler@acceptNACK                   cstackBANK1   00122
DHCP_Handler@acceptOffers                 cstackBANK1   00121
DHCP_Handler@chaddr                       cstackBANK1   00100
DHCP_Handler@count                        cstackBANK1   0011F
DHCP_Handler@count_3164                   cstackBANK1   00120
DHCP_Handler@declineOffers                cstackBANK1   0011E
DHCP_Handler@length                       cstackBANK0   000B0
DHCP_Handler@localData                    cstackBANK1   00125
DHCP_Handler@messageType                  cstackBANK1   00118
DHCP_Handler@option                       cstackBANK1   00119
DHCP_Handler@optionLength                 cstackBANK1   00124
DHCP_Handler@siaddr                       cstackBANK1   0011A
DHCP_Manage@managementTimer               bssBANK2      0022A
DHCP_Manage@now                           cstackBANK0   000B1
DHCP_WriteZeros@length                    cstackCOMRAM  00014
DNS_Handler@answer                        cstackBANK0   000CA
DNS_Handler@authorityRR                   cstackBANK0   000BB
DNS_Handler@dataLength                    cstackBANK0   000CC
DNS_Handler@dnsPtr                        cstackBANK0   000CE
DNS_Handler@dnsR                          cstackBANK1   00100
DNS_Handler@entryPointer                  cstackBANK0   000D3
DNS_Handler@i                             cstackBANK0   000D0
DNS_Handler@ipAddress                     cstackBANK0   000BD
DNS_Handler@length                        cstackBANK0   000B0
DNS_Handler@lock                          cstackBANK0   000D2
DNS_Handler@nameLen                       cstackBANK0   000C9
DNS_Handler@ttl                           cstackBANK0   000C1
DNS_Handler@type                          cstackBANK0   000C7
DNS_Handler@v                             cstackBANK0   000C5
DNS_Handler@x                             cstackBANK0   000D1
ETH_CheckLinkUp@value                     cstackCOMRAM  0001E
ETH_ComputeChecksum@cksm                  cstackCOMRAM  0001F
ETH_ComputeChecksum@len                   cstackCOMRAM  00013
ETH_ComputeChecksum@seed                  cstackCOMRAM  00015
ETH_ComputeChecksum@v                     cstackCOMRAM  00023
ETH_Copy@len                              cstackCOMRAM  00019
ETH_Copy@timer                            cstackCOMRAM  0001B
ETH_Copy@tmp_len                          cstackCOMRAM  0001D
ETH_Dump@length                           cstackCOMRAM  00013
ETH_GetMAC@mac                            cstackCOMRAM  00013
ETH_Init@mac                              cstackBANK0   00087
ETH_Init@phycon1_value                    cstackBANK0   00085
ETH_Insert@current_tx_ptr                 cstackCOMRAM  0001B
ETH_Insert@data                           cstackCOMRAM  00013
ETH_Insert@len                            cstackCOMRAM  00015
ETH_Insert@offset                         cstackCOMRAM  00017
ETH_NewPacket@index                       cstackCOMRAM  00017
ETH_PacketListReset@index                 cstackCOMRAM  00015
ETH_PacketListReset@ptr                   cstackCOMRAM  00013
ETH_Read16@ret                            cstackCOMRAM  00015
ETH_Read32@ret                            cstackCOMRAM  00017
ETH_Read8@ret                             cstackCOMRAM  00013
ETH_ReadBlock@buffer                      cstackCOMRAM  00013
ETH_ReadBlock@len                         cstackCOMRAM  00017
ETH_ReadBlock@length                      cstackCOMRAM  00015
ETH_ReadBlock@p                           cstackCOMRAM  00019
ETH_RemovePacket@pPacket                  cstackCOMRAM  00017
ETH_RemovePacket@packetHandle             cstackCOMRAM  00013
ETH_RxComputeChecksum@cksm                cstackCOMRAM  0002F
ETH_RxComputeChecksum@len                 cstackCOMRAM  00025
ETH_RxComputeChecksum@rxptr               cstackCOMRAM  0002D
ETH_RxComputeChecksum@seed                cstackCOMRAM  00027
ETH_Send@packetEnd                        cstackCOMRAM  0001B
ETH_SetReadPtr@rdptr                      cstackCOMRAM  00015
ETH_Shift_Tx_Packets@len                  cstackCOMRAM  00021
ETH_Shift_Tx_Packets@pElem                cstackCOMRAM  00023
ETH_Shift_Tx_Packets@shiftOffset          cstackCOMRAM  0001D
ETH_Shift_Tx_Packets@timer                cstackCOMRAM  0001F
ETH_TxComputeChecksum@cksm                cstackBANK0   00062
ETH_TxComputeChecksum@len                 cstackCOMRAM  00027
ETH_TxComputeChecksum@position            cstackCOMRAM  00025
ETH_TxComputeChecksum@rxptr               cstackBANK0   00060
ETH_TxComputeChecksum@seed                cstackCOMRAM  00029
ETH_Write16@data                          cstackCOMRAM  00013
ETH_Write32@data                          cstackCOMRAM  00013
ETH_Write8@data                           cstackCOMRAM  00013
ETH_WriteBlock@buffer                     cstackCOMRAM  00013
ETH_WriteBlock@length                     cstackCOMRAM  00015
ETH_WriteBlock@p                          cstackCOMRAM  00017
ETH_WriteStart@dest_mac                   cstackCOMRAM  00025
ETH_WriteStart@ethPacket                  cstackCOMRAM  0002B
ETH_WriteStart@type                       cstackCOMRAM  00027
ETH_WriteString@length                    cstackCOMRAM  00015
ETH_WriteString@string                    cstackCOMRAM  00013
ICMP_EchoReply@cksm                       cstackBANK0   000B4
ICMP_EchoReply@icmp_cksm_start            cstackBANK0   000B2
ICMP_EchoReply@identifier                 cstackBANK0   000AE
ICMP_EchoReply@ipv4Hdr                    cstackBANK0   000A8
ICMP_EchoReply@ipv4PayloadLength          cstackBANK0   000B6
ICMP_EchoReply@ret                        cstackBANK0   000B8
ICMP_EchoReply@sequence                   cstackBANK0   000B0
ICMP_PortUnreachable@cksm                 cstackCOMRAM  00039
ICMP_PortUnreachable@destIPAddress        cstackBANK0   000AC
ICMP_PortUnreachable@length               cstackBANK0   000B0
ICMP_PortUnreachable@ret                  cstackCOMRAM  0003B
ICMP_PortUnreachable@srcIPAddress         cstackBANK0   000A8
ICMP_Receive@icmpHdr                      cstackBANK0   000C0
ICMP_Receive@ipv4Hdr                      cstackBANK0   000B9
ICMP_Receive@ret                          cstackBANK0   000BF
IPV4_Packet@cksm                          cstackBANK0   000FD
IPV4_Packet@hdrLen                        cstackBANK0   000FA
IPV4_Packet@length                        cstackBANK0   000FB
IPV4_PseudoHeaderChecksum@cksm            cstackCOMRAM  00020
IPV4_PseudoHeaderChecksum@len             cstackCOMRAM  0001F
IPV4_PseudoHeaderChecksum@payloadLen      cstackCOMRAM  00013
IPV4_PseudoHeaderChecksum@tmp             cstackCOMRAM  00024
IPV4_PseudoHeaderChecksum@v               cstackCOMRAM  0001D
IPV4_Send@cksm                            cstackBANK0   0006B
IPV4_Send@payloadLength                   cstackCOMRAM  00037
IPV4_Send@ret                             cstackBANK0   0006A
IPV4_Send@totalLength                     cstackBANK0   0006D
IPv4_Start@destAddress                    cstackCOMRAM  00031
IPv4_Start@macAddress                     cstackBANK0   000A5
IPv4_Start@protocol                       cstackCOMRAM  00035
IPv4_Start@ret                            cstackBANK0   000A7
IPv4_Start@targetAddress                  cstackBANK0   000A1
Network_Manage@now                        cstackBANK2   002EF
Network_Manage@nowPv                      bssBANK2      00232
Network_Read@header                       cstackBANK2   002E1
PHY_Read@reg                              cstackCOMRAM  00019
PHY_Read@ret                              cstackCOMRAM  0001A
PHY_WaitForBusy@ret                       cstackCOMRAM  00013
PHY_WaitForBusy@timeout                   cstackCOMRAM  00014
PHY_Write@GIESave                         cstackCOMRAM  00018
PHY_Write@data                            cstackCOMRAM  00015
PHY_Write@reg                             cstackCOMRAM  00017
TMR0_SetInterruptHandler@InterruptHandler cstackCOMRAM  00013
TMR1_ISR@CountCallBack                    bssBANK2      00246
TMR1_SetInterruptHandler@InterruptHandler cstackCOMRAM  00013
UDP_Receive@hptr                          cstackBANK0   000DC
UDP_Receive@ret                           cstackBANK0   000DB
UDP_Receive@udpcksm                       cstackBANK0   000D5
UDP_Send@cksm                             cstackBANK0   00074
UDP_Send@ret                              cstackBANK0   00073
UDP_Send@udpLength                        cstackBANK0   00076
UDP_Start@destIP                          cstackBANK0   000A8
UDP_Start@dstPort                         cstackBANK0   000AE
UDP_Start@ret                             cstackCOMRAM  00036
UDP_Start@srcPort                         cstackBANK0   000AC
_ADCON0                                   (abs)         00FC2
_ADCON0bits                               (abs)         00FC2
_ADCON1                                   (abs)         00FC1
_ADCON1bits                               (abs)         00FC1
_ADCON2                                   (abs)         00FC0
_ADC_Initialize                           text30        144C8
_ADRESH                                   (abs)         00FC4
_ADRESL                                   (abs)         00FC3
_ARPV4_Init                               text26        14192
_ARPV4_Lookup                             text84        13CD4
_ARPV4_Packet                             text59        10C10
_ARPV4_Request                            text76        1166C
_ARPV4_Update                             text100       14226
_CCP1CON                                  (abs)         00FBD
_CCPR1H                                   (abs)         00FBF
_CCPR1L                                   (abs)         00FBE
_Control_Byte                             bssCOMRAM     00046
_DHCP_Handler                             text41        11152
_DHCP_Manage                              text66        12BB2
_DHCP_WriteZeros                          text96        1447E
_DHCP_init                                text25        145EA
_DNS_Handler                              text42        1191E
_ECCP1AS                                  (abs)         00FB6
_ECCP1DEL                                 (abs)         00F79
_ECCP1_Initialize                         text29        144B2
_ECON1                                    (abs)         00FD2
_ECON1bits                                (abs)         00FD2
_ECON2                                    (abs)         00EFE
_EDMADST                                  (abs)         00EF4
_EDMAND                                   (abs)         00EF2
_EDMAST                                   (abs)         00EF0
_EFLOCON                                  (abs)         00E97
_EIE                                      (abs)         00EFB
_EIEbits                                  (abs)         00EFB
_EIRbits                                  (abs)         00F60
_ERDPT                                    (abs)         00F7A
_ERXFCON                                  (abs)         00ED8
_ERXND                                    (abs)         00EEA
_ERXRDPT                                  (abs)         00EEC
_ERXST                                    (abs)         00EE8
_ESTATbits                                (abs)         00EFD
_ETH_CheckLinkUp                          text63        14302
_ETH_ComputeChecksum                      text88        12D0C
_ETH_Copy                                 text54        133A4
_ETH_Dump                                 text55        141F6
_ETH_EdataRead                            text89        145B4
_ETH_EdataWrite                           text98        145DE
_ETH_EventHandler                         text61        13C7A
_ETH_Flush                                text58        139CC
_ETH_GetByteCount                         text94        143C4
_ETH_GetMAC                               text27        13BC0
_ETH_GetReadPtr                           text49        145A0
_ETH_Init                                 text16        11BC6
_ETH_Insert                               text93        13B60
_ETH_NewPacket                            text82        124E8
_ETH_NextPacketUpdate                     text57        14034
_ETH_PacketListReset                      text24        13ED4
_ETH_Read16                               text53        14072
_ETH_Read32                               text47        13D2E
_ETH_Read8                                text46        14354
_ETH_ReadBlock                            text60        13DDC
_ETH_RemovePacket                         text62        1310A
_ETH_ResetByteCount                       text81        145AA
_ETH_RxComputeChecksum                    text56        13E84
_ETH_Send                                 text90        13452
_ETH_SendQueued                           text91        137EE
_ETH_SetReadPtr                           text40        14596
_ETH_Shift_Tx_Packets                     text79        128A2
_ETH_TxComputeChecksum                    text87        132CC
_ETH_Write16                              text75        14554
_ETH_Write32                              text74        14464
_ETH_Write8                               text97        145BE
_ETH_WriteBlock                           text83        140E8
_ETH_WriteStart                           text78        120A6
_ETH_WriteString                          text95        13F1E
_ETXND                                    (abs)         00EE6
_ETXST                                    (abs)         00EE4
_EWRPT                                    (abs)         00EE2
_GIE                                      (abs)         07F97
_ICMP_EchoReply                           text52        12A3C
_ICMP_PortUnreachable                     text38        12E30
_ICMP_Receive                             text51        13024
_INTCON                                   (abs)         00FF2
_INTCONbits                               (abs)         00FF2
_INTERRUPT_Initialize                     text28        145E4
_INTERRUPT_InterruptManager               intcode       00008
_IPV4_GetDatagramLength                   text37        144EE
_IPV4_GetStartPosition                    text39        1458C
_IPV4_Init                                text14        145D8
_IPV4_Packet                              text33        106BA
_IPV4_PseudoHeaderChecksum                text50        131EC
_IPV4_SaveStartPosition                   text48        14546
_IPV4_Send                                text86        13638
_IPv4_Start                               text73        11E6A
_LATA                                     (abs)         00F89
_LATB                                     (abs)         00F8A
_LATC                                     (abs)         00F8B
_LATD                                     (abs)         00F8C
_LATE                                     (abs)         00F8D
_LATF                                     (abs)         00F8E
_LATG                                     (abs)         00F8F
_MAADR1                                   (abs)         00E84
_MAADR2                                   (abs)         00E85
_MAADR3                                   (abs)         00E82
_MAADR4                                   (abs)         00E83
_MAADR5                                   (abs)         00E80
_MAADR6                                   (abs)         00E81
_MABBIPG                                  (abs)         00EA4
_MACON1                                   (abs)         00EA0
_MACON3                                   (abs)         00EA2
_MACON4                                   (abs)         00EA3
_MAC_getAddress                           text23        14578
_MAIPG                                    (abs)         00EA6
_MAMXFL                                   (abs)         00EAA
_MICMD                                    (abs)         00EB2
_MICMDbits                                (abs)         00EB2
_MIRD                                     (abs)         00EB8
_MIREGADR                                 (abs)         00EB4
_MISTATbits                               (abs)         00E8A
_MIWR                                     (abs)         00EB6
_Network_Init                             text9         1440C
_Network_Manage                           text31        13B00
_Network_Read                             text32        1359A
_Network_WaitForLink                      text13        14562
_OSCCON                                   (abs)         00FD3
_OSCILLATOR_Initialize                    text8         1456E
_OSCTUNE                                  (abs)         00F9B
_PHY_Read                                 text64        138E6
_PHY_WaitForBusy                          text65        141C4
_PHY_Write                                text22        1432C
_PIE1bits                                 (abs)         00F9D
_PIN_MANAGER_Initialize                   text7         13FF2
_PIR1bits                                 (abs)         00F9E
_PIR2bits                                 (abs)         00FA1
_PR2                                      (abs)         00FCB
_RCONbits                                 (abs)         00FD0
_RXRST                                    (abs)         07E96
_SPI1_Initialize                          text6         1452A
_SSP1ADD                                  (abs)         00FC8
_SSP1BUF                                  (abs)         00FC9
_SSP1CON1                                 (abs)         00FC6
_SSP1CON1bits                             (abs)         00FC6
_SSP1STAT                                 (abs)         00FC7
_SSP1STATbits                             (abs)         00FC7
_SYSTEM_Initialize                        text1         142AE
_T0CON                                    (abs)         00FD5
_T0CONbits                                (abs)         00FD5
_T1CON                                    (abs)         00FCD
_T1CONbits                                (abs)         00FCD
_T2CON                                    (abs)         00FCA
_T2CONbits                                (abs)         00FCA
_TMR0H                                    (abs)         00FD7
_TMR0L                                    (abs)         00FD6
_TMR0_DefaultInterruptHandler             text107       145F0
_TMR0_ISR                                 text106       14254
_TMR0_Initialize                          text4         14122
_TMR0_InterruptHandler                    nvBANK2       002F3
_TMR0_SetInterruptHandler                 text5         1451C
_TMR1                                     (abs)         00FCE
_TMR1H                                    (abs)         00FCF
_TMR1L                                    (abs)         00FCE
_TMR1_CallBack                            text103       143E8
_TMR1_DefaultInterruptHandler             text104       145EE
_TMR1_ISR                                 text102       14282
_TMR1_Initialize                          text3         142D8
_TMR1_InterruptHandler                    nvBANK2       002F6
_TMR1_SetInterruptHandler                 text12        14538
_TMR2                                     (abs)         00FCC
_TMR2_Initialize                          text2         144DE
_TRISA                                    (abs)         00F92
_TRISB                                    (abs)         00F93
_TRISC                                    (abs)         00F94
_TRISD                                    (abs)         00F95
_TRISE                                    (abs)         00F96
_TRISF                                    (abs)         00F97
_TRISG                                    (abs)         00F98
_UDP_CallBackTable                        mediumconst   0FF48
_UDP_Receive                              text34        126DA
_UDP_Send                                 text85        12F32
_UDP_Start                                text72        13C1E
__CFG_CP0$OFF                             (abs)         00000
__CFG_DEBUG$ON                            (abs)         00000
__CFG_ETHLED$ON                           (abs)         00000
__CFG_FCMEN$ON                            (abs)         00000
__CFG_FOSC$ECPLL                          (abs)         00000
__CFG_FOSC2$ON                            (abs)         00000
__CFG_IESO$ON                             (abs)         00000
__CFG_STVR$ON                             (abs)         00000
__CFG_WDT$OFF                             (abs)         00000
__CFG_WDTPS$32768                         (abs)         00000
__CFG_XINST$OFF                           (abs)         00000
__HRAM                                    (abs)         00000
__Habs1                                   abs1          00000
__Hbank0                                  bank0         00000
__Hbank1                                  bank1         00000
__Hbank10                                 bank10        00000
__Hbank11                                 bank11        00000
__Hbank12                                 bank12        00000
__Hbank13                                 bank13        00000
__Hbank14                                 bank14        00000
__Hbank15                                 bank15        00000
__Hbank2                                  bank2         00000
__Hbank3                                  bank3         00000
__Hbank4                                  bank4         00000
__Hbank5                                  bank5         00000
__Hbank6                                  bank6         00000
__Hbank7                                  bank7         00000
__Hbank8                                  bank8         00000
__Hbank9                                  bank9         00000
__Hbigbss                                 bigbss        00000
__Hbigdata                                bigdata       00000
__Hbigram                                 bigram        00000
__Hbss                                    bss           00000
__HbssBANK2                               bssBANK2      00000
__HbssBANK3                               bssBANK3      00000
__HbssBANK4                               bssBANK4      00000
__HbssCOMRAM                              bssCOMRAM     00000
__Hcinit                                  cinit         00000
__Hclrtext                                clrtext       00000
__Hcomram                                 comram        00000
__Hconfig                                 config        1FFFE
__Hconst                                  const         00000
__HcstackBANK0                            cstackBANK0   00000
__HcstackBANK1                            cstackBANK1   00000
__HcstackBANK2                            cstackBANK2   00000
__HcstackCOMRAM                           cstackCOMRAM  00000
__Hdata                                   data          00000
__HdataBANK2                              dataBANK2     00000
__HdataCOMRAM                             dataCOMRAM    00000
__Hfarbss                                 farbss        00000
__Hfardata                                fardata       00000
__Hibigdata                               ibigdata      00000
__Hidata                                  idata         00000
__HidataBANK2                             idataBANK2    00000
__HidataCOMRAM                            idataCOMRAM   00000
__Hidloc                                  idloc         00000
__Hifardata                               ifardata      00000
__Hinit                                   init          000BA
__Hintcode                                intcode       000B6
__Hintcode_body                           intcode_body  00000
__Hintcodelo                              intcodelo     000B6
__Hintentry                               intentry      00000
__Hintret                                 intret        00000
__Hintsave_regs                           intsave_regs  00000
__Hirdata                                 irdata        00000
__Hjflash_buffer                          jflash_buffer 1F800
__Hmediumconst                            mediumconst   10000
__HnvBANK2                                nvBANK2       00000
__HnvCOMRAM                               nvCOMRAM      00000
__HnvFARRAM                               nvFARRAM      00000
__Hnvbit                                  nvbit         00000
__Hnvrram                                 nvrram        00000
__Hparam                                  rparam        00000
__Hpowerup                                powerup       000B6
__Hram                                    ram           00000
__Hramtop                                 ramtop        01000
__Hrbit                                   rbit          00000
__Hrbss                                   rbss          00000
__Hrdata                                  rdata         00000
__Hreset_vec                              reset_vec     00004
__Hrparam                                 rparam        00000
__Hsfr                                    sfr           00000
__Hsmallconst                             smallconst    00000
__Hspace_0                                (abs)         1FFFE
__Hspace_1                                (abs)         004E8
__Hspace_2                                (abs)         00000
__Hstack                                  stack         00000
__Hstruct                                 struct        00000
__Htemp                                   temp          0004E
__Htext                                   text          00000
__Htext0                                  text0         00000
__Htext1                                  text1         00000
__Htext10                                 text10        00000
__Htext100                                text100       00000
__Htext102                                text102       00000
__Htext103                                text103       00000
__Htext104                                text104       00000
__Htext105                                text105       00000
__Htext106                                text106       00000
__Htext107                                text107       00000
__Htext108                                text108       00000
__Htext11                                 text11        00000
__Htext12                                 text12        00000
__Htext13                                 text13        00000
__Htext14                                 text14        00000
__Htext15                                 text15        00000
__Htext16                                 text16        00000
__Htext17                                 text17        00000
__Htext18                                 text18        00000
__Htext19                                 text19        00000
__Htext2                                  text2         00000
__Htext20                                 text20        00000
__Htext21                                 text21        00000
__Htext22                                 text22        00000
__Htext23                                 text23        00000
__Htext24                                 text24        00000
__Htext25                                 text25        00000
__Htext26                                 text26        00000
__Htext27                                 text27        00000
__Htext28                                 text28        00000
__Htext29                                 text29        00000
__Htext3                                  text3         00000
__Htext30                                 text30        00000
__Htext31                                 text31        00000
__Htext32                                 text32        00000
__Htext33                                 text33        00000
__Htext34                                 text34        00000
__Htext35                                 text35        00000
__Htext36                                 text36        00000
__Htext37                                 text37        00000
__Htext38                                 text38        00000
__Htext39                                 text39        00000
__Htext4                                  text4         00000
__Htext40                                 text40        00000
__Htext41                                 text41        00000
__Htext42                                 text42        00000
__Htext43                                 text43        00000
__Htext44                                 text44        00000
__Htext45                                 text45        00000
__Htext46                                 text46        00000
__Htext47                                 text47        00000
__Htext48                                 text48        00000
__Htext49                                 text49        00000
__Htext5                                  text5         00000
__Htext50                                 text50        00000
__Htext51                                 text51        00000
__Htext52                                 text52        00000
__Htext53                                 text53        00000
__Htext54                                 text54        00000
__Htext55                                 text55        00000
__Htext56                                 text56        00000
__Htext57                                 text57        00000
__Htext58                                 text58        00000
__Htext59                                 text59        00000
__Htext6                                  text6         00000
__Htext60                                 text60        00000
__Htext61                                 text61        00000
__Htext62                                 text62        00000
__Htext63                                 text63        00000
__Htext64                                 text64        00000
__Htext65                                 text65        00000
__Htext66                                 text66        00000
__Htext67                                 text67        00000
__Htext68                                 text68        00000
__Htext69                                 text69        00000
__Htext7                                  text7         00000
__Htext70                                 text70        00000
__Htext71                                 text71        00000
__Htext72                                 text72        00000
__Htext73                                 text73        00000
__Htext74                                 text74        00000
__Htext75                                 text75        00000
__Htext76                                 text76        00000
__Htext77                                 text77        00000
__Htext78                                 text78        00000
__Htext79                                 text79        00000
__Htext8                                  text8         00000
__Htext80                                 text80        00000
__Htext81                                 text81        00000
__Htext82                                 text82        00000
__Htext83                                 text83        00000
__Htext84                                 text84        00000
__Htext85                                 text85        00000
__Htext86                                 text86        00000
__Htext87                                 text87        00000
__Htext88                                 text88        00000
__Htext89                                 text89        00000
__Htext9                                  text9         00000
__Htext90                                 text90        00000
__Htext91                                 text91        00000
__Htext92                                 text92        00000
__Htext93                                 text93        00000
__Htext94                                 text94        00000
__Htext95                                 text95        00000
__Htext96                                 text96        00000
__Htext97                                 text97        00000
__Htext98                                 text98        00000
__Htext99                                 text99        00000
__LRAM                                    (abs)         00001
__Labs1                                   abs1          00000
__Lbank0                                  bank0         00000
__Lbank1                                  bank1         00000
__Lbank10                                 bank10        00000
__Lbank11                                 bank11        00000
__Lbank12                                 bank12        00000
__Lbank13                                 bank13        00000
__Lbank14                                 bank14        00000
__Lbank15                                 bank15        00000
__Lbank2                                  bank2         00000
__Lbank3                                  bank3         00000
__Lbank4                                  bank4         00000
__Lbank5                                  bank5         00000
__Lbank6                                  bank6         00000
__Lbank7                                  bank7         00000
__Lbank8                                  bank8         00000
__Lbank9                                  bank9         00000
__Lbigbss                                 bigbss        00000
__Lbigdata                                bigdata       00000
__Lbigram                                 bigram        00000
__Lbss                                    bss           00000
__LbssBANK2                               bssBANK2      00000
__LbssBANK3                               bssBANK3      00000
__LbssBANK4                               bssBANK4      00000
__LbssCOMRAM                              bssCOMRAM     00000
__Lcinit                                  cinit         00000
__Lclrtext                                clrtext       00000
__Lcomram                                 comram        00000
__Lconfig                                 config        1FFF8
__Lconst                                  const         00000
__LcstackBANK0                            cstackBANK0   00000
__LcstackBANK1                            cstackBANK1   00000
__LcstackBANK2                            cstackBANK2   00000
__LcstackCOMRAM                           cstackCOMRAM  00000
__Ldata                                   data          00000
__LdataBANK2                              dataBANK2     00000
__LdataCOMRAM                             dataCOMRAM    00000
__Lfarbss                                 farbss        00000
__Lfardata                                fardata       00000
__Libigdata                               ibigdata      00000
__Lidata                                  idata         00000
__LidataBANK2                             idataBANK2    00000
__LidataCOMRAM                            idataCOMRAM   00000
__Lidloc                                  idloc         00000
__Lifardata                               ifardata      00000
__Linit                                   init          000B6
__Lintcode                                intcode       00008
__Lintcode_body                           intcode_body  00000
__Lintcodelo                              intcodelo     000B6
__Lintentry                               intentry      00000
__Lintret                                 intret        00000
__Lintsave_regs                           intsave_regs  00000
__Lirdata                                 irdata        00000
__Ljflash_buffer                          jflash_buffer 1F800
__Lmediumconst                            mediumconst   0FEDE
__LnvBANK2                                nvBANK2       00000
__LnvCOMRAM                               nvCOMRAM      00000
__LnvFARRAM                               nvFARRAM      00000
__Lnvbit                                  nvbit         00000
__Lnvrram                                 nvrram        00000
__Lparam                                  rparam        00000
__Lpowerup                                powerup       000B6
__Lram                                    ram           00000
__Lramtop                                 ramtop        01000
__Lrbit                                   rbit          00000
__Lrbss                                   rbss          00000
__Lrdata                                  rdata         00000
__Lreset_vec                              reset_vec     00000
__Lrparam                                 rparam        00000
__Lsfr                                    sfr           00000
__Lsmallconst                             smallconst    00000
__Lspace_0                                (abs)         00000
__Lspace_1                                (abs)         00000
__Lspace_2                                (abs)         00000
__Lstack                                  stack         00000
__Lstruct                                 struct        00000
__Ltemp                                   temp          0004D
__Ltext                                   text          00000
__Ltext0                                  text0         00000
__Ltext1                                  text1         00000
__Ltext10                                 text10        00000
__Ltext100                                text100       00000
__Ltext102                                text102       00000
__Ltext103                                text103       00000
__Ltext104                                text104       00000
__Ltext105                                text105       00000
__Ltext106                                text106       00000
__Ltext107                                text107       00000
__Ltext108                                text108       00000
__Ltext11                                 text11        00000
__Ltext12                                 text12        00000
__Ltext13                                 text13        00000
__Ltext14                                 text14        00000
__Ltext15                                 text15        00000
__Ltext16                                 text16        00000
__Ltext17                                 text17        00000
__Ltext18                                 text18        00000
__Ltext19                                 text19        00000
__Ltext2                                  text2         00000
__Ltext20                                 text20        00000
__Ltext21                                 text21        00000
__Ltext22                                 text22        00000
__Ltext23                                 text23        00000
__Ltext24                                 text24        00000
__Ltext25                                 text25        00000
__Ltext26                                 text26        00000
__Ltext27                                 text27        00000
__Ltext28                                 text28        00000
__Ltext29                                 text29        00000
__Ltext3                                  text3         00000
__Ltext30                                 text30        00000
__Ltext31                                 text31        00000
__Ltext32                                 text32        00000
__Ltext33                                 text33        00000
__Ltext34                                 text34        00000
__Ltext35                                 text35        00000
__Ltext36                                 text36        00000
__Ltext37                                 text37        00000
__Ltext38                                 text38        00000
__Ltext39                                 text39        00000
__Ltext4                                  text4         00000
__Ltext40                                 text40        00000
__Ltext41                                 text41        00000
__Ltext42                                 text42        00000
__Ltext43                                 text43        00000
__Ltext44                                 text44        00000
__Ltext45                                 text45        00000
__Ltext46                                 text46        00000
__Ltext47                                 text47        00000
__Ltext48                                 text48        00000
__Ltext49                                 text49        00000
__Ltext5                                  text5         00000
__Ltext50                                 text50        00000
__Ltext51                                 text51        00000
__Ltext52                                 text52        00000
__Ltext53                                 text53        00000
__Ltext54                                 text54        00000
__Ltext55                                 text55        00000
__Ltext56                                 text56        00000
__Ltext57                                 text57        00000
__Ltext58                                 text58        00000
__Ltext59                                 text59        00000
__Ltext6                                  text6         00000
__Ltext60                                 text60        00000
__Ltext61                                 text61        00000
__Ltext62                                 text62        00000
__Ltext63                                 text63        00000
__Ltext64                                 text64        00000
__Ltext65                                 text65        00000
__Ltext66                                 text66        00000
__Ltext67                                 text67        00000
__Ltext68                                 text68        00000
__Ltext69                                 text69        00000
__Ltext7                                  text7         00000
__Ltext70                                 text70        00000
__Ltext71                                 text71        00000
__Ltext72                                 text72        00000
__Ltext73                                 text73        00000
__Ltext74                                 text74        00000
__Ltext75                                 text75        00000
__Ltext76                                 text76        00000
__Ltext77                                 text77        00000
__Ltext78                                 text78        00000
__Ltext79                                 text79        00000
__Ltext8                                  text8         00000
__Ltext80                                 text80        00000
__Ltext81                                 text81        00000
__Ltext82                                 text82        00000
__Ltext83                                 text83        00000
__Ltext84                                 text84        00000
__Ltext85                                 text85        00000
__Ltext86                                 text86        00000
__Ltext87                                 text87        00000
__Ltext88                                 text88        00000
__Ltext89                                 text89        00000
__Ltext9                                  text9         00000
__Ltext90                                 text90        00000
__Ltext91                                 text91        00000
__Ltext92                                 text92        00000
__Ltext93                                 text93        00000
__Ltext94                                 text94        00000
__Ltext95                                 text95        00000
__Ltext96                                 text96        00000
__Ltext97                                 text97        00000
__Ltext98                                 text98        00000
__Ltext99                                 text99        00000
__S0                                      (abs)         1FFFE
__S1                                      (abs)         004E8
__S2                                      (abs)         00000
___extmem_base                            (abs)         20000
___inthi_sp                               stack         00000
___intlo_sp                               stack         00000
___lldiv                                  text21        1376C
___lldiv@counter                          cstackCOMRAM  0001F
___lldiv@dividend                         cstackCOMRAM  00013
___lldiv@divisor                          cstackCOMRAM  00017
___lldiv@quotient                         cstackCOMRAM  0001B
___llmod                                  text20        13A3A
___llmod@counter                          cstackCOMRAM  00028
___llmod@dividend                         cstackCOMRAM  00020
___llmod@divisor                          cstackCOMRAM  00024
___param_bank                             (abs)         00000
___rparam_used                            (abs)         00001
___sp                                     stack         00000
___wmul                                   text80        1437A
___wmul@multiplicand                      cstackCOMRAM  00015
___wmul@multiplier                        cstackCOMRAM  00013
___wmul@product                           cstackCOMRAM  00017
__accesstop                               (abs)         00060
__activetblptr                            (abs)         00003
__doprnt                                  text18        10000
__doprnt@ap                               cstackCOMRAM  0002D
__doprnt@c                                cstackBANK0   0006C
__doprnt@cp                               cstackBANK0   00063
__doprnt@f                                cstackCOMRAM  0002B
__doprnt@flag                             cstackBANK0   00065
__doprnt@idx                              cstackBANK0   00060
__doprnt@len                              cstackBANK0   00061
__doprnt@pb                               cstackCOMRAM  00029
__doprnt@prec                             cstackBANK0   0006A
__doprnt@val                              cstackBANK0   00066
__end_of_ADC_Initialize                   text30        144DE
__end_of_ARPV4_Init                       text26        141C4
__end_of_ARPV4_Lookup                     text84        13D2E
__end_of_ARPV4_Packet                     text59        11152
__end_of_ARPV4_Request                    text76        1191E
__end_of_ARPV4_Update                     text100       14254
__end_of_DHCP_Handler                     text41        1166C
__end_of_DHCP_Manage                      text66        12D0C
__end_of_DHCP_WriteZeros                  text96        14498
__end_of_DHCP_init                        text25        145EC
__end_of_DNS_Handler                      text42        11BC6
__end_of_ECCP1_Initialize                 text29        144C8
__end_of_ETH_CheckLinkUp                  text63        1432C
__end_of_ETH_ComputeChecksum              text88        12E30
__end_of_ETH_Copy                         text54        13452
__end_of_ETH_Dump                         text55        14226
__end_of_ETH_EdataRead                    text89        145BE
__end_of_ETH_EdataWrite                   text98        145E4
__end_of_ETH_EventHandler                 text61        13CD4
__end_of_ETH_Flush                        text58        13A3A
__end_of_ETH_GetByteCount                 text94        143E8
__end_of_ETH_GetMAC                       text27        13C1E
__end_of_ETH_GetReadPtr                   text49        145AA
__end_of_ETH_Init                         text16        11E6A
__end_of_ETH_Insert                       text93        13BC0
__end_of_ETH_NewPacket                    text82        126DA
__end_of_ETH_NextPacketUpdate             text57        14072
__end_of_ETH_PacketListReset              text24        13F1E
__end_of_ETH_Read16                       text53        140AE
__end_of_ETH_Read32                       text47        13D86
__end_of_ETH_Read8                        text46        1437A
__end_of_ETH_ReadBlock                    text60        13E30
__end_of_ETH_RemovePacket                 text62        131EC
__end_of_ETH_ResetByteCount               text81        145B4
__end_of_ETH_RxComputeChecksum            text56        13ED4
__end_of_ETH_Send                         text90        134FA
__end_of_ETH_SendQueued                   text91        1386E
__end_of_ETH_SetReadPtr                   text40        145A0
[...]
Total ram usage:        3 bytes
 Hardware stack levels used:    1
 Hardware stack levels required when called:    4
 This function calls:
		Nothing
 This function is called by:
		_Network_Manage
 This function uses a non-reentrant model


 *************** function _INTERRUPT_InterruptManager *****************
 Defined at:
		line 57 in file "mcc_generated_files/interrupt_manager.c"
 Parameters:    Size  Location     Type
		None
 Auto vars:     Size  Location     Type
		None
 Return value:  Size  Location     Type
                  1    wreg      void 
 Registers used:
		wreg, status,2, status,0, pclath, tosl, cstack
 Tracked objects:
		On entry : 
		On exit  : 
		Unchanged: 
 Data sizes:     COMRAM   BANK0   BANK1   BANK2   BANK3   BANK4   BANK5   BANK6   BANK7   BANK8   BANK9  BANK10  BANK11  BANK12  BANK13  BANK14  BANK15
      Params:         0       0       0       0       0       0       0       0       0       0       0       0       0       0       0       0       0
      Locals:         0       0       0       0       0       0       0       0       0       0       0       0       0       0       0       0       0
      Temps:         18       0       0       0       0       0       0       0       0       0       0       0       0       0       0       0       0
      Totals:        18       0       0       0       0       0       0       0       0       0       0       0       0       0       0       0       0
Total ram usage:       18 bytes
 Hardware stack levels used:    1
 Hardware stack levels required when called:    3
 This function calls:
		_TMR0_ISR
		_TMR1_ISR
 This function is called by:
		Interrupt level 2
 This function uses a non-reentrant model


 *************** function _TMR1_ISR *****************
 Defined at:
		line 144 in file "mcc_generated_files/tmr1.c"
 Parameters:    Size  Location     Type
		None
 Auto vars:     Size  Location     Type
		None
 Return value:  Size  Location     Type
                  1    wreg      void 
 Registers used:
		wreg, status,2, status,0, pclath, tosl, cstack
 Tracked objects:
		On entry : 
		On exit  : 
		Unchanged: 
 Data sizes:     COMRAM   BANK0   BANK1   BANK2   BANK3   BANK4   BANK5   BANK6   BANK7   BANK8   BANK9  BANK10  BANK11  BANK12  BANK13  BANK14  BANK15
      Params:         0       0       0       0       0       0       0       0       0       0       0       0       0       0       0       0       0
      Locals:         0       0       0       0       0       0       0       0       0       0       0       0       0       0       0       0       0
      Temps:          0       0       0       0       0       0       0       0       0       0       0       0       0       0       0       0       0
      Totals:         0       0       0       0       0       0       0       0       0       0       0       0       0       0       0       0       0
Total ram usage:        0 bytes
 Hardware stack levels used:    1
 Hardware stack levels required when called:    2
 This function calls:
		_TMR1_CallBack
 This function is called by:
		_INTERRUPT_InterruptManager
 This function uses a non-reentrant model


 *************** function _TMR1_CallBack *****************
 Defined at:
		line 166 in file "mcc_generated_files/tmr1.c"
 Parameters:    Size  Location     Type
		None
 Auto vars:     Size  Location     Type
		None
 Return value:  Size  Location     Type
                  1    wreg      void 
 Registers used:
		wreg, status,2, status,0, pclath, tosl, cstack
 Tracked objects:
		On entry : 
		On exit  : 
		Unchanged: 
 Data sizes:     COMRAM   BANK0   BANK1   BANK2   BANK3   BANK4   BANK5   BANK6   BANK7   BANK8   BANK9  BANK10  BANK11  BANK12  BANK13  BANK14  BANK15
      Params:         0       0       0       0       0       0       0       0       0       0       0       0       0       0       0       0       0
      Locals:         0       0       0       0       0       0       0       0       0       0       0       0       0       0       0       0       0
      Temps:          0       0       0       0       0       0       0       0       0       0       0       0       0       0       0       0       0
      Totals:         0       0       0       0       0       0       0       0       0       0       0       0       0       0       0       0       0
Total ram usage:        0 bytes
 Hardware stack levels used:    1
 Hardware stack levels required when called:    1
 This function calls:
		Absolute function
		_TMR1_DefaultInterruptHandler
		_rtcc_handler
 This function is called by:
		_TMR1_ISR
 This function uses a non-reentrant model


 *************** function _TMR1_DefaultInterruptHandler *****************
 Defined at:
		line 180 in file "mcc_generated_files/tmr1.c"
 Parameters:    Size  Location     Type
		None
 Auto vars:     Size  Location     Type
		None
 Return value:  Size  Location     Type
                  1    wreg      void 
 Registers used:
		None
 Tracked objects:
		On entry : 
		On exit  : 
		Unchanged: 
 Data sizes:     COMRAM   BANK0   BANK1   BANK2   BANK3   BANK4   BANK5   BANK6   BANK7   BANK8   BANK9  BANK10  BANK11  BANK12  BANK13  BANK14  BANK15
      Params:         0       0       0       0       0       0       0       0       0       0       0       0       0       0       0       0       0
      Locals:         0       0       0       0       0       0       0       0       0       0       0       0       0       0       0       0       0
      Temps:          0       0       0       0       0       0       0       0       0       0       0       0       0       0       0       0       0
      Totals:         0       0       0       0       0       0       0       0       0       0       0       0       0       0       0       0       0
Total ram usage:        0 bytes
 Hardware stack levels used:    1
 This function calls:
		Nothing
 This function is called by:
		_TMR1_Initialize
		_TMR1_CallBack
 This function uses a non-reentrant model


 *************** function _rtcc_handler *****************
 Defined at:
		line 95 in file "mcc_generated_files/TCPIPLibrary/rtcc.c"
 Parameters:    Size  Location     Type
		None
 Auto vars:     Size  Location     Type
		None
 Return value:  Size  Location     Type
                  1    wreg      void 
 Registers used:
		wreg, status,2, status,0
 Tracked objects:
		On entry : 
		On exit  : 
		Unchanged: 
 Data sizes:     COMRAM   BANK0   BANK1   BANK2   BANK3   BANK4   BANK5   BANK6   BANK7   BANK8   BANK9  BANK10  BANK11  BANK12  BANK13  BANK14  BANK15
      Params:         0       0       0       0       0       0       0       0       0       0       0       0       0       0       0       0       0
      Locals:         0       0       0       0       0       0       0       0       0       0       0       0       0       0       0       0       0
      Temps:          0       0       0       0       0       0       0       0       0       0       0       0       0       0       0       0       0
      Totals:         0       0       0       0       0       0       0       0       0       0       0       0       0       0       0       0       0
Total ram usage:        0 bytes
 Hardware stack levels used:    1
 This function calls:
		Nothing
 This function is called by:
		_rtcc_init
		_TMR1_CallBack
 This function uses a non-reentrant model


 *************** function _TMR0_ISR *****************
 Defined at:
		line 132 in file "mcc_generated_files/tmr0.c"
 Parameters:    Size  Location     Type
		None
 Auto vars:     Size  Location     Type
		None
 Return value:  Size  Location     Type
                  1    wreg      void 
 Registers used:
		wreg, status,2, status,0, pclath, tosl, cstack
 Tracked objects:
		On entry : 
		On exit  : 
		Unchanged: 
 Data sizes:     COMRAM   BANK0   BANK1   BANK2   BANK3   BANK4   BANK5   BANK6   BANK7   BANK8   BANK9  BANK10  BANK11  BANK12  BANK13  BANK14  BANK15
      Params:         0       0       0       0       0       0       0       0       0       0       0       0       0       0       0       0       0
      Locals:         0       0       0       0       0       0       0       0       0       0       0       0       0       0       0       0       0
      Temps:          0       0       0       0       0       0       0       0       0       0       0       0       0       0       0       0       0
      Totals:         0       0       0       0       0       0       0       0       0       0       0       0       0       0       0       0       0
Total ram usage:        0 bytes
 Hardware stack levels used:    1
 Hardware stack levels required when called:    1
 This function calls:
		Absolute function
		_TMR0_DefaultInterruptHandler
 This function is called by:
		_INTERRUPT_InterruptManager
 This function uses a non-reentrant model


 *************** function _TMR0_DefaultInterruptHandler *****************
 Defined at:
		line 156 in file "mcc_generated_files/tmr0.c"
 Parameters:    Size  Location     Type
		None
 Auto vars:     Size  Location     Type
		None
 Return value:  Size  Location     Type
                  1    wreg      void 
 Registers used:
		None
 Tracked objects:
		On entry : 
		On exit  : 
		Unchanged: 
 Data sizes:     COMRAM   BANK0   BANK1   BANK2   BANK3   BANK4   BANK5   BANK6   BANK7   BANK8   BANK9  BANK10  BANK11  BANK12  BANK13  BANK14  BANK15
      Params:         0       0       0       0       0       0       0       0       0       0       0       0       0       0       0       0       0
      Locals:         0       0       0       0       0       0       0       0       0       0       0       0       0       0       0       0       0
      Temps:          0       0       0       0       0       0       0       0       0       0       0       0       0       0       0       0       0
      Totals:         0       0       0       0       0       0       0       0       0       0       0       0       0       0       0       0       0
Total ram usage:        0 bytes
 Hardware stack levels used:    1
 This function calls:
		Nothing
 This function is called by:
		_TMR0_Initialize
		_TMR0_ISR
 This function uses a non-reentrant model



MODULE INFORMATION

Module		Function		Class		Link	Load	Size
mcc_generated_files/TCPIPLibrary/ETHxxJ6x_driver.c
		_ETH_EdataRead 		CODE           	145B4	0000	11
		_ETH_NewPacket 		CODE           	124E8	0000	499
		_PHY_Read      		CODE           	138E6	0000	117
		_ETH_ComputeChecksum		CODE           	12D0C	0000	293
		_ETH_EdataWrite		CODE           	145DE	0000	7
		_ETH_CheckLinkUp		CODE           	14302	0000	43
		_ETH_Write8    		CODE           	145BE	0000	11
		_ETH_Write32   		CODE           	14464	0000	27
		_ETH_Write16   		CODE           	14554	0000	15
		_ETH_Shift_Tx_Packets		CODE           	128A2	0000	411
		_ETH_Insert    		CODE           	13B60	0000	97
		_ETH_Read8     		CODE           	14354	0000	39
		_ETH_Read32    		CODE           	13D2E	0000	89
		_ETH_Read16    		CODE           	14072	0000	61
		_ETH_Init      		CODE           	11BC6	0000	677
		_ETH_RxComputeChecksum		CODE           	13E84	0000	81
		_ETH_NextPacketUpdate		CODE           	14034	0000	63
		_ETH_Flush     		CODE           	139CC	0000	111
		_ETH_PacketListReset		CODE           	13ED4	0000	75
		_ETH_WriteBlock		CODE           	140E8	0000	59
		_ETH_Send      		CODE           	13452	0000	169
		_ETH_WriteStart		CODE           	120A6	0000	547
		_ETH_ReadBlock 		CODE           	13DDC	0000	85
		_ETH_Copy      		CODE           	133A4	0000	175
		_ETH_GetMAC    		CODE           	13BC0	0000	95
		_PHY_WaitForBusy		CODE           	141C4	0000	51
		_ETH_ResetByteCount		CODE           	145AA	0000	11
		_ETH_Dump      		CODE           	141F6	0000	49
		_ETH_GetByteCount		CODE           	143C4	0000	37
		_ETH_SendQueued		CODE           	137EE	0000	129
		_ETH_WriteString		CODE           	13F1E	0000	75
		_ETH_TxComputeChecksum		CODE           	132CC	0000	217
		_ETH_RemovePacket		CODE           	1310A	0000	227
		_PHY_Write     		CODE           	1432C	0000	41
		_ETH_GetReadPtr		CODE           	145A0	0000	11
		_ETH_EventHandler		CODE           	13C7A	0000	91
		_ETH_SetReadPtr		CODE           	14596	0000	11

mcc_generated_files/TCPIPLibrary/ETHxxJ6x_driver.c estimated size: 4807

C:\Program Files\Microchip\xc8\v1.44\sources\common\doprnt.c
		__doprnt       		CODE           	10000	0000	1723

C:\Program Files\Microchip\xc8\v1.44\sources\common\doprnt.c estimated size: 1723

mcc_generated_files/TCPIPLibrary/dns_client.c
		_DNS_Handler   		CODE           	1191E	0000	681

mcc_generated_files/TCPIPLibrary/dns_client.c estimated size: 681

mcc_generated_files/eccp1.c
		_ECCP1_Initialize		CODE           	144B2	0000	23

mcc_generated_files/eccp1.c estimated size: 23

C:\Program Files\Microchip\xc8\v1.44\sources\common\Umul16.c
		___wmul        		CODE           	1437A	0000	39

C:\Program Files\Microchip\xc8\v1.44\sources\common\Umul16.c estimated size: 39

mcc_generated_files/TCPIPLibrary/udpv4.c
		_UDP_Receive   		CODE           	126DA	0000	457
		_UDP_Send      		CODE           	12F32	0000	243
		_UDP_Start     		CODE           	13C1E	0000	93

mcc_generated_files/TCPIPLibrary/udpv4.c estimated size: 793

mcc_generated_files/TCPIPLibrary/udpv4_port_handler_table.c
		_udp_table_nextEntry		CODE           	1415A	0000	57
		_udp_table_getIterator		CODE           	14582	0000	11

mcc_generated_files/TCPIPLibrary/udpv4_port_handler_table.c estimated size: 68

mcc_generated_files/tmr2.c
		_TMR2_Initialize		CODE           	144DE	0000	17

mcc_generated_files/tmr2.c estimated size: 17

mcc_generated_files/interrupt_manager.c
		_INTERRUPT_Initialize		CODE           	145E4	0000	5
		_INTERRUPT_InterruptManager		CODE           	0008	0000	175

mcc_generated_files/interrupt_manager.c estimated size: 180

C:\Program Files\Microchip\xc8\v1.44\sources\common\lldiv.c
		___lldiv       		CODE           	1376C	0000	131

C:\Program Files\Microchip\xc8\v1.44\sources\common\lldiv.c estimated size: 131

C:\Program Files\Microchip\xc8\v1.44\sources\common\memcmp.c
		_memcmp        		CODE           	134FA	0000	161

C:\Program Files\Microchip\xc8\v1.44\sources\common\memcmp.c estimated size: 161

C:\Program Files\Microchip\xc8\v1.44\sources\common\memcpy.c
		_memcpy        		CODE           	13FAE	0000	69

C:\Program Files\Microchip\xc8\v1.44\sources\common\memcpy.c estimated size: 69

mcc_generated_files/tmr0.c
		_TMR0_SetInterruptHandler		CODE           	1451C	0000	15
		_TMR0_DefaultInterruptHandler		CODE           	145F0	0000	3
		_TMR0_ISR      		CODE           	14254	0000	47
		_TMR0_Initialize		CODE           	14122	0000	57

mcc_generated_files/tmr0.c estimated size: 122

mcc_generated_files/pin_manager.c
		_PIN_MANAGER_Initialize		CODE           	13FF2	0000	67

mcc_generated_files/pin_manager.c estimated size: 67

mcc_generated_files/TCPIPLibrary/ip_database.c
		_ipdb_init     		CODE           	136D6	0000	151

mcc_generated_files/TCPIPLibrary/ip_database.c estimated size: 151

mcc_generated_files/TCPIPLibrary/icmp.c
		_ICMP_PortUnreachable		CODE           	12E30	0000	259
		_ICMP_Receive  		CODE           	13024	0000	231
		_ICMP_EchoReply		CODE           	12A3C	0000	375

mcc_generated_files/TCPIPLibrary/icmp.c estimated size: 865

mcc_generated_files/spi1.c
		_SPI1_Initialize		CODE           	1452A	0000	15

mcc_generated_files/spi1.c estimated size: 15

mcc_generated_files/TCPIPLibrary/network.c
		_Network_Read  		CODE           	1359A	0000	159
		_Network_Init  		CODE           	1440C	0000	31
		_Network_WaitForLink		CODE           	14562	0000	13
		_timersInit    		CODE           	14448	0000	29
		_Network_Manage		CODE           	13B00	0000	97

mcc_generated_files/TCPIPLibrary/network.c estimated size: 329

mcc_generated_files/adc.c
		_ADC_Initialize		CODE           	144C8	0000	23

mcc_generated_files/adc.c estimated size: 23

C:\Program Files\Microchip\xc8\v1.44\sources\common\printf.c
		_printf        		CODE           	140AE	0000	59

C:\Program Files\Microchip\xc8\v1.44\sources\common\printf.c estimated size: 59

mcc_generated_files/TCPIPLibrary/arpv4.c
		_ARPV4_Packet  		CODE           	10C10	0000	1347
		_ARPV4_Init    		CODE           	14192	0000	51
		_ARPV4_Lookup  		CODE           	13CD4	0000	91
		_ARPV4_Update  		CODE           	14226	0000	47
		_ARPV4_Request 		CODE           	1166C	0000	691

mcc_generated_files/TCPIPLibrary/arpv4.c estimated size: 2227

mcc_generated_files/TCPIPLibrary/mac_address.c
		_MAC_getAddress		CODE           	14578	0000	11

mcc_generated_files/TCPIPLibrary/mac_address.c estimated size: 11

mcc_generated_files/TCPIPLibrary/ipv4.c
		_IPV4_Send     		CODE           	13638	0000	159
		_IPV4_Packet   		CODE           	106BA	0000	1367
		_IPV4_GetDatagramLength		CODE           	144EE	0000	17
		_IPV4_PseudoHeaderChecksum		CODE           	131EC	0000	225
		_IPV4_GetStartPosition		CODE           	1458C	0000	11
		_IPv4_Start    		CODE           	11E6A	0000	573
		_IPV4_Init     		CODE           	145D8	0000	7
		_IPV4_SaveStartPosition		CODE           	14546	0000	15

mcc_generated_files/TCPIPLibrary/ipv4.c estimated size: 2374

C:\Program Files\Microchip\xc8\v1.44\sources\common\strlen.c
		_strlen        		CODE           	13E30	0000	85

C:\Program Files\Microchip\xc8\v1.44\sources\common\strlen.c estimated size: 85

mcc_generated_files/TCPIPLibrary/rtcc.c
		_rtcc_handler  		CODE           	144FE	0000	17
		_rtcc_init     		CODE           	143A0	0000	37
		_time          		CODE           	13D86	0000	87

mcc_generated_files/TCPIPLibrary/rtcc.c estimated size: 141

C:\Program Files\Microchip\xc8\v1.44\sources\common\strcmp.c
		_strcmp        		CODE           	13F68	0000	71

C:\Program Files\Microchip\xc8\v1.44\sources\common\strcmp.c estimated size: 71

shared
		_dhcpName      		MEDIUMCONST    	FF3B	0000	14
		_macAddress    		MEDIUMCONST    	FF52	0000	7
		_dpowers       		MEDIUMCONST    	FEDF	0000	41
		_UDP_CallBackTable		MEDIUMCONST    	FF48	0000	11
		__initialization		CODE           	1395A	0000	105
		_xorSequences  		MEDIUMCONST    	FF27	0000	19
		_hexpowers     		MEDIUMCONST    	FF07	0000	33
		_dnsXidValue   		MEDIUMCONST    	FF39	0000	3
		_broadcastMAC  		MEDIUMCONST    	FF58	0000	7

shared estimated size: 240

mcc_generated_files/mcc.c
		_OSCILLATOR_Initialize		CODE           	1456E	0000	11
		_SYSTEM_Initialize		CODE           	142AE	0000	43

mcc_generated_files/mcc.c estimated size: 54

mcc_generated_files/TCPIPLibrary/dhcp_client.c
		_DHCP_Handler  		CODE           	11152	0000	1307
		_sendDHCPDISCOVER		CODE           	1386E	0000	121
		_DHCP_init     		CODE           	145EA	0000	3
		_DHCP_WriteZeros		CODE           	1447E	0000	27
		_sendRequest   		CODE           	122C8	0000	545
		_DHCP_Manage   		CODE           	12BB2	0000	347
		_sendDHCPDECLINE		CODE           	145C8	0000	9
		_sendDHCPREQUEST		CODE           	145D0	0000	9

mcc_generated_files/TCPIPLibrary/dhcp_client.c estimated size: 2368

mcc_generated_files/tmr1.c
		_TMR1_Initialize		CODE           	142D8	0000	43
		_TMR1_SetInterruptHandler		CODE           	14538	0000	15
		_TMR1_DefaultInterruptHandler		CODE           	145EE	0000	3
		_TMR1_CallBack 		CODE           	143E8	0000	37
		_TMR1_ISR      		CODE           	14282	0000	45

mcc_generated_files/tmr1.c estimated size: 143

C:\Program Files\Microchip\xc8\v1.44\sources\common\isdigit.c
		_isdigit       		CODE           	1442A	0000	31

C:\Program Files\Microchip\xc8\v1.44\sources\common\isdigit.c estimated size: 31

C:\Program Files\Microchip\xc8\v1.44\sources\common\putch.c
		_putch         		CODE           	145EC	0000	3

C:\Program Files\Microchip\xc8\v1.44\sources\common\putch.c estimated size: 3

mcc_generated_files/TCPIPLibrary/lfsr.c
		_lfsr          		CODE           	14498	0000	27

mcc_generated_files/TCPIPLibrary/lfsr.c estimated size: 27

C:\Program Files\Microchip\xc8\v1.44\sources\common\llmod.c
		___llmod       		CODE           	13A3A	0000	103

C:\Program Files\Microchip\xc8\v1.44\sources\common\llmod.c estimated size: 103

main.c
		_main          		CODE           	1450E	0000	15

main.c estimated size: 15

