MPLINK 5.00, LINKER
Linker Map File - Created Wed Apr 18 18:31:38 2018

                                 Section Info
                  Section       Type    Address   Location Size(Bytes)
                ---------  ---------  ---------  ---------  ---------
               _entry_scn       code   0x000000    program   0x000006
           .idata_UDP.o_i    romdata   0x000006    program   0x000002
               highVector       code   0x000008    program   0x000006
          .idata_Tick.o_i    romdata   0x00000e    program   0x000004
           .idata_TCP.o_i    romdata   0x000012    program   0x000002
      .idata_StackTsk.o_i    romdata   0x000014    program   0x000002
            .idata_IP.o_i    romdata   0x000016    program   0x000002
                lowVector       code   0x000018    program   0x000006
                   .cinit    romdata   0x00001e    program   0x000092
              .code_TCP.o       code   0x0000b0    program   0x00452c
            .code_HTTP2.o       code   0x0045dc    program   0x0022f0
            .code_MPFS2.o       code   0x0068cc    program   0x001472
      .romdata_MPFSImg2.o    romdata   0x007d3e    program   0x000f59
    .romdata_ENCX24J600.o    romdata   0x008c97    program   0x000000
        .romdata_Hashes.o    romdata   0x008c97    program   0x000000
          .romdata_ICMP.o    romdata   0x008c97    program   0x000000
        .romdata___init.o    romdata   0x008c97    program   0x000000
   .romdata_LCDBlocking.o    romdata   0x008c97    program   0x000000
          .idata_NBNS.o_i    romdata   0x008c97    program   0x000001
        .romdata_Reboot.o    romdata   0x008c97    program   0x000000
          .idata_SMTP.o_i    romdata   0x008c97    program   0x000000
          .romdata_SNMP.o    romdata   0x008c97    program   0x000000
     .idata_SPIEEPROM.o_i    romdata   0x008c97    program   0x000000
     .romdata_SPIEEPROM.o    romdata   0x008c97    program   0x000000
        .idata_SPIRAM.o_i    romdata   0x008c97    program   0x000000
        .romdata_SPIRAM.o    romdata   0x008c97    program   0x000000
       .romdata_fxm3232.o    romdata   0x008c97    program   0x000000
      .idata_fxd3232u.o_i    romdata   0x008c97    program   0x000000
      .romdata_fxd1616u.o    romdata   0x008c97    program   0x000000
.romdata_TCPPerformanceTest.o    romdata   0x008c97    program   0x000000
         .idata_TFTPc.o_i    romdata   0x008c97    program   0x000000
        .romdata_Telnet.o    romdata   0x008c97    program   0x000000
          .idata_UART.o_i    romdata   0x008c97    program   0x000000
          .romdata_UART.o    romdata   0x008c97    program   0x000000
     .romdata_MainTitan.o    romdata   0x008c97    program   0x000000
           .romdata_UDP.o    romdata   0x008c97    program   0x000000
.idata_UDPPerformanceTest.o_i    romdata   0x008c97    program   0x000000
 .romdata_CustomHTTPApp.o    romdata   0x008c97    program   0x000000
          .romdata_DNSs.o    romdata   0x008c97    program   0x000000
         .romdata_DHCPs.o    romdata   0x008c97    program   0x000000
        .romdata_DynDNS.o    romdata   0x008c97    program   0x000000
        .romdata_AutoIP.o    romdata   0x008c97    program   0x000000
           .romdata_ARP.o    romdata   0x008c97    program   0x000000
         .idata_c018i.o_i    romdata   0x008c97    program   0x000000
              .code_UDP.o       code   0x008c98    program   0x000f3a
             .code_DHCP.o       code   0x009bd2    program   0x000f14
          .code_Helpers.o       code   0x00aae6    program   0x000abc
              .code_DNS.o       code   0x00b5a2    program   0x000a28
         .code_ETH97J60.o       code   0x00bfca    program   0x00092c
             .stringtable    romdata   0x00c8f6    program   0x000497
          .romdata_DHCP.o    romdata   0x00cd8d    program   0x000000
      .romdata_StackTsk.o    romdata   0x00cd8d    program   0x000000
         .idata_DHCPs.o_i    romdata   0x00cd8d    program   0x000000
         .romdata_c018i.o    romdata   0x00cd8d    program   0x000000
      .romdata_SPIFlash.o    romdata   0x00cd8d    program   0x000000
      .idata_SPIFlash.o_i    romdata   0x00cd8d    program   0x000000
           .romdata_DNS.o    romdata   0x00cd8d    program   0x000000
          .romdata_SNTP.o    romdata   0x00cd8d    program   0x000000
          .idata_SNMP.o_i    romdata   0x00cd8d    program   0x000000
          .romdata_SMTP.o    romdata   0x00cd8d    program   0x000000
          .idata_DNSs.o_i    romdata   0x00cd8d    program   0x000000
.idata_TCPPerformanceTest.o_i    romdata   0x00cd8d    program   0x000000
          .idata_DHCP.o_i    romdata   0x00cd8d    program   0x000001
         .romdata_TFTPc.o    romdata   0x00cd8d    program   0x000000
        .idata_Telnet.o_i    romdata   0x00cd8d    program   0x000000
        .idata___init.o_i    romdata   0x00cd8d    program   0x000000
   .romdata_BerkeleyAPI.o    romdata   0x00cd8d    program   0x000000
.idata_UART2TCPBridge.o_i    romdata   0x00cd8d    program   0x000000
.romdata_UART2TCPBridge.o    romdata   0x00cd8d    program   0x000000
       .idata_fxm3232.o_i    romdata   0x00cd8d    program   0x000000
.romdata_UDPPerformanceTest.o    romdata   0x00cd8d    program   0x000000
      .romdata_Announce.o    romdata   0x00cd8d    program   0x000000
          .romdata_Tick.o    romdata   0x00cd8d    program   0x000000
      .romdata_fxd3232u.o    romdata   0x00cd8d    program   0x000000
      .idata_fxd1616u.o_i    romdata   0x00cd8d    program   0x000000
        .idata_Hashes.o_i    romdata   0x00cd8d    program   0x000000
         .idata_HTTP2.o_i    romdata   0x00cd8d    program   0x000000
       .romdata_Helpers.o    romdata   0x00cd8d    program   0x000000
      .idata_ENC28J60.o_i    romdata   0x00cd8d    program   0x000000
      .romdata_ETH97J60.o    romdata   0x00cd8d    program   0x000000
          .idata_ICMP.o_i    romdata   0x00cd8d    program   0x000000
        .idata_DynDNS.o_i    romdata   0x00cd8d    program   0x000000
            .romdata_IP.o    romdata   0x00cd8d    program   0x000000
   .idata_LCDBlocking.o_i    romdata   0x00cd8d    program   0x000000
      .idata_ETH97J60.o_i    romdata   0x00cd8d    program   0x000000
         .idata_MPFS2.o_i    romdata   0x00cd8d    program   0x000000
         .romdata_MPFS2.o    romdata   0x00cd8d    program   0x000000
         .romdata_Delay.o    romdata   0x00cd8d    program   0x000000
        .idata_Reboot.o_i    romdata   0x00cd8d    program   0x000000
          .romdata_NBNS.o    romdata   0x00cd8d    program   0x000000
    .idata_ENCX24J600.o_i    romdata   0x00cd8d    program   0x000000
      .romdata_ENC28J60.o    romdata   0x00cd8d    program   0x000000
         .idata_Delay.o_i    romdata   0x00cd8d    program   0x000000
      .idata_MPFSImg2.o_i    romdata   0x00cd8d    program   0x000000
              .code_ARP.o       code   0x00cd8e    program   0x00048c
             .code_NBNS.o       code   0x00d21a    program   0x00047e
             .code_SNTP.o       code   0x00d698    program   0x000340
                   STRING       code   0x00d9d8    program   0x0002ea
        .code_MainTitan.o       code   0x00dcc2    program   0x0002ea
               .code_IP.o       code   0x00dfac    program   0x00029e
         .code_StackTsk.o       code   0x00e24a    program   0x00024e
                   STDLIB       code   0x00e498    program   0x000156
             .code_Tick.o       code   0x00e5ee    program   0x0000ea
             .code_ICMP.o       code   0x00e6d8    program   0x0000d4
                     PROG       code   0x00e7ac    program   0x0000ce
               _cinit_scn       code   0x00e87a    program   0x00009e
         .romdata_HTTP2.o    romdata   0x00e918    program   0x000072
          .code_fxm3232.o       code   0x00e98a    program   0x000070
    .code_CustomHTTPApp.o       code   0x00e9fa    program   0x000070
         .code_fxd3232u.o       code   0x00ea6a    program   0x000048
         .code_fxd1616u.o       code   0x00eab2    program   0x00002c
                    .code       code   0x00eade    program   0x00002c
             _startup_scn       code   0x00eb0a    program   0x00001c
           .romdata_TCP.o    romdata   0x00eb26    program   0x00000c
          .idata_SNTP.o_i    romdata   0x00eb32    program   0x00000a
     .idata_MainTitan.o_i    romdata   0x00eb3c    program   0x000009
       .idata_Helpers.o_i    romdata   0x00eb45    program   0x000004
           .idata_DNS.o_i    romdata   0x00eb49    program   0x000003
 .idata_CustomHTTPApp.o_i    romdata   0x00eb4c    program   0x000000
      .idata_Announce.o_i    romdata   0x00eb4c    program   0x000000
        .idata_AutoIP.o_i    romdata   0x00eb4c    program   0x000000
           .idata_ARP.o_i    romdata   0x00eb4c    program   0x000001
   .idata_BerkeleyAPI.o_i    romdata   0x00eb4c    program   0x000000
       .code_ENCX24J600.o       code   0x00eb4e    program   0x000000
            .code_c018i.o       code   0x00eb4e    program   0x000000
         .code_ENC28J60.o       code   0x00eb4e    program   0x000000
           .code_Reboot.o       code   0x00eb4e    program   0x000000
             .code_SMTP.o       code   0x00eb4e    program   0x000000
             .code_DNSs.o       code   0x00eb4e    program   0x000000
             .code_SNMP.o       code   0x00eb4e    program   0x000000
         .code_MPFSImg2.o       code   0x00eb4e    program   0x000000
        .code_SPIEEPROM.o       code   0x00eb4e    program   0x000000
         .code_SPIFlash.o       code   0x00eb4e    program   0x000000
            .code_DHCPs.o       code   0x00eb4e    program   0x000000
           .code_SPIRAM.o       code   0x00eb4e    program   0x000000
      .code_LCDBlocking.o       code   0x00eb4e    program   0x000000
            .code_Delay.o       code   0x00eb4e    program   0x000000
.code_TCPPerformanceTest.o       code   0x00eb4e    program   0x000000
      .code_BerkeleyAPI.o       code   0x00eb4e    program   0x000000
            .code_TFTPc.o       code   0x00eb4e    program   0x000000
           .code_Telnet.o       code   0x00eb4e    program   0x000000
           .code_AutoIP.o       code   0x00eb4e    program   0x000000
             .code_UART.o       code   0x00eb4e    program   0x000000
   .code_UART2TCPBridge.o       code   0x00eb4e    program   0x000000
           .code_Hashes.o       code   0x00eb4e    program   0x000000
           .code_DynDNS.o       code   0x00eb4e    program   0x000000
         .code_Announce.o       code   0x00eb4e    program   0x000000
.code_UDPPerformanceTest.o       code   0x00eb4e    program   0x000000
                   MACROM    romdata   0x01fff0    program   0x000006
           .code___init.o       code   0x01fff6    program   0x000002
.config_1fff8_MainTitan.o    romdata   0x01fff8    program   0x000001
.config_1fffa_MainTitan.o    romdata   0x01fffa    program   0x000001
.config_1fffd_MainTitan.o    romdata   0x01fffd    program   0x000001
                MATH_DATA      udata   0x000000       data   0x000014
                 .tmpdata      udata   0x000014       data   0x00000c
   HTTP_CONNECTION_STATES      udata   0x000060       data   0x000084
              .udata_IP.o      udata   0x0000e4       data   0x000012
           .udata_c018i.o      udata   0x0000f6       data   0x00000a
             .udata_UDP.o      udata   0x000100       data   0x0000f6
            .udata_Tick.o      udata   0x0001f6       data   0x00000a
             .udata_TCP.o      udata   0x000200       data   0x0000cf
            .udata_DHCP.o      udata   0x0002cf       data   0x000031
       SYN_QUEUE_RAM_SECT      udata   0x000300       data   0x00003c
         .udata_Helpers.o      udata   0x00033c       data   0x00003a
                 TCB_uRAM      udata   0x000376       data   0x000038
        .udata_ETH97J60.o      udata   0x0003ae       data   0x000034
        .udata_StackTsk.o      udata   0x0003e2       data   0x00000b
            .idata_SNTP.o      idata   0x0003ed       data   0x00000a
       .idata_MainTitan.o      idata   0x0003f7       data   0x000009
             .udata_ARP.o      udata   0x000400       data   0x000027
             .udata_DNS.o      udata   0x000427       data   0x000026
            .udata_NBNS.o      udata   0x00044d       data   0x000005
            .udata_SNTP.o      udata   0x000452       data   0x000004
            .udata_ICMP.o      udata   0x000456       data   0x000004
            .idata_Tick.o      idata   0x00045a       data   0x000004
         .idata_Helpers.o      idata   0x00045e       data   0x000004
     vending_machine_data      udata   0x000462       data   0x000003
             .idata_DNS.o      idata   0x000465       data   0x000003
             .idata_UDP.o      idata   0x000468       data   0x000002
             .idata_TCP.o      idata   0x00046a       data   0x000002
        .idata_StackTsk.o      idata   0x00046c       data   0x000002
              .idata_IP.o      idata   0x00046e       data   0x000002
            .idata_NBNS.o      idata   0x000470       data   0x000001
            .idata_DHCP.o      idata   0x000471       data   0x000001
             .idata_ARP.o      idata   0x000472       data   0x000001
          .udata_Reboot.o      udata   0x000473       data   0x000000
          .idata_Telnet.o      idata   0x000473       data   0x000000
          .udata_Telnet.o      udata   0x000473       data   0x000000
           .idata_TFTPc.o      idata   0x000473       data   0x000000
           .udata_TFTPc.o      udata   0x000473       data   0x000000
.idata_TCPPerformanceTest.o      idata   0x000473       data   0x000000
          .idata_Reboot.o      idata   0x000473       data   0x000000
.udata_TCPPerformanceTest.o      udata   0x000473       data   0x000000
          .udata_Hashes.o      udata   0x000473       data   0x000000
          .idata_Hashes.o      idata   0x000473       data   0x000000
            .udata_SMTP.o      udata   0x000473       data   0x000000
        .idata_MPFSImg2.o      idata   0x000473       data   0x000000
        .udata_MPFSImg2.o      udata   0x000473       data   0x000000
            .idata_SMTP.o      idata   0x000473       data   0x000000
            .udata_SNMP.o      udata   0x000473       data   0x000000
            .idata_SNMP.o      idata   0x000473       data   0x000000
       .udata_SPIEEPROM.o      udata   0x000473       data   0x000000
           .idata_MPFS2.o      idata   0x000473       data   0x000000
       .idata_SPIEEPROM.o      idata   0x000473       data   0x000000
          .idata_SPIRAM.o      idata   0x000473       data   0x000000
     .idata_LCDBlocking.o      idata   0x000473       data   0x000000
            .idata_ICMP.o      idata   0x000473       data   0x000000
          .udata_SPIRAM.o      udata   0x000473       data   0x000000
     .udata_LCDBlocking.o      udata   0x000473       data   0x000000
        .udata_SPIFlash.o      udata   0x000473       data   0x000000
        .idata_SPIFlash.o      idata   0x000473       data   0x000000
        .idata_ENC28J60.o      idata   0x000473       data   0x000000
        .udata_ENC28J60.o      udata   0x000473       data   0x000000
          .idata_DynDNS.o      idata   0x000473       data   0x000000
          .udata_DynDNS.o      udata   0x000473       data   0x000000
           .idata_Delay.o      idata   0x000473       data   0x000000
           .udata_Delay.o      udata   0x000473       data   0x000000
            .idata_DNSs.o      idata   0x000473       data   0x000000
            .udata_DNSs.o      udata   0x000473       data   0x000000
        .udata_fxd1616u.o      udata   0x000473       data   0x000000
           .idata_DHCPs.o      idata   0x000473       data   0x000000
           .udata_DHCPs.o      udata   0x000473       data   0x000000
        .idata_fxd1616u.o      idata   0x000473       data   0x000000
        .udata_fxd3232u.o      udata   0x000473       data   0x000000
        .idata_fxd3232u.o      idata   0x000473       data   0x000000
         .udata_fxm3232.o      udata   0x000473       data   0x000000
     .idata_BerkeleyAPI.o      idata   0x000473       data   0x000000
     .udata_BerkeleyAPI.o      udata   0x000473       data   0x000000
          .idata_AutoIP.o      idata   0x000473       data   0x000000
          .udata_AutoIP.o      udata   0x000473       data   0x000000
        .idata_Announce.o      idata   0x000473       data   0x000000
        .udata_Announce.o      udata   0x000473       data   0x000000
         .idata_fxm3232.o      idata   0x000473       data   0x000000
          .udata___init.o      udata   0x000473       data   0x000000
          .idata___init.o      idata   0x000473       data   0x000000
           .idata_c018i.o      idata   0x000473       data   0x000000
           .idata_HTTP2.o      idata   0x000473       data   0x000000
            .udata_UART.o      udata   0x000473       data   0x000000
            .idata_UART.o      idata   0x000473       data   0x000000
  .udata_UART2TCPBridge.o      udata   0x000473       data   0x000000
  .idata_UART2TCPBridge.o      idata   0x000473       data   0x000000
.udata_UDPPerformanceTest.o      udata   0x000473       data   0x000000
.idata_UDPPerformanceTest.o      idata   0x000473       data   0x000000
   .udata_CustomHTTPApp.o      udata   0x000473       data   0x000000
      .udata_ENCX24J600.o      udata   0x000473       data   0x000000
      .idata_ENCX24J600.o      idata   0x000473       data   0x000000
        .idata_ETH97J60.o      idata   0x000473       data   0x000000
       .udata_MainTitan.o      udata   0x000473       data   0x000000
   .idata_CustomHTTPApp.o      idata   0x000473       data   0x000000
            UDP.o:UDPInit     actrec   0x000c00       data   0x000001
      TCP.o:TCPRAMCopyROM     actrec   0x000c00       data   0x000012
  TCP.o:TCPAdjustFIFOSize     actrec   0x000c00       data   0x000006
         TCP.o:TCPProcess     actrec   0x000c00       data   0x000025
  TCP.o:TCPFindROMArrayEx     actrec   0x000c00       data   0x000031
     TCP.o:TCPFindArrayEx     actrec   0x000c00       data   0x000030
         UDP.o:UDPProcess     actrec   0x000c00       data   0x000019
        SNTP.o:SNTPClient     actrec   0x000c00       data   0x000032
 SNTP.o:SNTPGetUTCSeconds     actrec   0x000c00       data   0x000008
             TCP.o:TCPPut     actrec   0x000c00       data   0x000002
   TCP.o:TCPGetTxFIFOFull     actrec   0x000c00       data   0x000004
             TCP.o:TCPGet     actrec   0x000c00       data   0x000002
       TCP.o:TCPPeekArray     actrec   0x000c00       data   0x000006
   TCP.o:TCPGetRxFIFOFree     actrec   0x000c00       data   0x000004
MainTitan.o:SaveAppConfig     actrec   0x000c00       data   0x000006
        TCP.o:TCPGetArray     actrec   0x000c00       data   0x000004
    HTTP2.o:HTTPURLDecode     actrec   0x000c00       data   0x000009
     HTTP2.o:HTTPSendFile     actrec   0x000c00       data   0x000045
     HTTP2.o:HTTPLoadConn     actrec   0x000c00       data   0x000002
         HTTP2.o:HTTPInit     actrec   0x000c00       data   0x000002
   ETH97J60.o:WritePHYReg     actrec   0x000c00       data   0x000001
    ETH97J60.o:ReadPHYReg     actrec   0x000c00       data   0x000002
      HTTP2.o:HTTPIncFile     actrec   0x000c00       data   0x000045
Helpers.o:GenerateRandomDWORD     actrec   0x000c00       data   0x000014
Helpers.o:StringToIPAddress     actrec   0x000c00       data   0x000007
Helpers.o:ROMStringToIPAddress     actrec   0x000c00       data   0x000007
          Helpers.o:uitoa     actrec   0x000c00       data   0x000006
 Helpers.o:stricmppgm2ram     actrec   0x000c00       data   0x000002
  ETH97J60.o:MACGetHeader     actrec   0x000c00       data   0x000014
Helpers.o:leftRotateDWORD     actrec   0x000c00       data   0x000002
     DNS.o:DNSDiscardName     actrec   0x000c00       data   0x000001
Helpers.o:FormatNetBIOSName     actrec   0x000c00       data   0x000001
         ARP.o:ARPSendPkt     actrec   0x000c00       data   0x00001c
         ARP.o:ARPProcess     actrec   0x000c00       data   0x00001c
          NBNS.o:NBNSTask     actrec   0x000c00       data   0x000021
  MPFS2.o:MPFSGetFilename     actrec   0x000c00       data   0x000004
         ARP.o:ARPResolve     actrec   0x000c00       data   0x00001c
          DHCP.o:DHCPInit     actrec   0x000c00       data   0x000001
      DHCP.o:_DHCPReceive     actrec   0x000c00       data   0x000009
         DHCP.o:_DHCPSend     actrec   0x000c00       data   0x000005
         MPFS2.o:MPFSOpen     actrec   0x000c00       data   0x000018
         MPFS2.o:MPFSInit     actrec   0x000c00       data   0x000001
        Helpers.o:strnchr     actrec   0x000c00       data   0x000001
      Helpers.o:strncpy_m     actrec   0x000c00       data   0x000008
       ICMP.o:ICMPProcess     actrec   0x000c00       data   0x000004
       DNS.o:DNSPutString     actrec   0x000c00       data   0x000004
         IP.o:IPGetHeader     actrec   0x000c00       data   0x000016
    DNS.o:DNSPutROMString     actrec   0x000c00       data   0x000005
       ETH97J60.o:MACInit     actrec   0x000c01       data   0x000001
            TCP.o:TCPOpen     actrec   0x000c02       data   0x000001
     UDP.o:UDPPutROMArray     actrec   0x000c05       data   0x000002
            TCP.o:TCPPeek     actrec   0x000c06       data   0x000001
          DHCP.o:DHCPTask     actrec   0x000c09       data   0x000001
     TCP.o:TCPPutROMArray     actrec   0x000c12       data   0x000006
            TCP.o:TCPInit     actrec   0x000c14       data   0x00000b
ETH97J60.o:MACCalcRxChecksum     actrec   0x000c16       data   0x000004
 UDP.o:FindMatchingSocket     actrec   0x000c19       data   0x000004
            TCP.o:TCPTick     actrec   0x000c1c       data   0x00000a
            UDP.o:UDPTask     actrec   0x000c1c       data   0x000005
   Helpers.o:LFSRSeedRand     actrec   0x000c1f       data   0x000005
       NBNS.o:NBNSGetName     actrec   0x000c21       data   0x000003
       NBNS.o:NBNSPutName     actrec   0x000c21       data   0x000002
       TCP.o:HandleTCPSeg     actrec   0x000c25       data   0x00001c
 TCP.o:FindMatchingSocket     actrec   0x000c25       data   0x000006
  ETH97J60.o:MACDiscardRx     actrec   0x000c26       data   0x000002
       HTTP2.o:HTTPReadTo     actrec   0x000c30       data   0x000003
HTTP2.o:HTTPHeaderParseContentLength     actrec   0x000c31       data   0x00000c
        UDP.o:UDPGetArray     actrec   0x000c32       data   0x000002
           UDP.o:UDPFlush     actrec   0x000c32       data   0x00001c
     Tick.o:TickGetDiv64K     actrec   0x000c32       data   0x000004
        UDP.o:UDPPutArray     actrec   0x000c32       data   0x000002
          UDP.o:UDPOpenEx     actrec   0x000c32       data   0x000003
HTTP2.o:HTTPReadPostValue     actrec   0x000c33       data   0x000001
 HTTP2.o:HTTPReadPostName     actrec   0x000c33       data   0x000001
       Helpers.o:LFSRRand     actrec   0x000c41       data   0x000001
TCP.o:GetMaxSegSizeOption     actrec   0x000c41       data   0x000004
      MPFS2.o:MPFSOpenROM     actrec   0x000c45       data   0x000019
            TCP.o:SendTCP     actrec   0x000c45       data   0x000028
         MPFS2.o:MPFSSeek     actrec   0x000c45       data   0x000004
     Tick.o:TickGetDiv256     actrec   0x000c45       data   0x000004
      TCP.o:TCPIsPutReady     actrec   0x000c45       data   0x000001
       MPFS2.o:MPFSOpenID     actrec   0x000c45       data   0x000001
ETH97J60.o:MACSetReadPtrInRx     actrec   0x000c45       data   0x000002
      DNS.o:DNSIsResolved     actrec   0x000c4e       data   0x000019
          MPFS2.o:MPFSGet     actrec   0x000c5e       data   0x000004
     MPFS2.o:MPFSGetArray     actrec   0x000c5e       data   0x000004
ETH97J60.o:MACSetWritePtr     actrec   0x000c6d       data   0x000002
           Tick.o:TickGet     actrec   0x000c6d       data   0x000004
 ETH97J60.o:MACSetReadPtr     actrec   0x000c6d       data   0x000002
ETH97J60.o:MACGetFreeRxSize     actrec   0x000c6d       data   0x000004
ETH97J60.o:CalcIPBufferChecksum     actrec   0x000c6d       data   0x00001e
ETH97J60.o:MACMemCopyAsync     actrec   0x000c6d       data   0x000006
         IP.o:IPPutHeader     actrec   0x000c6d       data   0x000014
      ETH97J60.o:MACFlush     actrec   0x000c71       data   0x000001
 Helpers.o:CalcIPChecksum     actrec   0x000c81       data   0x000008
          Helpers.o:swaps     actrec   0x000c81       data   0x000003
     StackTsk.o:StackTask     actrec   0x000c8b       data   0x000009
      HTTP2.o:HTTPProcess     actrec   0x000c8b       data   0x000019
        TCP.o:TCPPutArray     actrec   0x000ca4       data   0x000006
   ETH97J60.o:MACGetArray     actrec   0x000caa       data   0x000003
       HTTP2.o:HTTPServer     actrec   0x000cad       data   0x000001
                   .stack      udata   0x000d00       data   0x000100
           .udata_MPFS2.o      udata   0x000e00       data   0x000080
              SFR_BANKED0      udata   0x000e80       data   0x000006
              SFR_BANKED1      udata   0x000e8a       data   0x000001
              SFR_BANKED2      udata   0x000e97       data   0x000003
              SFR_BANKED3      udata   0x000ea0       data   0x000001
              SFR_BANKED4      udata   0x000ea2       data   0x000003
              SFR_BANKED5      udata   0x000ea6       data   0x000002
              SFR_BANKED6      udata   0x000eaa       data   0x000002
              SFR_BANKED7      udata   0x000eb2       data   0x000001
              SFR_BANKED8      udata   0x000eb4       data   0x000001
              SFR_BANKED9      udata   0x000eb6       data   0x000004
             SFR_BANKED10      udata   0x000ec0       data   0x000012
             SFR_BANKED11      udata   0x000ed4       data   0x000002
             SFR_BANKED12      udata   0x000ed8       data   0x000002
             SFR_BANKED13      udata   0x000ee2       data   0x000016
             SFR_BANKED14      udata   0x000efb       data   0x000001
             SFR_BANKED15      udata   0x000efd       data   0x000002
application_configuration      udata   0x000f00       data   0x00003d
           .udata_HTTP2.o      udata   0x000f3d       data   0x000021
              temp_tblptr      udata   0x000f5e       data   0x000002
            SFR_UNBANKED0      udata   0x000f60       data   0x0000a0



                              Program Memory Usage 
                               Start         End      
                           ---------   ---------      
                            0x000000    0x00eb4c      
                            0x01fff0    0x01fff8      
                            0x01fffa    0x01fffa      
                            0x01fffd    0x01fffd      
            60248 out of 131072 program addresses used, program memory utilization is 45%



                              Symbols - Sorted by Name
                     Name    Address   Location    Storage File                     
                ---------  ---------  ---------  --------- ---------                
                  ARPInit   0x00cee4    program     extern C:\Work\Titan\Microchip\TCPIP Stack\ARP.c
            ARPIsResolved   0x00d0d0    program     extern C:\Work\Titan\Microchip\TCPIP Stack\ARP.c
               ARPProcess   0x00cefc    program     extern C:\Work\Titan\Microchip\TCPIP Stack\ARP.c
                   ARPPut   0x00cdd4    program     static C:\Work\Titan\Microchip\TCPIP Stack\ARP.c
               ARPResolve   0x00d048    program     extern C:\Work\Titan\Microchip\TCPIP Stack\ARP.c
               ARPSendPkt   0x00cd8e    program     extern C:\Work\Titan\Microchip\TCPIP Stack\ARP.c
     CalcIPBufferChecksum   0x00c4c4    program     extern C:\Work\Titan\Microchip\TCPIP Stack\ETH97J60.c
           CalcIPChecksum   0x00b2b0    program     extern C:\Work\Titan\Microchip\TCPIP Stack\Helpers.c
              CloseSocket   0x003062    program     static C:\Work\Titan\Microchip\TCPIP Stack\TCP.c
              DHCPDisable   0x009c1a    program     extern C:\Work\Titan\Microchip\TCPIP Stack\DHCP.c
               DHCPEnable   0x009c32    program     extern C:\Work\Titan\Microchip\TCPIP Stack\DHCP.c
                 DHCPInit   0x009bd2    program     extern C:\Work\Titan\Microchip\TCPIP Stack\DHCP.c
              DHCPIsBound   0x009c5a    program     extern C:\Work\Titan\Microchip\TCPIP Stack\DHCP.c
            DHCPIsEnabled   0x009c4a    program     extern C:\Work\Titan\Microchip\TCPIP Stack\DHCP.c
     DHCPIsServerDetected   0x009c76    program     extern C:\Work\Titan\Microchip\TCPIP Stack\DHCP.c
         DHCPStateChanged   0x009c64    program     extern C:\Work\Titan\Microchip\TCPIP Stack\DHCP.c
                 DHCPTask   0x009c96    program     extern C:\Work\Titan\Microchip\TCPIP Stack\DHCP.c
           DHCPTempIPAddr   0x009c84    program     extern C:\Work\Titan\Microchip\TCPIP Stack\DHCP.c
            DNSBeginUsage   0x00b5a2    program     extern C:\Work\Titan\Microchip\TCPIP Stack\DNS.c
           DNSDiscardName   0x00bf80    program     static C:\Work\Titan\Microchip\TCPIP Stack\DNS.c
              DNSEndUsage   0x00b5b4    program     extern C:\Work\Titan\Microchip\TCPIP Stack\DNS.c
            DNSIsResolved   0x00b660    program     extern C:\Work\Titan\Microchip\TCPIP Stack\DNS.c
          DNSPutROMString   0x00beb0    program     static C:\Work\Titan\Microchip\TCPIP Stack\DNS.c
             DNSPutString   0x00be00    program     static C:\Work\Titan\Microchip\TCPIP Stack\DNS.c
               DNSResolve   0x00b5da    program     extern C:\Work\Titan\Microchip\TCPIP Stack\DNS.c
            DNSResolveROM   0x00b61a    program     extern C:\Work\Titan\Microchip\TCPIP Stack\DNS.c
                 FXD1616U   0x00eab2    program     extern E:\3.46\pic18-lt\cxx-framework\src\traditional\math\fxd1616u.c
                 FXD3232U   0x00ea6a    program     extern E:\3.46\pic18-lt\cxx-framework\src\traditional\math\fxd3232u.c
                 FXM1616U   0x00e7ac    program     extern E:\3.46\pic18-lt\cxx-framework\src\traditional\math\fxm1616u.asm
                 FXM2424U   0x00e7e8    program     extern E:\3.46\pic18-lt\cxx-framework\src\traditional\math\fxm2424u.asm
                  FXM3232   0x00e98a    program     extern E:\3.46\pic18-lt\cxx-framework\src\traditional\math\fxm3232.c
       FindMatchingSocket   0x009a5a    program     static C:\Work\Titan\Microchip\TCPIP Stack\UDP.c
       FindMatchingSocket   0x002958    program     static C:\Work\Titan\Microchip\TCPIP Stack\TCP.c
        FormatNetBIOSName   0x00b3f2    program     extern C:\Work\Titan\Microchip\TCPIP Stack\Helpers.c
      GenerateRandomDWORD   0x00abc8    program     extern C:\Work\Titan\Microchip\TCPIP Stack\Helpers.c
      GetMaxSegSizeOption   0x0030ec    program     static C:\Work\Titan\Microchip\TCPIP Stack\TCP.c
              GetTickCopy   0x00e5fe    program     static C:\Work\Titan\Microchip\TCPIP Stack\Tick.c
           HTTPExecuteGet   0x00e9fa    program     extern C:\Work\Titan\Titan67j60_Soft\SecondProbe\CustomHTTPApp.c
          HTTPExecutePost   0x00ea00    program     extern C:\Work\Titan\Titan67j60_Soft\SecondProbe\CustomHTTPApp.c
               HTTPGetArg   0x0061e4    program     extern C:\Work\Titan\Microchip\TCPIP Stack\HTTP2.c
            HTTPGetROMArg   0x00629e    program     extern C:\Work\Titan\Microchip\TCPIP Stack\HTTP2.c
HTTPHeaderParseContentLength   0x005ff0    program     static C:\Work\Titan\Microchip\TCPIP Stack\HTTP2.c
    HTTPHeaderParseLookup   0x005fe2    program     static C:\Work\Titan\Microchip\TCPIP Stack\HTTP2.c
              HTTPIncFile   0x00677a    program     extern C:\Work\Titan\Microchip\TCPIP Stack\HTTP2.c
                 HTTPInit   0x0046be    program     extern C:\Work\Titan\Microchip\TCPIP Stack\HTTP2.c
             HTTPLoadConn   0x004898    program     static C:\Work\Titan\Microchip\TCPIP Stack\HTTP2.c
                HTTPPrint   0x0045dc    program     extern C:\Work\Titan\Titan67j60_Soft\SecondProbe\HTTPPrint.h
               HTTPPrint_   0x004694    program     extern C:\Work\Titan\Titan67j60_Soft\SecondProbe\HTTPPrint.h
      HTTPPrint_builddate   0x00ea38    program     extern C:\Work\Titan\Titan67j60_Soft\SecondProbe\CustomHTTPApp.c
        HTTPPrint_version   0x00ea06    program     extern C:\Work\Titan\Titan67j60_Soft\SecondProbe\CustomHTTPApp.c
              HTTPProcess   0x004956    program     static C:\Work\Titan\Microchip\TCPIP Stack\HTTP2.c
         HTTPReadPostName   0x006394    program     extern C:\Work\Titan\Microchip\TCPIP Stack\HTTP2.c
        HTTPReadPostValue   0x0063d6    program     extern C:\Work\Titan\Microchip\TCPIP Stack\HTTP2.c
               HTTPReadTo   0x006480    program     static C:\Work\Titan\Microchip\TCPIP Stack\HTTP2.c
       HTTPRequestHeaders   0x00e981    program     static C:\Work\Titan\Microchip\TCPIP Stack\HTTP2.c
      HTTPResponseHeaders   0x00e963    program     static C:\Work\Titan\Microchip\TCPIP Stack\HTTP2.c
             HTTPSendFile   0x005dd0    program     static C:\Work\Titan\Microchip\TCPIP Stack\HTTP2.c
               HTTPServer   0x004780    program     extern C:\Work\Titan\Microchip\TCPIP Stack\HTTP2.c
            HTTPURLDecode   0x0060c6    program     extern C:\Work\Titan\Microchip\TCPIP Stack\HTTP2.c
                HTTP_CRLF   0x00e918    program     static C:\Work\Titan\Microchip\TCPIP Stack\HTTP2.c
             HandleTCPSeg   0x0031f4    program     static C:\Work\Titan\Microchip\TCPIP Stack\TCP.c
                  HighISR   0x00dd7c    program     extern C:\Work\Titan\Titan67j60_Soft\SecondProbe\MainTitan.c
               HighVector   0x000008    program     extern C:\Work\Titan\Titan67j60_Soft\SecondProbe\MainTitan.c
              ICMPProcess   0x00e6d8    program     extern C:\Work\Titan\Microchip\TCPIP Stack\ICMP.c
              IPGetHeader   0x00dfac    program     extern C:\Work\Titan\Microchip\TCPIP Stack\IP.c
              IPPutHeader   0x00e0a0    program     extern C:\Work\Titan\Microchip\TCPIP Stack\IP.c
            IPSetRxBuffer   0x00e188    program     extern C:\Work\Titan\Microchip\TCPIP Stack\IP.c
            InitAppConfig   0x00de7e    program     static C:\Work\Titan\Titan67j60_Soft\SecondProbe\MainTitan.c
          InitializeBoard   0x00de4e    program     static C:\Work\Titan\Titan67j60_Soft\SecondProbe\MainTitan.c
                 LFSRRand   0x00ab42    program     extern C:\Work\Titan\Microchip\TCPIP Stack\Helpers.c
             LFSRSeedRand   0x00aae6    program     extern C:\Work\Titan\Microchip\TCPIP Stack\Helpers.c
                   LowISR   0x00dcc2    program     extern C:\Work\Titan\Titan67j60_Soft\SecondProbe\MainTitan.c
                LowVector   0x000018    program     extern C:\Work\Titan\Titan67j60_Soft\SecondProbe\MainTitan.c
        MACCalcRxChecksum   0x00c446    program     extern C:\Work\Titan\Microchip\TCPIP Stack\ETH97J60.c
             MACDiscardRx   0x00c112    program     extern C:\Work\Titan\Microchip\TCPIP Stack\ETH97J60.c
                 MACFlush   0x00c396    program     extern C:\Work\Titan\Microchip\TCPIP Stack\ETH97J60.c
                   MACGet   0x00c792    program     extern C:\Work\Titan\Microchip\TCPIP Stack\ETH97J60.c
              MACGetArray   0x00c798    program     extern C:\Work\Titan\Microchip\TCPIP Stack\ETH97J60.c
         MACGetFreeRxSize   0x00c17e    program     extern C:\Work\Titan\Microchip\TCPIP Stack\ETH97J60.c
             MACGetHeader   0x00c21e    program     extern C:\Work\Titan\Microchip\TCPIP Stack\ETH97J60.c
                  MACInit   0x00bfca    program     extern C:\Work\Titan\Microchip\TCPIP Stack\ETH97J60.c
              MACIsLinked   0x00c0ba    program     extern C:\Work\Titan\Microchip\TCPIP Stack\ETH97J60.c
         MACIsMemCopyDone   0x00c784    program     extern C:\Work\Titan\Microchip\TCPIP Stack\ETH97J60.c
             MACIsTxReady   0x00c0d8    program     extern C:\Work\Titan\Microchip\TCPIP Stack\ETH97J60.c
          MACMemCopyAsync   0x00c5dc    program     extern C:\Work\Titan\Microchip\TCPIP Stack\ETH97J60.c
             MACPowerDown   0x00c8d6    program     extern C:\Work\Titan\Microchip\TCPIP Stack\ETH97J60.c
               MACPowerUp   0x00c8e8    program     extern C:\Work\Titan\Microchip\TCPIP Stack\ETH97J60.c
                   MACPut   0x00c7fe    program     extern C:\Work\Titan\Microchip\TCPIP Stack\ETH97J60.c
              MACPutArray   0x00c808    program     extern C:\Work\Titan\Microchip\TCPIP Stack\ETH97J60.c
             MACPutHeader   0x00c338    program     extern C:\Work\Titan\Microchip\TCPIP Stack\ETH97J60.c
           MACPutROMArray   0x00c83a    program     extern C:\Work\Titan\Microchip\TCPIP Stack\ETH97J60.c
            MACSetReadPtr   0x00c42a    program     extern C:\Work\Titan\Microchip\TCPIP Stack\ETH97J60.c
        MACSetReadPtrInRx   0x00c3bc    program     extern C:\Work\Titan\Microchip\TCPIP Stack\ETH97J60.c
           MACSetWritePtr   0x00c40e    program     extern C:\Work\Titan\Microchip\TCPIP Stack\ETH97J60.c
                MPFSClose   0x006f4e    program     extern C:\Work\Titan\Microchip\TCPIP Stack\MPFS2.c
                  MPFSGet   0x006f90    program     extern C:\Work\Titan\Microchip\TCPIP Stack\MPFS2.c
             MPFSGetArray   0x00710a    program     extern C:\Work\Titan\Microchip\TCPIP Stack\MPFS2.c
          MPFSGetBytesRem   0x007952    program     extern C:\Work\Titan\Microchip\TCPIP Stack\MPFS2.c
           MPFSGetEndAddr   0x007a8c    program     extern C:\Work\Titan\Microchip\TCPIP Stack\MPFS2.c
          MPFSGetFilename   0x007b48    program     extern C:\Work\Titan\Microchip\TCPIP Stack\MPFS2.c
             MPFSGetFlags   0x00782e    program     extern C:\Work\Titan\Microchip\TCPIP Stack\MPFS2.c
                MPFSGetID   0x007c8a    program     extern C:\Work\Titan\Microchip\TCPIP Stack\MPFS2.c
              MPFSGetLong   0x00731c    program     extern C:\Work\Titan\Microchip\TCPIP Stack\MPFS2.c
         MPFSGetMicrotime   0x007794    program     extern C:\Work\Titan\Microchip\TCPIP Stack\MPFS2.c
          MPFSGetPosition   0x007c0a    program     extern C:\Work\Titan\Microchip\TCPIP Stack\MPFS2.c
              MPFSGetSize   0x0078b8    program     extern C:\Work\Titan\Microchip\TCPIP Stack\MPFS2.c
         MPFSGetStartAddr   0x0079f2    program     extern C:\Work\Titan\Microchip\TCPIP Stack\MPFS2.c
         MPFSGetTimestamp   0x0076fa    program     extern C:\Work\Titan\Microchip\TCPIP Stack\MPFS2.c
                 MPFSInit   0x0068cc    program     extern C:\Work\Titan\Microchip\TCPIP Stack\MPFS2.c
                 MPFSOpen   0x00691a    program     extern C:\Work\Titan\Microchip\TCPIP Stack\MPFS2.c
               MPFSOpenID   0x006e3e    program     extern C:\Work\Titan\Microchip\TCPIP Stack\MPFS2.c
              MPFSOpenROM   0x006b96    program     extern C:\Work\Titan\Microchip\TCPIP Stack\MPFS2.c
                 MPFSSeek   0x00734e    program     extern C:\Work\Titan\Microchip\TCPIP Stack\MPFS2.c
              MPFS_000001   0x00813e    program     extern C:\Work\Titan\Titan67j60_Soft\SecondProbe\MPFSImg2.c
              MPFS_000002   0x00853e    program     extern C:\Work\Titan\Titan67j60_Soft\SecondProbe\MPFSImg2.c
              MPFS_000003   0x00893e    program     extern C:\Work\Titan\Titan67j60_Soft\SecondProbe\MPFSImg2.c
               MPFS_Start   0x007d3e    program     extern C:\Work\Titan\Titan67j60_Soft\SecondProbe\MPFSImg2.c
              NBNSGetName   0x00d5ea    program     static C:\Work\Titan\Microchip\TCPIP Stack\NBNS.c
              NBNSPutName   0x00d594    program     static C:\Work\Titan\Microchip\TCPIP Stack\NBNS.c
                 NBNSTask   0x00d21a    program     extern C:\Work\Titan\Microchip\TCPIP Stack\NBNS.c
                ProcessIO   0x00de38    program     static C:\Work\Titan\Titan67j60_Soft\SecondProbe\MainTitan.c
     ROMStringToIPAddress   0x00aec2    program     extern C:\Work\Titan\Microchip\TCPIP Stack\Helpers.c
               ReadPHYReg   0x00c876    program     extern C:\Work\Titan\Microchip\TCPIP Stack\ETH97J60.c
               SNTPClient   0x00d698    program     extern C:\Work\Titan\Microchip\TCPIP Stack\SNTP.c
        SNTPGetUTCSeconds   0x00d92e    program     extern C:\Work\Titan\Microchip\TCPIP Stack\SNTP.c
            SaveAppConfig   0x00df7a    program     extern C:\Work\Titan\Titan67j60_Soft\SecondProbe\MainTitan.c
                  SendTCP   0x0023cc    program     static C:\Work\Titan\Microchip\TCPIP Stack\TCP.c
     SerializedMACAddress   0x01fff0    program     static C:\Work\Titan\Titan67j60_Soft\SecondProbe\MainTitan.c
        StackApplications   0x00e48c    program     extern C:\Work\Titan\Microchip\TCPIP Stack\StackTsk.c
                StackInit   0x00e24a    program     extern C:\Work\Titan\Microchip\TCPIP Stack\StackTsk.c
                StackTask   0x00e2a2    program     extern C:\Work\Titan\Microchip\TCPIP Stack\StackTsk.c
        StringToIPAddress   0x00ad0c    program     extern C:\Work\Titan\Microchip\TCPIP Stack\Helpers.c
            SwapARPPacket   0x00d17c    program     extern C:\Work\Titan\Microchip\TCPIP Stack\ARP.c
             SwapIPHeader   0x00e1a0    program     static C:\Work\Titan\Microchip\TCPIP Stack\IP.c
            SwapTCPHeader   0x002eac    program     static C:\Work\Titan\Microchip\TCPIP Stack\TCP.c
                  SyncTCB   0x00013e    program     static C:\Work\Titan\Microchip\TCPIP Stack\TCP.c
              SyncTCBStub   0x0000b0    program     static C:\Work\Titan\Microchip\TCPIP Stack\TCP.c
        TCPAdjustFIFOSize   0x0041c6    program     extern C:\Work\Titan\Microchip\TCPIP Stack\TCP.c
                 TCPClose   0x000782    program     extern C:\Work\Titan\Microchip\TCPIP Stack\TCP.c
               TCPDiscard   0x000e28    program     extern C:\Work\Titan\Microchip\TCPIP Stack\TCP.c
            TCPDisconnect   0x0006a6    program     extern C:\Work\Titan\Microchip\TCPIP Stack\TCP.c
           TCPFindArrayEx   0x0012e6    program     extern C:\Work\Titan\Microchip\TCPIP Stack\TCP.c
                TCPFindEx   0x001a24    program     extern C:\Work\Titan\Microchip\TCPIP Stack\TCP.c
        TCPFindROMArrayEx   0x00166a    program     extern C:\Work\Titan\Microchip\TCPIP Stack\TCP.c
                 TCPFlush   0x000806    program     extern C:\Work\Titan\Microchip\TCPIP Stack\TCP.c
                   TCPGet   0x000eda    program     extern C:\Work\Titan\Microchip\TCPIP Stack\TCP.c
              TCPGetArray   0x000f86    program     extern C:\Work\Titan\Microchip\TCPIP Stack\TCP.c
         TCPGetRemoteInfo   0x0007a8    program     extern C:\Work\Titan\Microchip\TCPIP Stack\TCP.c
         TCPGetRxFIFOFree   0x0010ec    program     extern C:\Work\Titan\Microchip\TCPIP Stack\TCP.c
         TCPGetTxFIFOFull   0x000dc4    program     extern C:\Work\Titan\Microchip\TCPIP Stack\TCP.c
                  TCPInit   0x0001e8    program     extern C:\Work\Titan\Microchip\TCPIP Stack\TCP.c
           TCPIsConnected   0x000678    program     extern C:\Work\Titan\Microchip\TCPIP Stack\TCP.c
            TCPIsGetReady   0x000e5e    program     extern C:\Work\Titan\Microchip\TCPIP Stack\TCP.c
            TCPIsPutReady   0x000842    program     extern C:\Work\Titan\Microchip\TCPIP Stack\TCP.c
                  TCPOpen   0x00049a    program     extern C:\Work\Titan\Microchip\TCPIP Stack\TCP.c
                  TCPPeek   0x0012be    program     extern C:\Work\Titan\Microchip\TCPIP Stack\TCP.c
             TCPPeekArray   0x001148    program     extern C:\Work\Titan\Microchip\TCPIP Stack\TCP.c
               TCPProcess   0x002286    program     extern C:\Work\Titan\Microchip\TCPIP Stack\TCP.c
                   TCPPut   0x0008d8    program     extern C:\Work\Titan\Microchip\TCPIP Stack\TCP.c
              TCPPutArray   0x0009d8    program     extern C:\Work\Titan\Microchip\TCPIP Stack\TCP.c
           TCPPutROMArray   0x000b7c    program     extern C:\Work\Titan\Microchip\TCPIP Stack\TCP.c
          TCPPutROMString   0x000d66    program     extern C:\Work\Titan\Microchip\TCPIP Stack\TCP.c
             TCPPutString   0x000d26    program     extern C:\Work\Titan\Microchip\TCPIP Stack\TCP.c
               TCPRAMCopy   0x004434    program     static C:\Work\Titan\Microchip\TCPIP Stack\TCP.c
            TCPRAMCopyROM   0x0044fc    program     static C:\Work\Titan\Microchip\TCPIP Stack\TCP.c
     TCPSocketInitializer   0x00eb26    program     extern C:\Work\Titan\Titan67j60_Soft\SecondProbe\Configs\TCPIP Titan_ETH67.h
                  TCPTick   0x001a54    program     extern C:\Work\Titan\Microchip\TCPIP Stack\TCP.c
              TCPWasReset   0x00064a    program     extern C:\Work\Titan\Microchip\TCPIP Stack\TCP.c
TickConvertToMilliseconds   0x00e696    program     extern C:\Work\Titan\Microchip\TCPIP Stack\Tick.c
                  TickGet   0x00e624    program     extern C:\Work\Titan\Microchip\TCPIP Stack\Tick.c
            TickGetDiv256   0x00e64a    program     extern C:\Work\Titan\Microchip\TCPIP Stack\Tick.c
            TickGetDiv64K   0x00e670    program     extern C:\Work\Titan\Microchip\TCPIP Stack\Tick.c
                 TickInit   0x00e5ee    program     extern C:\Work\Titan\Microchip\TCPIP Stack\Tick.c
               TickUpdate   0x00e6c4    program     extern C:\Work\Titan\Microchip\TCPIP Stack\Tick.c
                 UDPClose   0x009300    program     extern C:\Work\Titan\Microchip\TCPIP Stack\UDP.c
               UDPDiscard   0x0098e6    program     extern C:\Work\Titan\Microchip\TCPIP Stack\UDP.c
                 UDPFlush   0x009642    program     extern C:\Work\Titan\Microchip\TCPIP Stack\UDP.c
                   UDPGet   0x009838    program     extern C:\Work\Titan\Microchip\TCPIP Stack\UDP.c
              UDPGetArray   0x00986c    program     extern C:\Work\Titan\Microchip\TCPIP Stack\UDP.c
                  UDPInit   0x008c98    program     extern C:\Work\Titan\Microchip\TCPIP Stack\UDP.c
            UDPIsGetReady   0x0097fa    program     extern C:\Work\Titan\Microchip\TCPIP Stack\UDP.c
              UDPIsOpened   0x0092d2    program     extern C:\Work\Titan\Microchip\TCPIP Stack\UDP.c
            UDPIsPutReady   0x0093d8    program     extern C:\Work\Titan\Microchip\TCPIP Stack\UDP.c
                UDPOpenEx   0x008cb4    program     extern C:\Work\Titan\Microchip\TCPIP Stack\UDP.c
               UDPProcess   0x009900    program     extern C:\Work\Titan\Microchip\TCPIP Stack\UDP.c
                   UDPPut   0x009442    program     extern C:\Work\Titan\Microchip\TCPIP Stack\UDP.c
              UDPPutArray   0x00948c    program     extern C:\Work\Titan\Microchip\TCPIP Stack\UDP.c
           UDPPutROMArray   0x00951a    program     extern C:\Work\Titan\Microchip\TCPIP Stack\UDP.c
          UDPPutROMString   0x0095e8    program     extern C:\Work\Titan\Microchip\TCPIP Stack\UDP.c
             UDPPutString   0x0095ac    program     extern C:\Work\Titan\Microchip\TCPIP Stack\UDP.c
           UDPSetRxBuffer   0x0093b6    program     extern C:\Work\Titan\Microchip\TCPIP Stack\UDP.c
           UDPSetTxBuffer   0x009368    program     extern C:\Work\Titan\Microchip\TCPIP Stack\UDP.c
                  UDPTask   0x008eda    program     extern C:\Work\Titan\Microchip\TCPIP Stack\UDP.c
              WritePHYReg   0x00c8a6    program     extern C:\Work\Titan\Microchip\TCPIP Stack\ETH97J60.c
                  _14jEnd   0x00e5b6    program     static E:\3.46\pic18-lt\cxx-framework\src\traditional\stdclib\atol.asm
              _2jContinue   0x00db24    program     static E:\3.46\pic18-lt\cxx-framework\src\traditional\stdclib\memset.asm
                   _2jEnd   0x00dc26    program     static E:\3.46\pic18-lt\cxx-framework\src\traditional\stdclib\slenpgm.asm
              _3jContinue   0x00daf0    program     static E:\3.46\pic18-lt\cxx-framework\src\traditional\stdclib\mcpyp2r.asm
              _3jContinue   0x00da54    program     static E:\3.46\pic18-lt\cxx-framework\src\traditional\stdclib\mcmpp2r.asm
                   _3jEnd   0x00db2e    program     static E:\3.46\pic18-lt\cxx-framework\src\traditional\stdclib\memset.asm
              _4jContinue   0x00da9c    program     static E:\3.46\pic18-lt\cxx-framework\src\traditional\stdclib\memcpy.asm
              _4jContinue   0x00dc70    program     static E:\3.46\pic18-lt\cxx-framework\src\traditional\stdclib\strncpy.asm
              _4jContinue   0x00da04    program     static E:\3.46\pic18-lt\cxx-framework\src\traditional\stdclib\memcmp.asm
                   _4jEnd   0x00da5e    program     static E:\3.46\pic18-lt\cxx-framework\src\traditional\stdclib\mcmpp2r.asm
                   _4jEnd   0x00dafa    program     static E:\3.46\pic18-lt\cxx-framework\src\traditional\stdclib\mcpyp2r.asm
                   _5jEnd   0x00da0e    program     static E:\3.46\pic18-lt\cxx-framework\src\traditional\stdclib\memcmp.asm
                   _5jEnd   0x00dc7a    program     static E:\3.46\pic18-lt\cxx-framework\src\traditional\stdclib\strncpy.asm
                   _5jEnd   0x00daa6    program     static E:\3.46\pic18-lt\cxx-framework\src\traditional\stdclib\memcpy.asm
             _DHCPReceive   0x00a484    program     static C:\Work\Titan\Microchip\TCPIP Stack\DHCP.c
                _DHCPSend   0x00a882    program     static C:\Work\Titan\Microchip\TCPIP Stack\DHCP.c
           _LoadFATRecord   0x007674    program     static C:\Work\Titan\Microchip\TCPIP Stack\MPFS2.c
                _Validate   0x007cbc    program     static C:\Work\Titan\Microchip\TCPIP Stack\MPFS2.c
           ___do_lbl00002   0x00e61c    program     static                          
           ___do_lbl00003   0x00e620    program     static                          
           ___do_lbl00004   0x00e5fe    program     static                          
          ___for_lbl00101   0x00b3ba    program     static                          
          ___for_lbl00102   0x00b3c2    program     static                          
          ___for_lbl00103   0x00b39e    program     static                          
          ___for_lbl00104   0x00b3d8    program     static                          
          ___for_lbl00105   0x00b3de    program     static                          
          ___for_lbl00106   0x00b3c2    program     static                          
           ___if_lbl00014   0x00ac72    program     static                          
           ___if_lbl00015   0x00ac88    program     static                          
           ___if_lbl00016   0x00acda    program     static                          
           ___if_lbl00017   0x00ace2    program     static                          
           ___if_lbl00020   0x00c228    program     static                          
           ___if_lbl00021   0x00c238    program     static                          
           ___if_lbl00027   0x00c2c8    program     static                          
           ___if_lbl00030   0x00c32e    program     static                          
       ___return_lbl00000   0x00eab0    program     static                          
       ___return_lbl00000   0x00e9f8    program     static                          
       ___return_lbl00000   0x000004    program     static                          
       ___return_lbl00000   0x00eadc    program     static                          
       ___return_lbl00000   0x00c0b8    program     static                          
       ___return_lbl00001   0x00e622    program     static                          
       ___return_lbl00001   0x00eb24    program     static                          
       ___return_lbl00002   0x00001c    program     static                          
       ___return_lbl00002   0x00e916    program     static                          
       ___return_lbl00003   0x00000c    program     static                          
       ___return_lbl00009   0x00ad0a    program     static                          
       ___return_lbl00019   0x00c336    program     static                          
       ___return_lbl00079   0x00c806    program     static                          
       ___return_lbl00080   0x00c838    program     static                          
       ___return_lbl00083   0x00c874    program     static                          
       ___return_lbl00086   0x00c8a4    program     static                          
       ___return_lbl00089   0x00c8d4    program     static                          
       ___return_lbl00100   0x00b3f0    program     static                          
        ___while_lbl00001   0x00bfd2    program     static                          
        ___while_lbl00002   0x00bfd8    program     static                          
        ___while_lbl00010   0x00ac0c    program     static                          
        ___while_lbl00011   0x00ace4    program     static                          
        ___while_lbl00012   0x00ac14    program     static                          
        ___while_lbl00013   0x00ac18    program     static                          
        ___while_lbl00081   0x00c808    program     static                          
        ___while_lbl00082   0x00c838    program     static                          
        ___while_lbl00084   0x00c83a    program     static                          
        ___while_lbl00085   0x00c874    program     static                          
        ___while_lbl00087   0x00c884    program     static                          
        ___while_lbl00088   0x00c88a    program     static                          
        ___while_lbl00090   0x00c8ce    program     static                          
        ___while_lbl00091   0x00c8d4    program     static                          
               __config_0   0x01fff8    program     static C:\Work\Titan\Titan67j60_Soft\SecondProbe\MainTitan.c
               __config_1   0x01fffa    program     static C:\Work\Titan\Titan67j60_Soft\SecondProbe\MainTitan.c
               __config_2   0x01fffd    program     static C:\Work\Titan\Titan67j60_Soft\SecondProbe\MainTitan.c
                   __init   0x01fff6    program     extern E:\3.46\pic18-lt\cxx-framework\src\traditional\stdclib\__init.c
               __string_0   0x00cd87    program     static C:\Work\Titan\Titan67j60_Soft\SecondProbe\MainTitan.c
               __string_0   0x00cd58    program     static C:\Work\Titan\Microchip\TCPIP Stack\MPFS2.c
               __string_0   0x00cd81    program     static C:\Work\Titan\Titan67j60_Soft\SecondProbe\CustomHTTPApp.c
               __string_0   0x00cd4d    program     static C:\Work\Titan\Microchip\TCPIP Stack\HTTP2.c
               __string_0   0x00cd5f    program     static C:\Work\Titan\Microchip\TCPIP Stack\SNTP.c
               __string_1   0x00cd6c    program     static C:\Work\Titan\Titan67j60_Soft\SecondProbe\CustomHTTPApp.c
               __string_1   0x00cd42    program     static C:\Work\Titan\Microchip\TCPIP Stack\HTTP2.c
              __string_10   0x00cd20    program     static C:\Work\Titan\Microchip\TCPIP Stack\HTTP2.c
              __string_11   0x00cd1c    program     static C:\Work\Titan\Microchip\TCPIP Stack\HTTP2.c
              __string_12   0x00cd18    program     static C:\Work\Titan\Microchip\TCPIP Stack\HTTP2.c
              __string_13   0x00cd14    program     static C:\Work\Titan\Microchip\TCPIP Stack\HTTP2.c
              __string_14   0x00cd10    program     static C:\Work\Titan\Microchip\TCPIP Stack\HTTP2.c
              __string_15   0x00cd0c    program     static C:\Work\Titan\Microchip\TCPIP Stack\HTTP2.c
              __string_16   0x00cd01    program     static C:\Work\Titan\Microchip\TCPIP Stack\HTTP2.c
              __string_17   0x00ccf7    program     static C:\Work\Titan\Microchip\TCPIP Stack\HTTP2.c
              __string_18   0x00ccee    program     static C:\Work\Titan\Microchip\TCPIP Stack\HTTP2.c
              __string_19   0x00cce5    program     static C:\Work\Titan\Microchip\TCPIP Stack\HTTP2.c
               __string_2   0x00cd3d    program     static C:\Work\Titan\Microchip\TCPIP Stack\HTTP2.c
              __string_20   0x00ccdb    program     static C:\Work\Titan\Microchip\TCPIP Stack\HTTP2.c
              __string_21   0x00ccd1    program     static C:\Work\Titan\Microchip\TCPIP Stack\HTTP2.c
              __string_22   0x00ccc6    program     static C:\Work\Titan\Microchip\TCPIP Stack\HTTP2.c
              __string_23   0x00ccb2    program     static C:\Work\Titan\Microchip\TCPIP Stack\HTTP2.c
              __string_24   0x00cca5    program     static C:\Work\Titan\Microchip\TCPIP Stack\HTTP2.c
              __string_25   0x00cca4    program     static C:\Work\Titan\Microchip\TCPIP Stack\HTTP2.c
              __string_26   0x00cc7f    program     static C:\Work\Titan\Microchip\TCPIP Stack\HTTP2.c
              __string_27   0x00cc21    program     static C:\Work\Titan\Microchip\TCPIP Stack\HTTP2.c
              __string_28   0x00cba0    program     static C:\Work\Titan\Microchip\TCPIP Stack\HTTP2.c
              __string_29   0x00cb5d    program     static C:\Work\Titan\Microchip\TCPIP Stack\HTTP2.c
              __string_30   0x00caf0    program     static C:\Work\Titan\Microchip\TCPIP Stack\HTTP2.c
              __string_31   0x00ca80    program     static C:\Work\Titan\Microchip\TCPIP Stack\HTTP2.c
              __string_32   0x00ca1a    program     static C:\Work\Titan\Microchip\TCPIP Stack\HTTP2.c
              __string_33   0x00c9e8    program     static C:\Work\Titan\Microchip\TCPIP Stack\HTTP2.c
              __string_34   0x00c991    program     static C:\Work\Titan\Microchip\TCPIP Stack\HTTP2.c
              __string_35   0x00c989    program     static C:\Work\Titan\Microchip\TCPIP Stack\HTTP2.c
              __string_36   0x00c97a    program     static C:\Work\Titan\Microchip\TCPIP Stack\HTTP2.c
              __string_37   0x00c96a    program     static C:\Work\Titan\Microchip\TCPIP Stack\HTTP2.c
              __string_38   0x00c966    program     static C:\Work\Titan\Microchip\TCPIP Stack\HTTP2.c
              __string_39   0x00c961    program     static C:\Work\Titan\Microchip\TCPIP Stack\HTTP2.c
               __string_4   0x00cd39    program     static C:\Work\Titan\Microchip\TCPIP Stack\HTTP2.c
              __string_40   0x00c957    program     static C:\Work\Titan\Microchip\TCPIP Stack\HTTP2.c
              __string_41   0x00c944    program     static C:\Work\Titan\Microchip\TCPIP Stack\HTTP2.c
              __string_42   0x00c935    program     static C:\Work\Titan\Microchip\TCPIP Stack\HTTP2.c
              __string_43   0x00c91c    program     static C:\Work\Titan\Microchip\TCPIP Stack\HTTP2.c
              __string_44   0x00c90c    program     static C:\Work\Titan\Microchip\TCPIP Stack\HTTP2.c
              __string_45   0x00c903    program     static C:\Work\Titan\Microchip\TCPIP Stack\HTTP2.c
              __string_46   0x00c8fa    program     static C:\Work\Titan\Microchip\TCPIP Stack\HTTP2.c
              __string_47   0x00c8f6    program     static C:\Work\Titan\Microchip\TCPIP Stack\HTTP2.c
               __string_5   0x00cd35    program     static C:\Work\Titan\Microchip\TCPIP Stack\HTTP2.c
               __string_6   0x00cd30    program     static C:\Work\Titan\Microchip\TCPIP Stack\HTTP2.c
               __string_7   0x00cd2c    program     static C:\Work\Titan\Microchip\TCPIP Stack\HTTP2.c
               __string_8   0x00cd28    program     static C:\Work\Titan\Microchip\TCPIP Stack\HTTP2.c
               __string_9   0x00cd24    program     static C:\Work\Titan\Microchip\TCPIP Stack\HTTP2.c
               __tmplbl_0   0x00ac52    program     static                          
              __tmplbl_10   0x00c290    program     static                          
              __tmplbl_11   0x00c28e    program     static                          
              __tmplbl_12   0x00c322    program     static                          
              __tmplbl_13   0x00c314    program     static                          
             __tmplbl_138   0x0041c4    program     static                          
              __tmplbl_14   0x00c31a    program     static                          
             __tmplbl_140   0x0041c4    program     static                          
             __tmplbl_142   0x0041c4    program     static                          
             __tmplbl_144   0x0041c4    program     static                          
             __tmplbl_146   0x0041c4    program     static                          
             __tmplbl_149   0x0041c4    program     static                          
             __tmplbl_157   0x0041c4    program     static                          
             __tmplbl_158   0x0041c4    program     static                          
             __tmplbl_160   0x0041c4    program     static                          
             __tmplbl_162   0x0041c4    program     static                          
             __tmplbl_163   0x0041c4    program     static                          
              __tmplbl_32   0x005d68    program     static                          
              __tmplbl_33   0x005cee    program     static                          
              __tmplbl_34   0x005c84    program     static                          
              __tmplbl_35   0x005c3c    program     static                          
              __tmplbl_36   0x005802    program     static                          
              __tmplbl_37   0x005796    program     static                          
              __tmplbl_38   0x0055ac    program     static                          
              __tmplbl_38   0x009c9a    program     static                          
              __tmplbl_39   0x005586    program     static                          
              __tmplbl_40   0x005524    program     static                          
              __tmplbl_42   0x005dc4    program     static                          
              __tmplbl_43   0x005dc4    program     static                          
              __tmplbl_44   0x005dc4    program     static                          
              __tmplbl_45   0x005dc4    program     static                          
              __tmplbl_46   0x005dc4    program     static                          
              __tmplbl_49   0x005dc4    program     static                          
               __tmplbl_5   0x00c2c6    program     static                          
              __tmplbl_50   0x005dc4    program     static                          
              __tmplbl_51   0x005dc4    program     static                          
              __tmplbl_52   0x005dc4    program     static                          
              __tmplbl_56   0x004956    program     static                          
               __tmplbl_6   0x00c2bc    program     static                          
               __tmplbl_7   0x00c2ae    program     static                          
               __tmplbl_8   0x00c2a4    program     static                          
               __tmplbl_9   0x00c29a    program     static                          
            __zero_memory   0x00eade    program     extern E:\3.46\pic18-lt\cxx-framework\src\traditional\proc\p18f67j60.asm
                _do_cinit   0x00e87a    program     extern E:\3.46\pic18-lt\cxx-framework\src\traditional\startup\c018i.c
                   _entry   0x000000    program     extern E:\3.46\pic18-lt\cxx-framework\src\traditional\startup\c018i.c
                   _false   0x00eaac    program     static                          
                 _startup   0x00eb0a    program     extern E:\3.46\pic18-lt\cxx-framework\src\traditional\startup\c018i.c
                     atol   0x00e498    program     extern E:\3.46\pic18-lt\cxx-framework\src\traditional\stdclib\atol.asm
             btohexa_high   0x00b180    program     extern C:\Work\Titan\Microchip\TCPIP Stack\Helpers.c
              btohexa_low   0x00b19e    program     extern C:\Work\Titan\Microchip\TCPIP Stack\Helpers.c
                compare_l   0x00eb00    program     static E:\3.46\pic18-lt\cxx-framework\src\traditional\proc\p18f67j60.asm
                copy_loop   0x00e8ec    program     static                          
            copy_one_byte   0x00e8f2    program     static                          
                     done   0x00e916    program     static                          
             done_copying   0x00e900    program     static                          
                  endloop   0x00ead8    program     static                          
                  hexatob   0x00b140    program     extern C:\Work\Titan\Microchip\TCPIP Stack\Helpers.c
         httpContentTypes   0x00e93f    program     static C:\Work\Titan\Microchip\TCPIP Stack\HTTP2.c
       httpFileExtensions   0x00e91b    program     static C:\Work\Titan\Microchip\TCPIP Stack\HTTP2.c
                     jEnd   0x00dcc0    program     static E:\3.46\pic18-lt\cxx-framework\src\traditional\stdclib\strupr.asm
                     jEnd   0x00dc86    program     static E:\3.46\pic18-lt\cxx-framework\src\traditional\stdclib\strncpy.asm
                     jEnd   0x00dc28    program     static E:\3.46\pic18-lt\cxx-framework\src\traditional\stdclib\slenpgm.asm
                     jEnd   0x00dbf0    program     static E:\3.46\pic18-lt\cxx-framework\src\traditional\stdclib\strlen.asm
                     jEnd   0x00dbd4    program     static E:\3.46\pic18-lt\cxx-framework\src\traditional\stdclib\scpyp2r.asm
                     jEnd   0x00dba2    program     static E:\3.46\pic18-lt\cxx-framework\src\traditional\stdclib\scmpp2r.asm
                     jEnd   0x00db62    program     static E:\3.46\pic18-lt\cxx-framework\src\traditional\stdclib\strcmp.asm
                     jEnd   0x00db36    program     static E:\3.46\pic18-lt\cxx-framework\src\traditional\stdclib\memset.asm
                     jEnd   0x00db02    program     static E:\3.46\pic18-lt\cxx-framework\src\traditional\stdclib\mcpyp2r.asm
                     jEnd   0x00daac    program     static E:\3.46\pic18-lt\cxx-framework\src\traditional\stdclib\memcpy.asm
                     jEnd   0x00da66    program     static E:\3.46\pic18-lt\cxx-framework\src\traditional\stdclib\mcmpp2r.asm
                     jEnd   0x00da14    program     static E:\3.46\pic18-lt\cxx-framework\src\traditional\stdclib\memcmp.asm
                     jEnd   0x00e5b6    program     static E:\3.46\pic18-lt\cxx-framework\src\traditional\stdclib\atol.asm
                 jEndLoop   0x00e586    program     static E:\3.46\pic18-lt\cxx-framework\src\traditional\stdclib\atol.asm
                    jLoop   0x00dbe6    program     static E:\3.46\pic18-lt\cxx-framework\src\traditional\stdclib\strlen.asm
                    jLoop   0x00dbca    program     static E:\3.46\pic18-lt\cxx-framework\src\traditional\stdclib\scpyp2r.asm
                    jLoop   0x00db96    program     static E:\3.46\pic18-lt\cxx-framework\src\traditional\stdclib\scmpp2r.asm
                    jLoop   0x00dc10    program     static E:\3.46\pic18-lt\cxx-framework\src\traditional\stdclib\slenpgm.asm
                    jLoop   0x00db58    program     static E:\3.46\pic18-lt\cxx-framework\src\traditional\stdclib\strcmp.asm
                    jLoop   0x00e4f8    program     static E:\3.46\pic18-lt\cxx-framework\src\traditional\stdclib\atol.asm
                    jLoop   0x00db18    program     static E:\3.46\pic18-lt\cxx-framework\src\traditional\stdclib\memset.asm
                    jLoop   0x00dc64    program     static E:\3.46\pic18-lt\cxx-framework\src\traditional\stdclib\strncpy.asm
                    jLoop   0x00dae4    program     static E:\3.46\pic18-lt\cxx-framework\src\traditional\stdclib\mcpyp2r.asm
                    jLoop   0x00d9f8    program     static E:\3.46\pic18-lt\cxx-framework\src\traditional\stdclib\memcmp.asm
                    jLoop   0x00da48    program     static E:\3.46\pic18-lt\cxx-framework\src\traditional\stdclib\mcmpp2r.asm
                    jLoop   0x00da90    program     static E:\3.46\pic18-lt\cxx-framework\src\traditional\stdclib\memcpy.asm
                    jLoop   0x00dcac    program     static E:\3.46\pic18-lt\cxx-framework\src\traditional\stdclib\strupr.asm
                    jSkip   0x00dcbc    program     static E:\3.46\pic18-lt\cxx-framework\src\traditional\stdclib\strupr.asm
                  jSkipWS   0x00e4ce    program     static E:\3.46\pic18-lt\cxx-framework\src\traditional\stdclib\atol.asm
                 jSkipWS1   0x00e4e0    program     static E:\3.46\pic18-lt\cxx-framework\src\traditional\stdclib\atol.asm
                 jTstSign   0x00e4e4    program     static E:\3.46\pic18-lt\cxx-framework\src\traditional\stdclib\atol.asm
                jTstSign1   0x00e4f0    program     static E:\3.46\pic18-lt\cxx-framework\src\traditional\stdclib\atol.asm
                jTstSign2   0x00e4f6    program     static E:\3.46\pic18-lt\cxx-framework\src\traditional\stdclib\atol.asm
                jTstSign3   0x00e4f8    program     static E:\3.46\pic18-lt\cxx-framework\src\traditional\stdclib\atol.asm
          leftRotateDWORD   0x00b38a    program     extern C:\Work\Titan\Microchip\TCPIP Stack\Helpers.c
                     loop   0x00eabc    program     static                          
                     loop   0x00eb1a    program     static                          
                     loop   0x00ea78    program     static                          
                   loop_h   0x00eaf8    program     static E:\3.46\pic18-lt\cxx-framework\src\traditional\proc\p18f67j60.asm
                   loop_l   0x00eb02    program     static E:\3.46\pic18-lt\cxx-framework\src\traditional\proc\p18f67j60.asm
                     main   0x00dda2    program     extern C:\Work\Titan\Titan67j60_Soft\SecondProbe\MainTitan.c
                   memcmp   0x00d9d8    program     extern E:\3.46\pic18-lt\cxx-framework\src\traditional\stdclib\memcmp.asm
            memcmppgm2ram   0x00da2a    program     extern E:\3.46\pic18-lt\cxx-framework\src\traditional\stdclib\mcmpp2r.asm
                   memcpy   0x00da68    program     extern E:\3.46\pic18-lt\cxx-framework\src\traditional\stdclib\memcpy.asm
            memcpypgm2ram   0x00dabe    program     extern E:\3.46\pic18-lt\cxx-framework\src\traditional\stdclib\mcpyp2r.asm
                   memset   0x00db04    program     extern E:\3.46\pic18-lt\cxx-framework\src\traditional\stdclib\memset.asm
                   strcmp   0x00db38    program     extern E:\3.46\pic18-lt\cxx-framework\src\traditional\stdclib\strcmp.asm
            strcmppgm2ram   0x00db78    program     extern E:\3.46\pic18-lt\cxx-framework\src\traditional\stdclib\scmpp2r.asm
            strcpypgm2ram   0x00dba4    program     extern E:\3.46\pic18-lt\cxx-framework\src\traditional\stdclib\scpyp2r.asm
           stricmppgm2ram   0x00b1ba    program     extern C:\Work\Titan\Microchip\TCPIP Stack\Helpers.c
                   strlen   0x00dbd6    program     extern E:\3.46\pic18-lt\cxx-framework\src\traditional\stdclib\strlen.asm
                strlenpgm   0x00dbf2    program     extern E:\3.46\pic18-lt\cxx-framework\src\traditional\stdclib\slenpgm.asm
                  strnchr   0x00b456    program     extern C:\Work\Titan\Microchip\TCPIP Stack\Helpers.c
                  strncpy   0x00dc3c    program     extern E:\3.46\pic18-lt\cxx-framework\src\traditional\stdclib\strncpy.asm
                strncpy_m   0x00b4b0    program     extern C:\Work\Titan\Microchip\TCPIP Stack\Helpers.c
                   strupr   0x00dc98    program     extern E:\3.46\pic18-lt\cxx-framework\src\traditional\stdclib\strupr.asm
                    swapl   0x00b282    program     extern C:\Work\Titan\Microchip\TCPIP Stack\Helpers.c
                    swaps   0x00b262    program     extern C:\Work\Titan\Microchip\TCPIP Stack\Helpers.c
                     test   0x00e894    program     static                          
                    uitoa   0x00b07a    program     extern C:\Work\Titan\Microchip\TCPIP Stack\Helpers.c
               zero_block   0x00eaf8    program     static E:\3.46\pic18-lt\cxx-framework\src\traditional\proc\p18f67j60.asm
                   ADCON0   0x000fc2       data     extern E:\3.46\pic18-lt\cxx-framework\src\traditional\proc\p18f67j60.asm
               ADCON0Save   0x000c0f       data     static C:\Work\Titan\Microchip\TCPIP Stack\Helpers.c
               ADCON0bits   0x000fc2       data     extern E:\3.46\pic18-lt\cxx-framework\src\traditional\proc\p18f67j60.asm
                   ADCON1   0x000fc1       data     extern E:\3.46\pic18-lt\cxx-framework\src\traditional\proc\p18f67j60.asm
               ADCON1bits   0x000fc1       data     extern E:\3.46\pic18-lt\cxx-framework\src\traditional\proc\p18f67j60.asm
                   ADCON2   0x000fc0       data     extern E:\3.46\pic18-lt\cxx-framework\src\traditional\proc\p18f67j60.asm
               ADCON2Save   0x000c10       data     static C:\Work\Titan\Microchip\TCPIP Stack\Helpers.c
               ADCON2bits   0x000fc0       data     extern E:\3.46\pic18-lt\cxx-framework\src\traditional\proc\p18f67j60.asm
                    ADRES   0x000fc3       data     extern E:\3.46\pic18-lt\cxx-framework\src\traditional\proc\p18f67j60.asm
                   ADRESH   0x000fc4       data     extern E:\3.46\pic18-lt\cxx-framework\src\traditional\proc\p18f67j60.asm
                   ADRESL   0x000fc3       data     extern E:\3.46\pic18-lt\cxx-framework\src\traditional\proc\p18f67j60.asm
                AN0String   0x000f35       data     extern C:\Work\Titan\Titan67j60_Soft\SecondProbe\MainTitan.c
                AppConfig   0x000f00       data     extern C:\Work\Titan\Titan67j60_Soft\SecondProbe\MainTitan.c
               AsciiChars   0x00034d       data     static C:\Work\Titan\Microchip\TCPIP Stack\Helpers.c
                  BAUDCON   0x000f7e       data     extern E:\3.46\pic18-lt\cxx-framework\src\traditional\proc\p18f67j60.asm
                 BAUDCON1   0x000f7e       data     extern E:\3.46\pic18-lt\cxx-framework\src\traditional\proc\p18f67j60.asm
             BAUDCON1bits   0x000f7e       data     extern E:\3.46\pic18-lt\cxx-framework\src\traditional\proc\p18f67j60.asm
              BAUDCONbits   0x000f7e       data     extern E:\3.46\pic18-lt\cxx-framework\src\traditional\proc\p18f67j60.asm
                  BAUDCTL   0x000f7e       data     extern E:\3.46\pic18-lt\cxx-framework\src\traditional\proc\p18f67j60.asm
                 BAUDCTL1   0x000f7e       data     extern E:\3.46\pic18-lt\cxx-framework\src\traditional\proc\p18f67j60.asm
             BAUDCTL1bits   0x000f7e       data     extern E:\3.46\pic18-lt\cxx-framework\src\traditional\proc\p18f67j60.asm
              BAUDCTLbits   0x000f7e       data     extern E:\3.46\pic18-lt\cxx-framework\src\traditional\proc\p18f67j60.asm
                      BSR   0x000fe0       data     extern E:\3.46\pic18-lt\cxx-framework\src\traditional\proc\p18f67j60.asm
                   Buffer   0x00034b       data     static C:\Work\Titan\Microchip\TCPIP Stack\Helpers.c
                  CCP1CON   0x000fbd       data     extern E:\3.46\pic18-lt\cxx-framework\src\traditional\proc\p18f67j60.asm
              CCP1CONbits   0x000fbd       data     extern E:\3.46\pic18-lt\cxx-framework\src\traditional\proc\p18f67j60.asm
                  CCP2CON   0x000fba       data     extern E:\3.46\pic18-lt\cxx-framework\src\traditional\proc\p18f67j60.asm
              CCP2CONbits   0x000fba       data     extern E:\3.46\pic18-lt\cxx-framework\src\traditional\proc\p18f67j60.asm
                  CCP3CON   0x000fb7       data     extern E:\3.46\pic18-lt\cxx-framework\src\traditional\proc\p18f67j60.asm
              CCP3CONbits   0x000fb7       data     extern E:\3.46\pic18-lt\cxx-framework\src\traditional\proc\p18f67j60.asm
                  CCP4CON   0x000f73       data     extern E:\3.46\pic18-lt\cxx-framework\src\traditional\proc\p18f67j60.asm
              CCP4CONbits   0x000f73       data     extern E:\3.46\pic18-lt\cxx-framework\src\traditional\proc\p18f67j60.asm
                  CCP5CON   0x000f70       data     extern E:\3.46\pic18-lt\cxx-framework\src\traditional\proc\p18f67j60.asm
              CCP5CONbits   0x000f70       data     extern E:\3.46\pic18-lt\cxx-framework\src\traditional\proc\p18f67j60.asm
                    CCPR1   0x000fbe       data     extern E:\3.46\pic18-lt\cxx-framework\src\traditional\proc\p18f67j60.asm
                   CCPR1H   0x000fbf       data     extern E:\3.46\pic18-lt\cxx-framework\src\traditional\proc\p18f67j60.asm
                   CCPR1L   0x000fbe       data     extern E:\3.46\pic18-lt\cxx-framework\src\traditional\proc\p18f67j60.asm
                    CCPR2   0x000fbb       data     extern E:\3.46\pic18-lt\cxx-framework\src\traditional\proc\p18f67j60.asm
                   CCPR2H   0x000fbc       data     extern E:\3.46\pic18-lt\cxx-framework\src\traditional\proc\p18f67j60.asm
                   CCPR2L   0x000fbb       data     extern E:\3.46\pic18-lt\cxx-framework\src\traditional\proc\p18f67j60.asm
                    CCPR3   0x000fb8       data     extern E:\3.46\pic18-lt\cxx-framework\src\traditional\proc\p18f67j60.asm
                   CCPR3H   0x000fb9       data     extern E:\3.46\pic18-lt\cxx-framework\src\traditional\proc\p18f67j60.asm
                   CCPR3L   0x000fb8       data     extern E:\3.46\pic18-lt\cxx-framework\src\traditional\proc\p18f67j60.asm
                    CCPR4   0x000f74       data     extern E:\3.46\pic18-lt\cxx-framework\src\traditional\proc\p18f67j60.asm
                   CCPR4H   0x000f75       data     extern E:\3.46\pic18-lt\cxx-framework\src\traditional\proc\p18f67j60.asm
                   CCPR4L   0x000f74       data     extern E:\3.46\pic18-lt\cxx-framework\src\traditional\proc\p18f67j60.asm
                    CCPR5   0x000f71       data     extern E:\3.46\pic18-lt\cxx-framework\src\traditional\proc\p18f67j60.asm
                   CCPR5H   0x000f72       data     extern E:\3.46\pic18-lt\cxx-framework\src\traditional\proc\p18f67j60.asm
                   CCPR5L   0x000f71       data     extern E:\3.46\pic18-lt\cxx-framework\src\traditional\proc\p18f67j60.asm
                    CMCON   0x000fb4       data     extern E:\3.46\pic18-lt\cxx-framework\src\traditional\proc\p18f67j60.asm
                CMCONbits   0x000fb4       data     extern E:\3.46\pic18-lt\cxx-framework\src\traditional\proc\p18f67j60.asm
                   CVRCON   0x000fb5       data     extern E:\3.46\pic18-lt\cxx-framework\src\traditional\proc\p18f67j60.asm
               CVRCONbits   0x000fb5       data     extern E:\3.46\pic18-lt\cxx-framework\src\traditional\proc\p18f67j60.asm
                    Cache   0x000400       data     static C:\Work\Titan\Microchip\TCPIP Stack\ARP.c
             CalcChecksum   0x000c00       data     static C:\Work\Titan\Microchip\TCPIP Stack\IP.c
                 Checksum   0x000c6f       data     static C:\Work\Titan\Microchip\TCPIP Stack\ETH97J60.c
                 ChunkLen   0x000c73       data     static C:\Work\Titan\Microchip\TCPIP Stack\ETH97J60.c
                    Class   0x000c03       data     static C:\Work\Titan\Microchip\TCPIP Stack\NBNS.c
    CurrentPacketLocation   0x0003b0       data     static C:\Work\Titan\Microchip\TCPIP Stack\ETH97J60.c
                     DDRA   0x000f92       data     extern E:\3.46\pic18-lt\cxx-framework\src\traditional\proc\p18f67j60.asm
                 DDRAbits   0x000f92       data     extern E:\3.46\pic18-lt\cxx-framework\src\traditional\proc\p18f67j60.asm
                     DDRB   0x000f93       data     extern E:\3.46\pic18-lt\cxx-framework\src\traditional\proc\p18f67j60.asm
                 DDRBbits   0x000f93       data     extern E:\3.46\pic18-lt\cxx-framework\src\traditional\proc\p18f67j60.asm
                     DDRC   0x000f94       data     extern E:\3.46\pic18-lt\cxx-framework\src\traditional\proc\p18f67j60.asm
[...]
                 IPR1bits   0x000f9f       data     extern E:\3.46\pic18-lt\cxx-framework\src\traditional\proc\p18f67j60.asm
                     IPR1   0x000f9f       data     extern E:\3.46\pic18-lt\cxx-framework\src\traditional\proc\p18f67j60.asm
                     PIE2   0x000fa0       data     extern E:\3.46\pic18-lt\cxx-framework\src\traditional\proc\p18f67j60.asm
                 PIE2bits   0x000fa0       data     extern E:\3.46\pic18-lt\cxx-framework\src\traditional\proc\p18f67j60.asm
                     PIR2   0x000fa1       data     extern E:\3.46\pic18-lt\cxx-framework\src\traditional\proc\p18f67j60.asm
                 PIR2bits   0x000fa1       data     extern E:\3.46\pic18-lt\cxx-framework\src\traditional\proc\p18f67j60.asm
                 IPR2bits   0x000fa2       data     extern E:\3.46\pic18-lt\cxx-framework\src\traditional\proc\p18f67j60.asm
                     IPR2   0x000fa2       data     extern E:\3.46\pic18-lt\cxx-framework\src\traditional\proc\p18f67j60.asm
                     PIE3   0x000fa3       data     extern E:\3.46\pic18-lt\cxx-framework\src\traditional\proc\p18f67j60.asm
                 PIE3bits   0x000fa3       data     extern E:\3.46\pic18-lt\cxx-framework\src\traditional\proc\p18f67j60.asm
                 PIR3bits   0x000fa4       data     extern E:\3.46\pic18-lt\cxx-framework\src\traditional\proc\p18f67j60.asm
                     PIR3   0x000fa4       data     extern E:\3.46\pic18-lt\cxx-framework\src\traditional\proc\p18f67j60.asm
                     IPR3   0x000fa5       data     extern E:\3.46\pic18-lt\cxx-framework\src\traditional\proc\p18f67j60.asm
                 IPR3bits   0x000fa5       data     extern E:\3.46\pic18-lt\cxx-framework\src\traditional\proc\p18f67j60.asm
               EECON1bits   0x000fa6       data     extern E:\3.46\pic18-lt\cxx-framework\src\traditional\proc\p18f67j60.asm
                   EECON1   0x000fa6       data     extern E:\3.46\pic18-lt\cxx-framework\src\traditional\proc\p18f67j60.asm
                   EECON2   0x000fa7       data     extern E:\3.46\pic18-lt\cxx-framework\src\traditional\proc\p18f67j60.asm
                RCSTAbits   0x000fab       data     extern E:\3.46\pic18-lt\cxx-framework\src\traditional\proc\p18f67j60.asm
               RCSTA1bits   0x000fab       data     extern E:\3.46\pic18-lt\cxx-framework\src\traditional\proc\p18f67j60.asm
                   RCSTA1   0x000fab       data     extern E:\3.46\pic18-lt\cxx-framework\src\traditional\proc\p18f67j60.asm
                    RCSTA   0x000fab       data     extern E:\3.46\pic18-lt\cxx-framework\src\traditional\proc\p18f67j60.asm
                TXSTAbits   0x000fac       data     extern E:\3.46\pic18-lt\cxx-framework\src\traditional\proc\p18f67j60.asm
               TXSTA1bits   0x000fac       data     extern E:\3.46\pic18-lt\cxx-framework\src\traditional\proc\p18f67j60.asm
                   TXSTA1   0x000fac       data     extern E:\3.46\pic18-lt\cxx-framework\src\traditional\proc\p18f67j60.asm
                    TXSTA   0x000fac       data     extern E:\3.46\pic18-lt\cxx-framework\src\traditional\proc\p18f67j60.asm
                   TXREG1   0x000fad       data     extern E:\3.46\pic18-lt\cxx-framework\src\traditional\proc\p18f67j60.asm
                    TXREG   0x000fad       data     extern E:\3.46\pic18-lt\cxx-framework\src\traditional\proc\p18f67j60.asm
                    RCREG   0x000fae       data     extern E:\3.46\pic18-lt\cxx-framework\src\traditional\proc\p18f67j60.asm
                   RCREG1   0x000fae       data     extern E:\3.46\pic18-lt\cxx-framework\src\traditional\proc\p18f67j60.asm
                    SPBRG   0x000faf       data     extern E:\3.46\pic18-lt\cxx-framework\src\traditional\proc\p18f67j60.asm
                   SPBRG1   0x000faf       data     extern E:\3.46\pic18-lt\cxx-framework\src\traditional\proc\p18f67j60.asm
                    T3CON   0x000fb1       data     extern E:\3.46\pic18-lt\cxx-framework\src\traditional\proc\p18f67j60.asm
                T3CONbits   0x000fb1       data     extern E:\3.46\pic18-lt\cxx-framework\src\traditional\proc\p18f67j60.asm
                    TMR3L   0x000fb2       data     extern E:\3.46\pic18-lt\cxx-framework\src\traditional\proc\p18f67j60.asm
                    TMR3H   0x000fb3       data     extern E:\3.46\pic18-lt\cxx-framework\src\traditional\proc\p18f67j60.asm
                    CMCON   0x000fb4       data     extern E:\3.46\pic18-lt\cxx-framework\src\traditional\proc\p18f67j60.asm
                CMCONbits   0x000fb4       data     extern E:\3.46\pic18-lt\cxx-framework\src\traditional\proc\p18f67j60.asm
                   CVRCON   0x000fb5       data     extern E:\3.46\pic18-lt\cxx-framework\src\traditional\proc\p18f67j60.asm
               CVRCONbits   0x000fb5       data     extern E:\3.46\pic18-lt\cxx-framework\src\traditional\proc\p18f67j60.asm
                  ECCP1AS   0x000fb6       data     extern E:\3.46\pic18-lt\cxx-framework\src\traditional\proc\p18f67j60.asm
              ECCP1ASbits   0x000fb6       data     extern E:\3.46\pic18-lt\cxx-framework\src\traditional\proc\p18f67j60.asm
                 ECCP3CON   0x000fb7       data     extern E:\3.46\pic18-lt\cxx-framework\src\traditional\proc\p18f67j60.asm
             ECCP3CONbits   0x000fb7       data     extern E:\3.46\pic18-lt\cxx-framework\src\traditional\proc\p18f67j60.asm
                  CCP3CON   0x000fb7       data     extern E:\3.46\pic18-lt\cxx-framework\src\traditional\proc\p18f67j60.asm
              CCP3CONbits   0x000fb7       data     extern E:\3.46\pic18-lt\cxx-framework\src\traditional\proc\p18f67j60.asm
                    CCPR3   0x000fb8       data     extern E:\3.46\pic18-lt\cxx-framework\src\traditional\proc\p18f67j60.asm
                   CCPR3L   0x000fb8       data     extern E:\3.46\pic18-lt\cxx-framework\src\traditional\proc\p18f67j60.asm
                   CCPR3H   0x000fb9       data     extern E:\3.46\pic18-lt\cxx-framework\src\traditional\proc\p18f67j60.asm
             ECCP2CONbits   0x000fba       data     extern E:\3.46\pic18-lt\cxx-framework\src\traditional\proc\p18f67j60.asm
                 ECCP2CON   0x000fba       data     extern E:\3.46\pic18-lt\cxx-framework\src\traditional\proc\p18f67j60.asm
                  CCP2CON   0x000fba       data     extern E:\3.46\pic18-lt\cxx-framework\src\traditional\proc\p18f67j60.asm
              CCP2CONbits   0x000fba       data     extern E:\3.46\pic18-lt\cxx-framework\src\traditional\proc\p18f67j60.asm
                   CCPR2L   0x000fbb       data     extern E:\3.46\pic18-lt\cxx-framework\src\traditional\proc\p18f67j60.asm
                    CCPR2   0x000fbb       data     extern E:\3.46\pic18-lt\cxx-framework\src\traditional\proc\p18f67j60.asm
                   CCPR2H   0x000fbc       data     extern E:\3.46\pic18-lt\cxx-framework\src\traditional\proc\p18f67j60.asm
                  CCP1CON   0x000fbd       data     extern E:\3.46\pic18-lt\cxx-framework\src\traditional\proc\p18f67j60.asm
              CCP1CONbits   0x000fbd       data     extern E:\3.46\pic18-lt\cxx-framework\src\traditional\proc\p18f67j60.asm
                 ECCP1CON   0x000fbd       data     extern E:\3.46\pic18-lt\cxx-framework\src\traditional\proc\p18f67j60.asm
             ECCP1CONbits   0x000fbd       data     extern E:\3.46\pic18-lt\cxx-framework\src\traditional\proc\p18f67j60.asm
                    CCPR1   0x000fbe       data     extern E:\3.46\pic18-lt\cxx-framework\src\traditional\proc\p18f67j60.asm
                   CCPR1L   0x000fbe       data     extern E:\3.46\pic18-lt\cxx-framework\src\traditional\proc\p18f67j60.asm
                   CCPR1H   0x000fbf       data     extern E:\3.46\pic18-lt\cxx-framework\src\traditional\proc\p18f67j60.asm
               ADCON2bits   0x000fc0       data     extern E:\3.46\pic18-lt\cxx-framework\src\traditional\proc\p18f67j60.asm
                   ADCON2   0x000fc0       data     extern E:\3.46\pic18-lt\cxx-framework\src\traditional\proc\p18f67j60.asm
               ADCON1bits   0x000fc1       data     extern E:\3.46\pic18-lt\cxx-framework\src\traditional\proc\p18f67j60.asm
                   ADCON1   0x000fc1       data     extern E:\3.46\pic18-lt\cxx-framework\src\traditional\proc\p18f67j60.asm
               ADCON0bits   0x000fc2       data     extern E:\3.46\pic18-lt\cxx-framework\src\traditional\proc\p18f67j60.asm
                   ADCON0   0x000fc2       data     extern E:\3.46\pic18-lt\cxx-framework\src\traditional\proc\p18f67j60.asm
                   ADRESL   0x000fc3       data     extern E:\3.46\pic18-lt\cxx-framework\src\traditional\proc\p18f67j60.asm
                    ADRES   0x000fc3       data     extern E:\3.46\pic18-lt\cxx-framework\src\traditional\proc\p18f67j60.asm
                   ADRESH   0x000fc4       data     extern E:\3.46\pic18-lt\cxx-framework\src\traditional\proc\p18f67j60.asm
                 SSP1CON2   0x000fc5       data     extern E:\3.46\pic18-lt\cxx-framework\src\traditional\proc\p18f67j60.asm
             SSP1CON2bits   0x000fc5       data     extern E:\3.46\pic18-lt\cxx-framework\src\traditional\proc\p18f67j60.asm
              SSPCON2bits   0x000fc5       data     extern E:\3.46\pic18-lt\cxx-framework\src\traditional\proc\p18f67j60.asm
                  SSPCON2   0x000fc5       data     extern E:\3.46\pic18-lt\cxx-framework\src\traditional\proc\p18f67j60.asm
              SSPCON1bits   0x000fc6       data     extern E:\3.46\pic18-lt\cxx-framework\src\traditional\proc\p18f67j60.asm
                  SSPCON1   0x000fc6       data     extern E:\3.46\pic18-lt\cxx-framework\src\traditional\proc\p18f67j60.asm
             SSP1CON1bits   0x000fc6       data     extern E:\3.46\pic18-lt\cxx-framework\src\traditional\proc\p18f67j60.asm
                 SSP1CON1   0x000fc6       data     extern E:\3.46\pic18-lt\cxx-framework\src\traditional\proc\p18f67j60.asm
              SSPSTATbits   0x000fc7       data     extern E:\3.46\pic18-lt\cxx-framework\src\traditional\proc\p18f67j60.asm
                  SSPSTAT   0x000fc7       data     extern E:\3.46\pic18-lt\cxx-framework\src\traditional\proc\p18f67j60.asm
                 SSP1STAT   0x000fc7       data     extern E:\3.46\pic18-lt\cxx-framework\src\traditional\proc\p18f67j60.asm
             SSP1STATbits   0x000fc7       data     extern E:\3.46\pic18-lt\cxx-framework\src\traditional\proc\p18f67j60.asm
                   SSPADD   0x000fc8       data     extern E:\3.46\pic18-lt\cxx-framework\src\traditional\proc\p18f67j60.asm
                  SSP1ADD   0x000fc8       data     extern E:\3.46\pic18-lt\cxx-framework\src\traditional\proc\p18f67j60.asm
                   SSPBUF   0x000fc9       data     extern E:\3.46\pic18-lt\cxx-framework\src\traditional\proc\p18f67j60.asm
                  SSP1BUF   0x000fc9       data     extern E:\3.46\pic18-lt\cxx-framework\src\traditional\proc\p18f67j60.asm
                    T2CON   0x000fca       data     extern E:\3.46\pic18-lt\cxx-framework\src\traditional\proc\p18f67j60.asm
                T2CONbits   0x000fca       data     extern E:\3.46\pic18-lt\cxx-framework\src\traditional\proc\p18f67j60.asm
                      PR2   0x000fcb       data     extern E:\3.46\pic18-lt\cxx-framework\src\traditional\proc\p18f67j60.asm
                     TMR2   0x000fcc       data     extern E:\3.46\pic18-lt\cxx-framework\src\traditional\proc\p18f67j60.asm
                    T1CON   0x000fcd       data     extern E:\3.46\pic18-lt\cxx-framework\src\traditional\proc\p18f67j60.asm
                T1CONbits   0x000fcd       data     extern E:\3.46\pic18-lt\cxx-framework\src\traditional\proc\p18f67j60.asm
                    TMR1L   0x000fce       data     extern E:\3.46\pic18-lt\cxx-framework\src\traditional\proc\p18f67j60.asm
                    TMR1H   0x000fcf       data     extern E:\3.46\pic18-lt\cxx-framework\src\traditional\proc\p18f67j60.asm
                 RCONbits   0x000fd0       data     extern E:\3.46\pic18-lt\cxx-framework\src\traditional\proc\p18f67j60.asm
                     RCON   0x000fd0       data     extern E:\3.46\pic18-lt\cxx-framework\src\traditional\proc\p18f67j60.asm
                   WDTCON   0x000fd1       data     extern E:\3.46\pic18-lt\cxx-framework\src\traditional\proc\p18f67j60.asm
               WDTCONbits   0x000fd1       data     extern E:\3.46\pic18-lt\cxx-framework\src\traditional\proc\p18f67j60.asm
                    ECON1   0x000fd2       data     extern E:\3.46\pic18-lt\cxx-framework\src\traditional\proc\p18f67j60.asm
                ECON1bits   0x000fd2       data     extern E:\3.46\pic18-lt\cxx-framework\src\traditional\proc\p18f67j60.asm
                   OSCCON   0x000fd3       data     extern E:\3.46\pic18-lt\cxx-framework\src\traditional\proc\p18f67j60.asm
               OSCCONbits   0x000fd3       data     extern E:\3.46\pic18-lt\cxx-framework\src\traditional\proc\p18f67j60.asm
                    T0CON   0x000fd5       data     extern E:\3.46\pic18-lt\cxx-framework\src\traditional\proc\p18f67j60.asm
                T0CONbits   0x000fd5       data     extern E:\3.46\pic18-lt\cxx-framework\src\traditional\proc\p18f67j60.asm
                    TMR0L   0x000fd6       data     extern E:\3.46\pic18-lt\cxx-framework\src\traditional\proc\p18f67j60.asm
                    TMR0H   0x000fd7       data     extern E:\3.46\pic18-lt\cxx-framework\src\traditional\proc\p18f67j60.asm
               STATUSbits   0x000fd8       data     extern E:\3.46\pic18-lt\cxx-framework\src\traditional\proc\p18f67j60.asm
                   STATUS   0x000fd8       data     extern E:\3.46\pic18-lt\cxx-framework\src\traditional\proc\p18f67j60.asm
                    FSR2L   0x000fd9       data     extern E:\3.46\pic18-lt\cxx-framework\src\traditional\proc\p18f67j60.asm
                     FSR2   0x000fd9       data     extern E:\3.46\pic18-lt\cxx-framework\src\traditional\proc\p18f67j60.asm
                    FSR2H   0x000fda       data     extern E:\3.46\pic18-lt\cxx-framework\src\traditional\proc\p18f67j60.asm
                   PLUSW2   0x000fdb       data     extern E:\3.46\pic18-lt\cxx-framework\src\traditional\proc\p18f67j60.asm
                  PREINC2   0x000fdc       data     extern E:\3.46\pic18-lt\cxx-framework\src\traditional\proc\p18f67j60.asm
                 POSTDEC2   0x000fdd       data     extern E:\3.46\pic18-lt\cxx-framework\src\traditional\proc\p18f67j60.asm
                 POSTINC2   0x000fde       data     extern E:\3.46\pic18-lt\cxx-framework\src\traditional\proc\p18f67j60.asm
                    INDF2   0x000fdf       data     extern E:\3.46\pic18-lt\cxx-framework\src\traditional\proc\p18f67j60.asm
                      BSR   0x000fe0       data     extern E:\3.46\pic18-lt\cxx-framework\src\traditional\proc\p18f67j60.asm
                     FSR1   0x000fe1       data     extern E:\3.46\pic18-lt\cxx-framework\src\traditional\proc\p18f67j60.asm
                    FSR1L   0x000fe1       data     extern E:\3.46\pic18-lt\cxx-framework\src\traditional\proc\p18f67j60.asm
                    FSR1H   0x000fe2       data     extern E:\3.46\pic18-lt\cxx-framework\src\traditional\proc\p18f67j60.asm
                   PLUSW1   0x000fe3       data     extern E:\3.46\pic18-lt\cxx-framework\src\traditional\proc\p18f67j60.asm
                  PREINC1   0x000fe4       data     extern E:\3.46\pic18-lt\cxx-framework\src\traditional\proc\p18f67j60.asm
                 POSTDEC1   0x000fe5       data     extern E:\3.46\pic18-lt\cxx-framework\src\traditional\proc\p18f67j60.asm
                 POSTINC1   0x000fe6       data     extern E:\3.46\pic18-lt\cxx-framework\src\traditional\proc\p18f67j60.asm
                    INDF1   0x000fe7       data     extern E:\3.46\pic18-lt\cxx-framework\src\traditional\proc\p18f67j60.asm
                     WREG   0x000fe8       data     extern E:\3.46\pic18-lt\cxx-framework\src\traditional\proc\p18f67j60.asm
                     FSR0   0x000fe9       data     extern E:\3.46\pic18-lt\cxx-framework\src\traditional\proc\p18f67j60.asm
                    FSR0L   0x000fe9       data     extern E:\3.46\pic18-lt\cxx-framework\src\traditional\proc\p18f67j60.asm
                    FSR0H   0x000fea       data     extern E:\3.46\pic18-lt\cxx-framework\src\traditional\proc\p18f67j60.asm
                   PLUSW0   0x000feb       data     extern E:\3.46\pic18-lt\cxx-framework\src\traditional\proc\p18f67j60.asm
                  PREINC0   0x000fec       data     extern E:\3.46\pic18-lt\cxx-framework\src\traditional\proc\p18f67j60.asm
                 POSTDEC0   0x000fed       data     extern E:\3.46\pic18-lt\cxx-framework\src\traditional\proc\p18f67j60.asm
                 POSTINC0   0x000fee       data     extern E:\3.46\pic18-lt\cxx-framework\src\traditional\proc\p18f67j60.asm
                    INDF0   0x000fef       data     extern E:\3.46\pic18-lt\cxx-framework\src\traditional\proc\p18f67j60.asm
                  INTCON3   0x000ff0       data     extern E:\3.46\pic18-lt\cxx-framework\src\traditional\proc\p18f67j60.asm
              INTCON3bits   0x000ff0       data     extern E:\3.46\pic18-lt\cxx-framework\src\traditional\proc\p18f67j60.asm
              INTCON2bits   0x000ff1       data     extern E:\3.46\pic18-lt\cxx-framework\src\traditional\proc\p18f67j60.asm
                  INTCON2   0x000ff1       data     extern E:\3.46\pic18-lt\cxx-framework\src\traditional\proc\p18f67j60.asm
                   INTCON   0x000ff2       data     extern E:\3.46\pic18-lt\cxx-framework\src\traditional\proc\p18f67j60.asm
               INTCONbits   0x000ff2       data     extern E:\3.46\pic18-lt\cxx-framework\src\traditional\proc\p18f67j60.asm
                     PROD   0x000ff3       data     extern E:\3.46\pic18-lt\cxx-framework\src\traditional\proc\p18f67j60.asm
                    PRODL   0x000ff3       data     extern E:\3.46\pic18-lt\cxx-framework\src\traditional\proc\p18f67j60.asm
                    PRODH   0x000ff4       data     extern E:\3.46\pic18-lt\cxx-framework\src\traditional\proc\p18f67j60.asm
                   TABLAT   0x000ff5       data     extern E:\3.46\pic18-lt\cxx-framework\src\traditional\proc\p18f67j60.asm
                  TBLPTRL   0x000ff6       data     extern E:\3.46\pic18-lt\cxx-framework\src\traditional\proc\p18f67j60.asm
                   TBLPTR   0x000ff6       data     extern E:\3.46\pic18-lt\cxx-framework\src\traditional\proc\p18f67j60.asm
                  TBLPTRH   0x000ff7       data     extern E:\3.46\pic18-lt\cxx-framework\src\traditional\proc\p18f67j60.asm
                  TBLPTRU   0x000ff8       data     extern E:\3.46\pic18-lt\cxx-framework\src\traditional\proc\p18f67j60.asm
                       PC   0x000ff9       data     extern E:\3.46\pic18-lt\cxx-framework\src\traditional\proc\p18f67j60.asm
                      PCL   0x000ff9       data     extern E:\3.46\pic18-lt\cxx-framework\src\traditional\proc\p18f67j60.asm
                   PCLATH   0x000ffa       data     extern E:\3.46\pic18-lt\cxx-framework\src\traditional\proc\p18f67j60.asm
                   PCLATU   0x000ffb       data     extern E:\3.46\pic18-lt\cxx-framework\src\traditional\proc\p18f67j60.asm
               STKPTRbits   0x000ffc       data     extern E:\3.46\pic18-lt\cxx-framework\src\traditional\proc\p18f67j60.asm
                   STKPTR   0x000ffc       data     extern E:\3.46\pic18-lt\cxx-framework\src\traditional\proc\p18f67j60.asm
                      TOS   0x000ffd       data     extern E:\3.46\pic18-lt\cxx-framework\src\traditional\proc\p18f67j60.asm
                     TOSL   0x000ffd       data     extern E:\3.46\pic18-lt\cxx-framework\src\traditional\proc\p18f67j60.asm
                     TOSH   0x000ffe       data     extern E:\3.46\pic18-lt\cxx-framework\src\traditional\proc\p18f67j60.asm
                     TOSU   0x000fff       data     extern E:\3.46\pic18-lt\cxx-framework\src\traditional\proc\p18f67j60.asm


